<html>
<body>
<pre>
<h1>µVision Build Log</h1>
<h2>Tool Versions:</h2>
IDE-Version: ¦ÌVision V5.30.0.0
Copyright (C) 2020 ARM Ltd and ARM Germany GmbH. All rights reserved.
License Information: 1 jclocal 1 Flex license: MDK Professional 5.30 (Flex): 1 user(s) (mdk_pro) Support: Jul 2021
 
Tool Versions:
Toolchain:       MDK Professional 5.30 (Flex): 1 user(s)  Version: 5.30.0.0
Toolchain Path:  C:\Keil_v5\ARM\ARMCC\Bin
C Compiler:      Armcc.exe V5.06 update 6 (build 750)
Assembler:       Armasm.exe V5.06 update 6 (build 750)
Linker/Locator:  ArmLink.exe V5.06 update 6 (build 750)
Library Manager: ArmAr.exe V5.06 update 6 (build 750)
Hex Converter:   FromElf.exe V5.06 update 6 (build 750)
CPU DLL:         SARMCM3.DLL V5.30.0.0
Dialog DLL:      DCM.DLL V1.17.3.0
Target DLL:      STLink\ST-LINKIII-KEIL_SWO.dll V3.0.7.0
Dialog DLL:      TCM.DLL V1.42.0.0
 
<h2>Project:</h2>
D:\Desktop\LCD-DRIVERS\LCD_DRIVER_V2.0.0\MDK-ARM\LVGL-GUIDER.uvprojx
Project File Date:  04/01/2026

<h2>Output:</h2>
*** Using Compiler 'V5.06 update 6 (build 750)', folder: 'C:\Keil_v5\ARM\ARMCC\Bin'
Build target 'LVGL-GUIDER'
compiling stm32wbxx_ll_rcc.c...
compiling spi.c...
compiling tim.c...
compiling memorymap.c...
compiling stm32wbxx_hal_rcc.c...
compiling stm32wbxx_hal_msp.c...
compiling gpio.c...
compiling dma.c...
compiling stm32wbxx_it.c...
compiling stm32wbxx_hal_rcc_ex.c...
compiling stm32wbxx_hal_gpio.c...
compiling stm32wbxx_hal_flash.c...
compiling stm32wbxx_hal_flash_ex.c...
compiling main.c...
compiling stm32wbxx_hal_spi_ex.c...
compiling system_stm32wbxx.c...
compiling stm32wbxx_hal_hsem.c...
compiling stm32wbxx_hal_cortex.c...
compiling stm32wbxx_hal_exti.c...
compiling stm32wbxx_hal.c...
compiling stm32wbxx_hal_pwr.c...
compiling stm32wbxx_hal_dma_ex.c...
compiling stm32wbxx_hal_dma.c...
compiling stm32wbxx_hal_pwr_ex.c...
compiling lv_cmsis_pack.c...
compiling stm32wbxx_hal_tim_ex.c...
compiling mygui.c...
compiling lv_demos.c...
D:\Program Files\ArmPack\LVGL\lvgl\9.2.1\demos\lv_demos.c(98): warning:  #185-D: dynamic initialization in unreachable code
      const demo_entry_info_t * entry_info = NULL;
D:\Program Files\ArmPack\LVGL\lvgl\9.2.1\demos\lv_demos.c(134): warning:  #128-D: loop is not reachable
      LV_LOG("\nUsage: lv_demos demo [parameters]\n");
D:\Program Files\ArmPack\LVGL\lvgl\9.2.1\demos\lv_demos.c: 2 warnings, 0 errors
compiling stm32wbxx_hal_spi.c...
compiling lv_obj_class.c...
compiling lv_group.c...
compiling lv_obj_draw.c...
compiling lv_obj.c...
compiling lv_obj_event.c...
compiling lv_obj_id_builtin.c...
compiling stm32wbxx_hal_tim.c...
compiling lv_obj_property.c...
compiling lv_obj_style_gen.c...
compiling lv_obj_tree.c...
D:\Program Files\ArmPack\LVGL\lvgl\9.2.1\src\core\lv_obj_tree.c(433): warning:  #111-D: statement is unreachable
      return -1;
D:\Program Files\ArmPack\LVGL\lvgl\9.2.1\src\core\lv_obj_tree.c: 1 warning, 0 errors
compiling lv_obj_scroll.c...
compiling lv_obj_pos.c...
compiling lv_obj_style.c...
D:\Program Files\ArmPack\LVGL\lvgl\9.2.1\src\core\lv_obj_style.c(705): warning:  #191-D: type qualifier is meaningless on cast type
      const bool skip_trans = (const bool) obj->skip_trans;
D:\Program Files\ArmPack\LVGL\lvgl\9.2.1\src\core\lv_obj_style.c: 1 warning, 0 errors
compiling lv_draw_arc.c...
compiling lv_draw.c...
compiling lv_draw_buf.c...
D:\Program Files\ArmPack\LVGL\lvgl\9.2.1\src\draw\lv_draw_buf.c(216): warning:  #111-D: statement is unreachable
          return;
D:\Program Files\ArmPack\LVGL\lvgl\9.2.1\src\draw\lv_draw_buf.c: 1 warning, 0 errors
compiling lv_refr.c...
compiling lv_draw_image.c...
compiling lv_display.c...
compiling lv_draw_label.c...
compiling lv_draw_line.c...
compiling lv_draw_mask.c...
compiling lv_draw_vector.c...
compiling lv_draw_triangle.c...
compiling lv_draw_rect.c...
compiling lv_draw_sw_blend.c...
compiling lv_image_decoder.c...
compiling lv_draw_sw_blend_to_al88.c...
compiling lv_draw_sw_arc.c...
compiling lv_draw_sw_blend_to_argb8888.c...
compiling lv_draw_sw_blend_to_l8.c...
compiling lv_draw_sw_blend_to_i1.c...
compiling lv_draw_sw_border.c...
compiling lv_draw_sw.c...
compiling lv_draw_sw_blend_to_rgb565.c...
compiling lv_draw_sw_blend_to_rgb888.c...
compiling lv_draw_sw_fill.c...
compiling lv_draw_sw_box_shadow.c...
compiling lv_draw_sw_gradient.c...
compiling lv_draw_sw_img.c...
compiling lv_draw_sw_letter.c...
compiling lv_lcd_generic_mipi.c...
compiling lv_draw_sw_vector.c...
compiling lv_draw_sw_mask_rect.c...
compiling lv_draw_sw_triangle.c...
compiling lv_draw_sw_line.c...
compiling lv_evdev.c...
compiling lv_glfw_window.c...
compiling lv_draw_sw_transform.c...
compiling lv_draw_sw_mask.c...
compiling lv_opengles_debug.c...
compiling lcd.c...
..\Bsp\Lcd\lcd.c(310): warning:  #177-D: function "LCD_Address_Set_Fast"  was declared but never referenced
  static void LCD_Address_Set_Fast(uint16_t x1, uint16_t y1, uint16_t x2, uint16_t y2)
..\Bsp\Lcd\lcd.c: 1 warning, 0 errors
compiling lv_opengles_texture.c...
compiling lv_opengles_driver.c...
compiling lv_libinput.c...
compiling lv_xkb.c...
compiling lv_nuttx_fbdev.c...
compiling lv_nuttx_entry.c...
compiling lv_nuttx_cache.c...
compiling lv_nuttx_lcd.c...
compiling lv_nuttx_touchscreen.c...
compiling lv_qnx.c...
compiling lv_sdl_keyboard.c...
compiling lv_nuttx_image_cache.c...
compiling lv_sdl_mouse.c...
compiling lv_nuttx_libuv.c...
compiling lv_sdl_mousewheel.c...
compiling task.c...
compiling lv_sdl_window.c...
compiling lv_wayland_smm.c...
compiling lv_wayland.c...
compiling lv_x11_display.c...
compiling lv_x11_input.c...
compiling lv_font.c...
compiling lv_binfont_loader.c...
compiling lv_font_dejavu_16_persian_hebrew.c...
compiling lv_font_fmt_txt.c...
D:\Program Files\ArmPack\LVGL\lvgl\9.2.1\src\font\lv_font_fmt_txt.c(165): warning:  #111-D: statement is unreachable
      return NULL;
D:\Program Files\ArmPack\LVGL\lvgl\9.2.1\src\font\lv_font_fmt_txt.c: 1 warning, 0 errors
compiling lv_font_montserrat_12.c...
compiling lv_font_montserrat_10.c...
compiling lv_font_montserrat_20.c...
compiling lv_font_montserrat_24.c...
compiling lv_font_montserrat_18.c...
compiling lv_font_montserrat_22.c...
compiling lv_font_montserrat_14.c...
compiling lv_font_montserrat_16.c...
compiling lv_font_montserrat_26.c...
compiling lv_font_montserrat_28_compressed.c...
compiling lv_font_montserrat_28.c...
compiling lv_font_montserrat_30.c...
compiling lv_font_montserrat_32.c...
compiling lv_font_montserrat_34.c...
compiling lv_font_montserrat_36.c...
compiling lv_font_montserrat_38.c...
compiling lv_font_montserrat_40.c...
compiling lv_font_montserrat_42.c...
compiling lv_font_montserrat_46.c...
compiling lv_font_montserrat_44.c...
compiling lv_font_montserrat_48.c...
compiling lv_font_montserrat_8.c...
compiling lv_font_simsun_14_cjk.c...
compiling lv_font_simsun_16_cjk.c...
compiling lv_font_unscii_16.c...
compiling lv_font_unscii_8.c...
compiling lv_indev.c...
compiling lv_fs_cbfs.c...
D:\Program Files\ArmPack\LVGL\lvgl\9.2.1\src\libs\fsdrv\lv_fs_cbfs.c(7): warning:  #177-D: function "nothing"  was declared but never referenced
  IS_NOT_USED static void nothing(void)
D:\Program Files\ArmPack\LVGL\lvgl\9.2.1\src\libs\fsdrv\lv_fs_cbfs.c: 1 warning, 0 errors
compiling lv_layout.c...
compiling lv_cache_entry.c...
compiling lv_cache.c...
compiling lv_indev_scroll.c...
compiling lv_init.c...
compiling lv_flex.c...
compiling lv_grid.c...
compiling lv_bin_decoder.c...
D:\Program Files\ArmPack\LVGL\lvgl\9.2.1\src\libs\bin_decoder\lv_bin_decoder.c(1155): warning:  #111-D: statement is unreachable
      decoder_data->decompressed = decompressed; /*Free on decoder close*/
D:\Program Files\ArmPack\LVGL\lvgl\9.2.1\src\libs\bin_decoder\lv_bin_decoder.c: 1 warning, 0 errors
compiling lv_cache_lru_rb.c...
D:\Program Files\ArmPack\LVGL\lvgl\9.2.1\src\misc\cache\lv_cache_lru_rb.c(152): warning:  #546-D: transfer of control bypasses initialization of:
            variable "data"  (declared at line 154)
            variable "entry"  (declared at line 155)
            variable "lru_node"  (declared at line 158)
          goto FAILED_HANDLER2;
          ^
D:\Program Files\ArmPack\LVGL\lvgl\9.2.1\src\misc\cache\lv_cache_lru_rb.c: 1 warning, 0 errors
compiling lv_image_cache.c...
compiling lv_anim_timeline.c...
compiling lv_image_header_cache.c...
compiling lv_array.c...
compiling lv_async.c...
compiling lv_anim.c...
compiling lv_bidi.c...
compiling lv_area.c...
compiling lv_color_op.c...
compiling lv_color.c...
compiling lv_event.c...
compiling lv_fs.c...
compiling lv_ll.c...
compiling lv_log.c...
compiling lv_matrix.c...
compiling lv_palette.c...
compiling lv_lru.c...
D:\Program Files\ArmPack\LVGL\lvgl\9.2.1\src\misc\lv_lru.c(237): warning:  #68-D: integer conversion resulted in a change of sign
      uint32_t i = 0, min_index = -1;
D:\Program Files\ArmPack\LVGL\lvgl\9.2.1\src\misc\lv_lru.c(238): warning:  #68-D: integer conversion resulted in a change of sign
      uint64_t min_access_count = -1;
D:\Program Files\ArmPack\LVGL\lvgl\9.2.1\src\misc\lv_lru.c: 2 warnings, 0 errors
compiling lv_templ.c...
compiling lv_rb.c...
D:\Program Files\ArmPack\LVGL\lvgl\9.2.1\src\misc\lv_rb.c(429): warning:  #1293-D: assignment in condition
      while((parent = node->parent) && parent->color == LV_RB_COLOR_RED) {
D:\Program Files\ArmPack\LVGL\lvgl\9.2.1\src\misc\lv_rb.c: 1 warning, 0 errors
compiling lv_math.c...
compiling lv_style.c...
compiling lv_style_gen.c...
compiling lv_profiler_builtin.c...
compiling lv_utils.c...
compiling lv_text.c...
compiling lv_text_ap.c...
compiling lv_os_none.c...
D:\Program Files\ArmPack\LVGL\lvgl\9.2.1\src\osal\lv_os_none.c(48): warning:  #111-D: statement is unreachable
      return LV_RESULT_INVALID;
D:\Program Files\ArmPack\LVGL\lvgl\9.2.1\src\osal\lv_os_none.c(55): warning:  #111-D: statement is unreachable
      return LV_RESULT_INVALID;
D:\Program Files\ArmPack\LVGL\lvgl\9.2.1\src\osal\lv_os_none.c(92): warning:  #111-D: statement is unreachable
      return LV_RESULT_INVALID;
D:\Program Files\ArmPack\LVGL\lvgl\9.2.1\src\osal\lv_os_none.c(99): warning:  #111-D: statement is unreachable
      return LV_RESULT_INVALID;
D:\Program Files\ArmPack\LVGL\lvgl\9.2.1\src\osal\lv_os_none.c(106): warning:  #111-D: statement is unreachable
      return LV_RESULT_INVALID;
D:\Program Files\ArmPack\LVGL\lvgl\9.2.1\src\osal\lv_os_none.c(113): warning:  #111-D: statement is unreachable
      return LV_RESULT_INVALID;
D:\Program Files\ArmPack\LVGL\lvgl\9.2.1\src\osal\lv_os_none.c(120): warning:  #111-D: statement is unreachable
      return LV_RESULT_INVALID;
D:\Program Files\ArmPack\LVGL\lvgl\9.2.1\src\osal\lv_os_none.c: 7 warnings, 0 errors
compiling lv_timer.c...
compiling vg_lite_matrix.c...
compiling lv_os.c...
compiling lv_sysmon.c...
compiling vg_lite_tvg.cpp...
compiling lv_string_builtin.c...
compiling lv_sprintf_builtin.c...
compiling lv_mem_core_builtin.c...
compiling lv_mem_core_clib.c...
compiling lv_observer.c...
compiling lv_sprintf_clib.c...
compiling lv_tlsf.c...
D:\Program Files\ArmPack\LVGL\lvgl\9.2.1\src\stdlib\builtin\lv_tlsf.c(897): warning:  #68-D: integer conversion resulted in a change of sign
          offset_to_block(pool, -(int)block_header_overhead);
D:\Program Files\ArmPack\LVGL\lvgl\9.2.1\src\stdlib\builtin\lv_tlsf.c(999): warning:  #68-D: integer conversion resulted in a change of sign
      block = offset_to_block(mem, -(tlsfptr_t)block_header_overhead);
D:\Program Files\ArmPack\LVGL\lvgl\9.2.1\src\stdlib\builtin\lv_tlsf.c(1017): warning:  #68-D: integer conversion resulted in a change of sign
      block_header_t * block = offset_to_block(pool, -(int)block_header_overhead);
D:\Program Files\ArmPack\LVGL\lvgl\9.2.1\src\stdlib\builtin\lv_tlsf.c: 3 warnings, 0 errors
compiling lv_string_clib.c...
compiling lv_mem.c...
compiling lv_mem_core_rtthread.c...
compiling lv_mem_core_micropython.c...
compiling lv_sprintf_rtthread.c...
compiling lv_string_rtthread.c...
compiling lv_animimage.c...
compiling lv_tick.c...
compiling lv_theme.c...
compiling lv_theme_simple.c...
compiling lv_theme_mono.c...
compiling lv_arc.c...
compiling lv_button.c...
compiling lv_bar.c...
compiling lv_calendar_chinese.c...
compiling lv_calendar_header_arrow.c...
D:\Program Files\ArmPack\LVGL\lvgl\9.2.1\src\widgets\calendar\lv_calendar_header_arrow.c(116): warning:  #186-D: pointless comparison of unsigned integer with zero
      LV_ASSERT_FORMAT_MSG(newd.year >= 0 && newd.month >= 1 && newd.month <= 12,
D:\Program Files\ArmPack\LVGL\lvgl\9.2.1\src\widgets\calendar\lv_calendar_header_arrow.c(151): warning:  #186-D: pointless comparison of unsigned integer with zero
      LV_ASSERT_FORMAT_MSG(date->year >= 0 && date->month >= 1 && date->month <= 12,
D:\Program Files\ArmPack\LVGL\lvgl\9.2.1\src\widgets\calendar\lv_calendar_header_arrow.c: 2 warnings, 0 errors
compiling lv_calendar_header_dropdown.c...
compiling lv_calendar.c...
compiling lv_buttonmatrix.c...
compiling lv_theme_default.c...
compiling lv_canvas.c...
compiling lv_checkbox.c...
compiling lv_imagebutton.c...
compiling lv_keyboard.c...
compiling lv_image.c...
compiling lv_dropdown.c...
compiling lv_chart.c...
compiling lv_led.c...
compiling lv_lottie.c...
compiling lv_line.c...
compiling lv_objx_templ.c...
compiling lv_label.c...
compiling lv_list.c...
compiling lv_menu.c...
compiling lv_msgbox.c...
compiling lv_dropdown_properties.c...
compiling lv_image_properties.c...
compiling lv_keyboard_properties.c...
compiling lv_style_properties.c...
compiling lv_obj_properties.c...
compiling lv_label_properties.c...
compiling lv_roller_properties.c...
compiling lv_textarea_properties.c...
compiling lv_roller.c...
compiling lv_scale.c...
compiling lv_slider.c...
compiling lv_spinbox.c...
compiling lv_switch.c...
compiling lv_spinner.c...
compiling lv_tileview.c...
compiling lv_span.c...
D:\Program Files\ArmPack\LVGL\lvgl\9.2.1\src\widgets\span\lv_span.c(954): warning:  #546-D: transfer of control bypasses initialization of:
            variable "align"  (declared at line 958)
              goto Next_line_init;
              ^
D:\Program Files\ArmPack\LVGL\lvgl\9.2.1\src\widgets\span\lv_span.c: 1 warning, 0 errors
compiling lv_table.c...
compiling lv_win.c...
compiling lv_tabview.c...
compiling lv_textarea.c...
compiling lv_port_indev_template.c...
RTE\LVGL\lv_port_indev_template.c(337): warning:  #177-D: function "encoder_handler"  was declared but never referenced
  static void encoder_handler(void)
RTE\LVGL\lv_port_indev_template.c: 1 warning, 0 errors
compiling lv_port_disp_template.c...
linking...
Program Size: Code=177724 RO-data=20080 RW-data=216 ZI-data=163728  
FromELF: creating hex file...
"LVGL-GUIDER\LVGL-GUIDER.axf" - 0 Error(s), 27 Warning(s).

<h2>Software Packages used:</h2>

Package Vendor: ARM
                http://www.keil.com/pack/ARM.CMSIS.5.7.0.pack
                ARM.CMSIS.5.7.0
                CMSIS (Cortex Microcontroller Software Interface Standard)
   * Component: CORE Version: 5.4.0

Package Vendor: LVGL
                https://raw.githubusercontent.com/lvgl/lvgl/master/env_support/cmsis-pack/LVGL.lvgl.9.2.1.pack
                LVGL.lvgl.9.2.1
                LVGL (Light and Versatile Graphics Library) is a free and open-source graphics library providing everything you need to create an embedded GUI with easy-to-use graphical elements, beautiful visual effects and a low memory footprint.
   * Component: Essential Version: 9.2.1
   * Component: Display Variant: Generic Version: 9.2.1
   * Component: Input Variant: Generic Version: 9.2.1

Package Vendor: Keil
                https://www.keil.com/pack/Keil.STM32WBxx_DFP.2.0.0.pack
                Keil.STM32WBxx_DFP.2.0.0
                STMicroelectronics STM32WB Series Device Support

<h2>Collection of Component include folders:</h2>
  .\RTE\LVGL
  .\RTE\_LVGL-GUIDER
  D:\Program Files\ArmPack\ARM\CMSIS\5.7.0\CMSIS\Core\Include
  D:\Program Files\ArmPack\LVGL\lvgl\9.2.1
  D:\Program Files\ArmPack\LVGL\lvgl\9.2.1\src\core

<h2>Collection of Component Files used:</h2>

   * Component: ARM::CMSIS:CORE:5.4.0
      Include file:  CMSIS\Core\Include\tz_context.h

   * Component: LVGL.LVGL9::LVGL:Essential:9.2.1
      Include file:  src\core\lv_global.h
      Source file:   src\core\lv_obj.c
      Source file:   src\core\lv_obj_event.c
      Source file:   src\core\lv_obj_pos.c
      Source file:   src\core\lv_obj_property.c
      Source file:   src\core\lv_group.c
      Source file:   src\core\lv_obj_id_builtin.c
      Source file:   src\core\lv_obj_scroll.c
      Source file:   src\core\lv_obj_tree.c
      Source file:   src\core\lv_refr.c
      Source file:   src\drivers\evdev\lv_evdev.c
      Source file:   src\drivers\display\lcd\lv_lcd_generic_mipi.c
      Source file:   src\drivers\nuttx\lv_nuttx_entry.c
      Source file:   src\drivers\nuttx\lv_nuttx_cache.c
      Source file:   src\drivers\nuttx\lv_nuttx_fbdev.c
      Source file:   src\drivers\nuttx\lv_nuttx_lcd.c
      Source file:   src\drivers\nuttx\lv_nuttx_libuv.c
      Source file:   src\drivers\nuttx\lv_nuttx_touchscreen.c
      Source file:   src\core\lv_obj_draw.c
      Source file:   src\drivers\nuttx\lv_nuttx_image_cache.c
      Source file:   src\core\lv_obj_style.c
      Source file:   src\lv_init.c
      Source file:   src\core\lv_obj_class.c
      Source file:   src\core\lv_obj_style_gen.c
      Source file:   src\draw\lv_draw_buf.c
      Source file:   src\drivers\sdl\lv_sdl_keyboard.c
      Source file:   src\draw\lv_draw_mask.c
      Source file:   src\draw\lv_draw_rect.c
      Source file:   src\drivers\sdl\lv_sdl_mousewheel.c
      Source file:   src\drivers\libinput\lv_libinput.c
      Source file:   src\draw\lv_draw.c
      Source file:   src\drivers\sdl\lv_sdl_mouse.c
      Source file:   src\draw\lv_draw_vector.c
      Source file:   src\draw\lv_draw_label.c
      Source file:   src\draw\lv_image_decoder.c
      Source file:   src\draw\sw\lv_draw_sw_arc.c
      Source file:   src\drivers\wayland\lv_wayland.c
      Source file:   src\drivers\qnx\lv_qnx.c
      Source file:   src\draw\lv_draw_triangle.c
      Source file:   src\draw\sw\lv_draw_sw_border.c
      Source file:   src\draw\sw\lv_draw_sw_box_shadow.c
      Source file:   src\drivers\glfw\lv_opengles_debug.c
      Source file:   src\draw\lv_draw_line.c
      Source file:   src\draw\lv_draw_arc.c
      Source file:   src\draw\sw\lv_draw_sw.c
      Source file:   src\drivers\glfw\lv_opengles_texture.c
      Source file:   src\draw\lv_draw_image.c
      Source file:   src\drivers\sdl\lv_sdl_window.c
      Source file:   src\draw\sw\lv_draw_sw_fill.c
      Source file:   src\drivers\x11\lv_x11_input.c
      Source file:   src\drivers\libinput\lv_xkb.c
      Source file:   src\drivers\glfw\lv_opengles_driver.c
      Source file:   src\drivers\x11\lv_x11_display.c
      Source file:   src\drivers\wayland\lv_wayland_smm.c
      Source file:   src\display\lv_display.c
      Source file:   src\drivers\glfw\lv_glfw_window.c
      Source file:   src\draw\sw\lv_draw_sw_mask.c
      Source file:   src\font\lv_font_dejavu_16_persian_hebrew.c
      Source file:   src\font\lv_font_fmt_txt.c
      Source file:   src\draw\sw\blend\lv_draw_sw_blend_to_al88.c
      Source file:   src\font\lv_font_montserrat_8.c
      Source file:   src\font\lv_font_montserrat_10.c
      Source file:   src\draw\sw\blend\lv_draw_sw_blend.c
      Source file:   src\draw\sw\blend\lv_draw_sw_blend_to_argb8888.c
      Source file:   src\draw\sw\lv_draw_sw_triangle.c
      Source file:   src\font\lv_font_montserrat_12.c
      Source file:   src\font\lv_binfont_loader.c
      Source file:   src\font\lv_font_montserrat_16.c
      Source file:   src\draw\sw\blend\lv_draw_sw_blend_to_i1.c
      Source file:   src\draw\sw\lv_draw_sw_vector.c
      Source file:   src\font\lv_font_montserrat_18.c
      Source file:   src\font\lv_font_montserrat_20.c
      Source file:   src\font\lv_font_montserrat_22.c
      Source file:   src\font\lv_font_montserrat_24.c
      Source file:   src\font\lv_font_montserrat_14.c
      Source file:   src\font\lv_font_montserrat_26.c
      Source file:   src\draw\sw\lv_draw_sw_img.c
      Source file:   src\draw\sw\lv_draw_sw_line.c
      Source file:   src\draw\sw\blend\lv_draw_sw_blend_to_rgb565.c
      Source file:   src\draw\sw\lv_draw_sw_mask_rect.c
      Source file:   src\draw\sw\lv_draw_sw_gradient.c
      Source file:   src\draw\sw\lv_draw_sw_transform.c
      Source file:   src\draw\sw\lv_draw_sw_letter.c
      Source file:   src\draw\sw\blend\lv_draw_sw_blend_to_l8.c
      Source file:   src\font\lv_font.c
      Source file:   src\draw\sw\blend\lv_draw_sw_blend_to_rgb888.c
      Source file:   src\layouts\lv_layout.c
      Source file:   src\misc\lv_ll.c
      Source file:   src\font\lv_font_unscii_16.c
      Source file:   src\font\lv_font_unscii_8.c
      Source file:   src\font\lv_font_montserrat_40.c
      Source file:   src\indev\lv_indev.c
      Source file:   src\indev\lv_indev_scroll.c
      Source file:   src\layouts\flex\lv_flex.c
      Source file:   src\font\lv_font_montserrat_30.c
      Source file:   src\font\lv_font_montserrat_48.c
      Source file:   src\font\lv_font_montserrat_28.c
      Source file:   src\font\lv_font_montserrat_28_compressed.c
      Source file:   src\font\lv_font_montserrat_34.c
      Source file:   src\font\lv_font_montserrat_32.c
      Source file:   src\layouts\grid\lv_grid.c
      Source file:   src\misc\lv_anim.c
      Source file:   src\misc\lv_anim_timeline.c
      Source file:   src\misc\lv_array.c
      Source file:   src\font\lv_font_simsun_16_cjk.c
      Source file:   src\font\lv_font_montserrat_42.c
      Source file:   src\misc\lv_bidi.c
      Source file:   src\font\lv_font_montserrat_46.c
      Source file:   src\misc\lv_color.c
      Source file:   src\misc\lv_color_op.c
      Source file:   src\misc\lv_fs.c
      Source file:   src\font\lv_font_montserrat_36.c
      Source file:   src\font\lv_font_montserrat_38.c
      Source file:   src\misc\lv_area.c
      Source file:   src\misc\lv_async.c
      Source file:   src\font\lv_font_montserrat_44.c
      Source file:   src\misc\lv_event.c
      Source file:   src\font\lv_font_simsun_14_cjk.c
      Source file:   src\stdlib\lv_mem.c
      Source file:   src\misc\lv_style_gen.c
      Source file:   src\misc\lv_palette.c
      Source file:   src\misc\lv_templ.c
      Source file:   src\misc\lv_text_ap.c
      Source file:   src\misc\lv_style.c
      Source file:   src\misc\lv_utils.c
      Source file:   src\misc\lv_rb.c
      Source file:   src\misc\lv_matrix.c
      Source file:   src\misc\cache\lv_image_cache.c
      Source file:   src\misc\lv_log.c
      Source file:   src\misc\lv_lru.c
      Source file:   src\stdlib\builtin\lv_mem_core_builtin.c
      Source file:   src\stdlib\builtin\lv_sprintf_builtin.c
      Source file:   src\stdlib\builtin\lv_tlsf.c
      Source file:   src\stdlib\builtin\lv_string_builtin.c
      Source file:   src\stdlib\clib\lv_mem_core_clib.c
      Source file:   src\stdlib\clib\lv_sprintf_clib.c
      Source file:   src\stdlib\clib\lv_string_clib.c
      Source file:   src\misc\lv_timer.c
      Source file:   src\stdlib\rtthread\lv_mem_core_rtthread.c
      Source file:   src\stdlib\rtthread\lv_sprintf_rtthread.c
      Source file:   src\stdlib\micropython\lv_mem_core_micropython.c
      Source file:   src\stdlib\rtthread\lv_string_rtthread.c
      Source file:   src\misc\cache\lv_cache_lru_rb.c
      Source file:   src\themes\lv_theme.c
      Source file:   src\misc\lv_text.c
      Source file:   src\misc\lv_math.c
      Source file:   src\misc\lv_profiler_builtin.c
      Source file:   src\misc\cache\lv_cache.c
      Source file:   src\misc\cache\lv_cache_entry.c
      Source file:   src\misc\cache\lv_image_header_cache.c
      Source file:   src\widgets\animimage\lv_animimage.c
      Source file:   src\themes\default\lv_theme_default.c
      Source file:   src\widgets\calendar\lv_calendar.c
      Source file:   src\widgets\led\lv_led.c
      Source file:   src\widgets\line\lv_line.c
      Source file:   src\widgets\msgbox\lv_msgbox.c
      Source file:   src\widgets\objx_templ\lv_objx_templ.c
      Source file:   src\widgets\bar\lv_bar.c
      Source file:   src\widgets\calendar\lv_calendar_header_dropdown.c
      Source file:   src\widgets\image\lv_image.c
      Source file:   src\widgets\button\lv_button.c
      Source file:   src\widgets\list\lv_list.c
      Source file:   src\widgets\buttonmatrix\lv_buttonmatrix.c
      Source file:   src\widgets\lottie\lv_lottie.c
      Source file:   src\widgets\roller\lv_roller.c
      Source file:   src\widgets\dropdown\lv_dropdown.c
      Source file:   src\widgets\scale\lv_scale.c
      Source file:   src\widgets\canvas\lv_canvas.c
      Source file:   src\widgets\slider\lv_slider.c
      Source file:   src\widgets\calendar\lv_calendar_header_arrow.c
      Source file:   src\widgets\label\lv_label.c
      Source file:   src\widgets\menu\lv_menu.c
      Source file:   src\widgets\span\lv_span.c
      Source file:   src\themes\mono\lv_theme_mono.c
      Source file:   src\tick\lv_tick.c
      Source file:   src\widgets\arc\lv_arc.c
      Source file:   src\themes\simple\lv_theme_simple.c
      Source file:   src\widgets\calendar\lv_calendar_chinese.c
      Source file:   src\widgets\chart\lv_chart.c
      Source file:   src\widgets\checkbox\lv_checkbox.c
      Source file:   src\widgets\imagebutton\lv_imagebutton.c
      Source file:   src\widgets\keyboard\lv_keyboard.c
      Source file:   src\widgets\spinbox\lv_spinbox.c
      Source file:   src\widgets\tabview\lv_tabview.c
      Source file:   src\widgets\property\lv_obj_properties.c
      Source file:   src\libs\fsdrv\lv_fs_cbfs.c
      Source file:   src\widgets\property\lv_label_properties.c
      Source file:   src\others\sysmon\lv_sysmon.c
      Source file:   src\osal\lv_os_none.c
      Source file:   src\widgets\switch\lv_switch.c
      Source file:   src\widgets\table\lv_table.c
      Source file:   src\widgets\property\lv_style_properties.c
      Source file:   src\widgets\property\lv_roller_properties.c
      Source file:   src\widgets\property\lv_keyboard_properties.c
      Source file:   src\widgets\property\lv_dropdown_properties.c
      Source file:   src\widgets\tileview\lv_tileview.c
      Source file:   demos\lv_demos.c
      Source file:   src\osal\lv_os.c
      Source file:   src\libs\bin_decoder\lv_bin_decoder.c
      Source file:   src\widgets\property\lv_image_properties.c
      Source file:   src\widgets\spinner\lv_spinner.c
      Include file:  lvgl.h
      Source file:   lv_cmsis_pack.c
      Include file:  examples\porting\lv_port_disp_template.h
      Source file:   examples\porting\lv_port_disp_template.c
      Include file:  examples\porting\lv_port_indev_template.h
      Source file:   src\widgets\property\lv_textarea_properties.c
      Source file:   src\widgets\textarea\lv_textarea.c
      Source file:   src\widgets\win\lv_win.c
      Source file:   src\others\observer\lv_observer.c
      Source file:   src\others\vg_lite_tvg\vg_lite_tvg.cpp
      Source file:   src\others\vg_lite_tvg\vg_lite_matrix.c
      Source file:   examples\porting\lv_port_fs_template.c
      Source file:   examples\porting\lv_port_indev_template.c
      Include file:  examples\porting\lv_port_fs_template.h

   * Component: LVGL.LVGL9::LVGL:Porting:Display:Generic:9.2.1
      Include file:  examples\porting\lv_port_disp_template.h
      Source file:   examples\porting\lv_port_disp_template.c

   * Component: LVGL.LVGL9::LVGL:Porting:Input:Generic:9.2.1
      Source file:   examples\porting\lv_port_indev_template.c
      Include file:  examples\porting\lv_port_indev_template.h
Build Time Elapsed:  00:00:41
</pre>
</body>
</html>
