<html>
<body>
<pre>
<h1>µVision Build Log</h1>
<h2>Tool Versions:</h2>
IDE-Version: ¦ÌVision V5.30.0.0
Copyright (C) 2020 ARM Ltd and ARM Germany GmbH. All rights reserved.
License Information: 1 jclocal 1 Flex license: MDK Professional 5.30 (Flex): 1 user(s) (mdk_pro) Support: Jul 2021
 
Tool Versions:
Toolchain:       MDK Professional 5.30 (Flex): 1 user(s)  Version: 5.30.0.0
Toolchain Path:  C:\Keil_v5\ARM\ARMCC\Bin
C Compiler:      Armcc.exe V5.06 update 6 (build 750)
Assembler:       Armasm.exe V5.06 update 6 (build 750)
Linker/Locator:  ArmLink.exe V5.06 update 6 (build 750)
Library Manager: ArmAr.exe V5.06 update 6 (build 750)
Hex Converter:   FromElf.exe V5.06 update 6 (build 750)
CPU DLL:         SARMCM3.DLL V5.30.0.0
Dialog DLL:      DCM.DLL V1.17.3.0
Target DLL:      STLink\ST-LINKIII-KEIL_SWO.dll V3.0.7.0
Dialog DLL:      TCM.DLL V1.42.0.0
 
<h2>Project:</h2>
D:\Desktop\LCD-DRIVERS\LCD_DRIVER_V2.0.0\MDK-ARM\LVGL-GUIDER.uvprojx
Project File Date:  03/31/2026

<h2>Output:</h2>
*** Using Compiler 'V5.06 update 6 (build 750)', folder: 'C:\Keil_v5\ARM\ARMCC\Bin'
Build target 'LVGL-GUIDER'
compiling stm32wbxx_ll_rcc.c...
compiling stm32wbxx_hal_rcc_ex.c...
compiling memorymap.c...
compiling stm32wbxx_hal_msp.c...
compiling stm32wbxx_it.c...
compiling spi.c...
compiling stm32wbxx_hal_flash_ex.c...
compiling tim.c...
compiling stm32wbxx_hal_rcc.c...
compiling gpio.c...
compiling dma.c...
compiling stm32wbxx_hal_gpio.c...
compiling stm32wbxx_hal_flash.c...
compiling main.c...
compiling stm32wbxx_hal_dma_ex.c...
compiling stm32wbxx_hal_hsem.c...
compiling stm32wbxx_hal_dma.c...
compiling stm32wbxx_hal_pwr.c...
compiling stm32wbxx_hal_pwr_ex.c...
compiling mygui.c...
compiling lv_demos.c...
D:\Program Files\ArmPack\LVGL\lvgl\9.2.1\demos\lv_demos.c(98): warning:  #185-D: dynamic initialization in unreachable code
      const demo_entry_info_t * entry_info = NULL;
D:\Program Files\ArmPack\LVGL\lvgl\9.2.1\demos\lv_demos.c(134): warning:  #128-D: loop is not reachable
      LV_LOG("\nUsage: lv_demos demo [parameters]\n");
D:\Program Files\ArmPack\LVGL\lvgl\9.2.1\demos\lv_demos.c: 2 warnings, 0 errors
compiling lv_cmsis_pack.c...
compiling stm32wbxx_hal.c...
compiling stm32wbxx_hal_cortex.c...
compiling stm32wbxx_hal_spi_ex.c...
compiling system_stm32wbxx.c...
compiling stm32wbxx_hal_exti.c...
compiling lv_group.c...
compiling stm32wbxx_hal_tim_ex.c...
compiling stm32wbxx_hal_spi.c...
compiling stm32wbxx_hal_tim.c...
compiling lv_obj_class.c...
compiling lv_obj_id_builtin.c...
compiling lv_obj_event.c...
compiling lv_obj_draw.c...
compiling lv_obj.c...
D:\Program Files\ArmPack\LVGL\lvgl\9.2.1\src\core\lv_obj.c(770): warning:  #188-D: enumerated type mixed with another type
          else if(lv_obj_has_flag(obj, LV_OBJ_FLAG_SCROLLABLE | LV_OBJ_FLAG_SCROLL_WITH_ARROW) && !lv_obj_is_editable(obj)) {
D:\Program Files\ArmPack\LVGL\lvgl\9.2.1\src\core\lv_obj.c: 1 warning, 0 errors
compiling lcd.c...
..\Bsp\Lcd\lcd.c(310): warning:  #177-D: function "LCD_Address_Set_Fast"  was declared but never referenced
  static void LCD_Address_Set_Fast(uint16_t x1, uint16_t y1, uint16_t x2, uint16_t y2)
..\Bsp\Lcd\lcd.c: 1 warning, 0 errors
compiling lv_obj_property.c...
compiling task.c...
compiling lv_obj_tree.c...
D:\Program Files\ArmPack\LVGL\lvgl\9.2.1\src\core\lv_obj_tree.c(433): warning:  #111-D: statement is unreachable
      return -1;
D:\Program Files\ArmPack\LVGL\lvgl\9.2.1\src\core\lv_obj_tree.c: 1 warning, 0 errors
compiling lv_obj_style_gen.c...
compiling lv_obj_pos.c...
D:\Program Files\ArmPack\LVGL\lvgl\9.2.1\src\core\lv_obj_pos.c(270): warning:  #188-D: enumerated type mixed with another type
      if(lv_obj_has_flag_any(obj, LV_OBJ_FLAG_HIDDEN | LV_OBJ_FLAG_IGNORE_LAYOUT | LV_OBJ_FLAG_FLOATING)) return false;
D:\Program Files\ArmPack\LVGL\lvgl\9.2.1\src\core\lv_obj_pos.c(998): warning:  #188-D: enumerated type mixed with another type
              if(lv_obj_has_flag_any(child,  LV_OBJ_FLAG_HIDDEN | LV_OBJ_FLAG_FLOATING)) continue;
D:\Program Files\ArmPack\LVGL\lvgl\9.2.1\src\core\lv_obj_pos.c(1034): warning:  #188-D: enumerated type mixed with another type
              if(lv_obj_has_flag_any(child,  LV_OBJ_FLAG_HIDDEN | LV_OBJ_FLAG_FLOATING)) continue;
D:\Program Files\ArmPack\LVGL\lvgl\9.2.1\src\core\lv_obj_pos.c(1091): warning:  #188-D: enumerated type mixed with another type
          if(lv_obj_has_flag_any(child,  LV_OBJ_FLAG_HIDDEN | LV_OBJ_FLAG_FLOATING)) continue;
D:\Program Files\ArmPack\LVGL\lvgl\9.2.1\src\core\lv_obj_pos.c: 4 warnings, 0 errors
compiling lv_obj_scroll.c...
D:\Program Files\ArmPack\LVGL\lvgl\9.2.1\src\core\lv_obj_scroll.c(145): warning:  #188-D: enumerated type mixed with another type
          if(lv_obj_has_flag_any(child,  LV_OBJ_FLAG_HIDDEN | LV_OBJ_FLAG_FLOATING)) continue;
D:\Program Files\ArmPack\LVGL\lvgl\9.2.1\src\core\lv_obj_scroll.c(186): warning:  #188-D: enumerated type mixed with another type
          if(lv_obj_has_flag_any(child,  LV_OBJ_FLAG_HIDDEN | LV_OBJ_FLAG_FLOATING)) continue;
D:\Program Files\ArmPack\LVGL\lvgl\9.2.1\src\core\lv_obj_scroll.c(224): warning:  #188-D: enumerated type mixed with another type
          if(lv_obj_has_flag_any(child,  LV_OBJ_FLAG_HIDDEN | LV_OBJ_FLAG_FLOATING)) continue;
D:\Program Files\ArmPack\LVGL\lvgl\9.2.1\src\core\lv_obj_scroll.c: 3 warnings, 0 errors
compiling lv_obj_style.c...
D:\Program Files\ArmPack\LVGL\lvgl\9.2.1\src\core\lv_obj_style.c(409): warning:  #188-D: enumerated type mixed with another type
      lv_result_t res = lv_style_remove_prop((lv_style_t *)obj->styles[i].style, prop);
D:\Program Files\ArmPack\LVGL\lvgl\9.2.1\src\core\lv_obj_style.c(705): warning:  #191-D: type qualifier is meaningless on cast type
      const bool skip_trans = (const bool) obj->skip_trans;
D:\Program Files\ArmPack\LVGL\lvgl\9.2.1\src\core\lv_obj_style.c: 2 warnings, 0 errors
compiling lv_draw.c...
compiling lv_draw_image.c...
compiling lv_draw_arc.c...
compiling lv_refr.c...
compiling lv_draw_buf.c...
D:\Program Files\ArmPack\LVGL\lvgl\9.2.1\src\draw\lv_draw_buf.c(182): warning:  #188-D: enumerated type mixed with another type
      uint8_t bpp = lv_color_format_get_bpp(header->cf);
D:\Program Files\ArmPack\LVGL\lvgl\9.2.1\src\draw\lv_draw_buf.c(216): warning:  #111-D: statement is unreachable
          return;
D:\Program Files\ArmPack\LVGL\lvgl\9.2.1\src\draw\lv_draw_buf.c(237): warning:  #188-D: enumerated type mixed with another type
      uint32_t line_bytes = (line_width * lv_color_format_get_bpp(dest->header.cf) + 7) >> 3;
D:\Program Files\ArmPack\LVGL\lvgl\9.2.1\src\draw\lv_draw_buf.c(323): warning:  #188-D: enumerated type mixed with another type
      lv_draw_buf_t * new_buf = lv_draw_buf_create_ex(handlers, header->w, header->h, header->cf, header->stride);
D:\Program Files\ArmPack\LVGL\lvgl\9.2.1\src\draw\lv_draw_buf.c(343): warning:  #188-D: enumerated type mixed with another type
      if(cf == LV_COLOR_FORMAT_UNKNOWN) cf = draw_buf->header.cf;
D:\Program Files\ArmPack\LVGL\lvgl\9.2.1\src\draw\lv_draw_buf.c(391): warning:  #188-D: enumerated type mixed with another type
      return data + x * lv_color_format_get_bpp(buf->header.cf) / 8;
D:\Program Files\ArmPack\LVGL\lvgl\9.2.1\src\draw\lv_draw_buf.c(410): warning:  #188-D: enumerated type mixed with another type
      if(stride == 0) stride = lv_draw_buf_width_to_stride(w, header->cf);
D:\Program Files\ArmPack\LVGL\lvgl\9.2.1\src\draw\lv_draw_buf.c(416): warning:  #188-D: enumerated type mixed with another type
      uint32_t bpp = lv_color_format_get_bpp(header->cf);
D:\Program Files\ArmPack\LVGL\lvgl\9.2.1\src\draw\lv_draw_buf.c(424): warning:  #188-D: enumerated type mixed with another type
      uint32_t new_size = _calculate_draw_buf_size(w, h, header->cf, stride);
D:\Program Files\ArmPack\LVGL\lvgl\9.2.1\src\draw\lv_draw_buf.c(469): warning:  #188-D: enumerated type mixed with another type
      lv_color_format_t cf = draw_buf->header.cf;
D:\Program Files\ArmPack\LVGL\lvgl\9.2.1\src\draw\lv_draw_buf.c(566): warning:  #188-D: enumerated type mixed with another type
      lv_draw_buf_init(buf, img->header.w, img->header.h, img->header.cf, img->header.stride,
D:\Program Files\ArmPack\LVGL\lvgl\9.2.1\src\draw\lv_draw_buf.c: 11 warnings, 0 errors
compiling lv_display.c...
D:\Program Files\ArmPack\LVGL\lvgl\9.2.1\src\display\lv_display.c(837): warning:  #188-D: enumerated type mixed with another type
      return disp->rotation;
D:\Program Files\ArmPack\LVGL\lvgl\9.2.1\src\display\lv_display.c: 1 warning, 0 errors
compiling lv_draw_label.c...
D:\Program Files\ArmPack\LVGL\lvgl\9.2.1\src\draw\lv_draw_label.c(419): warning:  #188-D: enumerated type mixed with another type
              draw_buf = lv_draw_buf_reshape(dsc->_draw_buf, 0, g.box_w, g.box_h, LV_STRIDE_AUTO);
D:\Program Files\ArmPack\LVGL\lvgl\9.2.1\src\draw\lv_draw_label.c: 1 warning, 0 errors
compiling lv_draw_line.c...
compiling lv_draw_mask.c...
compiling lv_draw_rect.c...
compiling lv_draw_triangle.c...
compiling lv_draw_sw_blend.c...
compiling lv_draw_vector.c...
compiling lv_image_decoder.c...
D:\Program Files\ArmPack\LVGL\lvgl\9.2.1\src\draw\lv_image_decoder.c(246): warning:  #188-D: enumerated type mixed with another type
          uint32_t stride_expect = lv_draw_buf_width_to_stride(decoded->header.w, decoded->header.cf);
D:\Program Files\ArmPack\LVGL\lvgl\9.2.1\src\draw\lv_image_decoder.c(252): warning:  #188-D: enumerated type mixed with another type
                                                                  decoded->header.cf, stride_expect);
D:\Program Files\ArmPack\LVGL\lvgl\9.2.1\src\draw\lv_image_decoder.c(267): warning:  #188-D: enumerated type mixed with another type
         && lv_color_format_has_alpha(decoded->header.cf)
D:\Program Files\ArmPack\LVGL\lvgl\9.2.1\src\draw\lv_image_decoder.c(392): warning:  #188-D: enumerated type mixed with another type
          return ((uint32_t)header->w * lv_color_format_get_bpp(header->cf) + 7) >> 3;
D:\Program Files\ArmPack\LVGL\lvgl\9.2.1\src\draw\lv_image_decoder.c: 4 warnings, 0 errors
compiling lv_draw_sw_arc.c...
D:\Program Files\ArmPack\LVGL\lvgl\9.2.1\src\draw\sw\lv_draw_sw_arc.c(147): warning:  #188-D: enumerated type mixed with another type
              blend_dsc.src_color_format = decoder_dsc.decoded->header.cf;
D:\Program Files\ArmPack\LVGL\lvgl\9.2.1\src\draw\sw\lv_draw_sw_arc.c: 1 warning, 0 errors
compiling lv_draw_sw_border.c...
compiling lv_draw_sw.c...
D:\Program Files\ArmPack\LVGL\lvgl\9.2.1\src\draw\sw\lv_draw_sw.c(412): warning:  #188-D: enumerated type mixed with another type
                  lv_color_format_t cf = draw_dsc->header.cf;
D:\Program Files\ArmPack\LVGL\lvgl\9.2.1\src\draw\sw\lv_draw_sw.c: 1 warning, 0 errors
compiling lv_draw_sw_blend_to_l8.c...
compiling lv_draw_sw_blend_to_al88.c...
compiling lv_draw_sw_blend_to_rgb888.c...
compiling lv_draw_sw_blend_to_argb8888.c...
compiling lv_draw_sw_blend_to_i1.c...
compiling lv_draw_sw_blend_to_rgb565.c...
compiling lv_draw_sw_gradient.c...
compiling lv_draw_sw_fill.c...
compiling lv_draw_sw_img.c...
D:\Program Files\ArmPack\LVGL\lvgl\9.2.1\src\draw\sw\lv_draw_sw_img.c(194): warning:  #188-D: enumerated type mixed with another type
      lv_color_format_t cf = decoded->header.cf;
D:\Program Files\ArmPack\LVGL\lvgl\9.2.1\src\draw\sw\lv_draw_sw_img.c: 1 warning, 0 errors
compiling lv_draw_sw_box_shadow.c...
compiling lv_glfw_window.c...
compiling lv_evdev.c...
compiling lv_draw_sw_mask_rect.c...
compiling lv_draw_sw_letter.c...
compiling lv_lcd_generic_mipi.c...
compiling lv_draw_sw_vector.c...
compiling lv_draw_sw_line.c...
compiling lv_draw_sw_triangle.c...
compiling lv_draw_sw_transform.c...
compiling lv_draw_sw_mask.c...
compiling lv_opengles_debug.c...
compiling lv_opengles_driver.c...
compiling lv_opengles_texture.c...
compiling lv_nuttx_touchscreen.c...
compiling lv_libinput.c...
compiling lv_xkb.c...
compiling lv_nuttx_entry.c...
compiling lv_nuttx_fbdev.c...
compiling lv_sdl_keyboard.c...
compiling lv_nuttx_lcd.c...
compiling lv_qnx.c...
compiling lv_nuttx_cache.c...
compiling lv_nuttx_image_cache.c...
compiling lv_nuttx_libuv.c...
compiling lv_sdl_mouse.c...
compiling lv_wayland.c...
compiling lv_sdl_window.c...
compiling lv_sdl_mousewheel.c...
compiling lv_font.c...
compiling lv_wayland_smm.c...
compiling lv_x11_input.c...
compiling lv_x11_display.c...
compiling lv_font_fmt_txt.c...
D:\Program Files\ArmPack\LVGL\lvgl\9.2.1\src\font\lv_font_fmt_txt.c(165): warning:  #111-D: statement is unreachable
      return NULL;
D:\Program Files\ArmPack\LVGL\lvgl\9.2.1\src\font\lv_font_fmt_txt.c(204): warning:  #188-D: enumerated type mixed with another type
      dsc_out->format = (uint8_t)fdsc->bpp;
D:\Program Files\ArmPack\LVGL\lvgl\9.2.1\src\font\lv_font_fmt_txt.c: 2 warnings, 0 errors
compiling lv_font_dejavu_16_persian_hebrew.c...
compiling lv_binfont_loader.c...
D:\Program Files\ArmPack\LVGL\lvgl\9.2.1\src\font\lv_binfont_loader.c(236): warning:  #188-D: enumerated type mixed with another type
          cmap->type = cmap_table[i].format_type;
D:\Program Files\ArmPack\LVGL\lvgl\9.2.1\src\font\lv_binfont_loader.c: 1 warning, 0 errors
compiling lv_font_montserrat_12.c...
compiling lv_font_montserrat_10.c...
compiling lv_font_montserrat_14.c...
compiling lv_font_montserrat_16.c...
compiling lv_font_montserrat_20.c...
compiling lv_font_montserrat_22.c...
compiling lv_font_montserrat_28.c...
compiling lv_font_montserrat_28_compressed.c...
compiling lv_font_montserrat_18.c...
compiling lv_font_montserrat_30.c...
compiling lv_font_montserrat_26.c...
compiling lv_font_montserrat_24.c...
compiling lv_font_montserrat_32.c...
compiling lv_font_montserrat_34.c...
compiling lv_font_montserrat_36.c...
compiling lv_font_montserrat_38.c...
compiling lv_font_montserrat_40.c...
compiling lv_font_montserrat_44.c...
compiling lv_font_montserrat_42.c...
compiling lv_font_montserrat_8.c...
compiling lv_font_montserrat_46.c...
compiling lv_font_unscii_8.c...
compiling lv_font_unscii_16.c...
compiling lv_font_montserrat_48.c...
compiling lv_font_simsun_14_cjk.c...
compiling lv_font_simsun_16_cjk.c...
compiling lv_flex.c...
D:\Program Files\ArmPack\LVGL\lvgl\9.2.1\src\layouts\flex\lv_flex.c(260): warning:  #188-D: enumerated type mixed with another type
          if(!lv_obj_has_flag_any(item, LV_OBJ_FLAG_IGNORE_LAYOUT | LV_OBJ_FLAG_HIDDEN | LV_OBJ_FLAG_FLOATING)) {
D:\Program Files\ArmPack\LVGL\lvgl\9.2.1\src\layouts\flex\lv_flex.c(376): warning:  #188-D: enumerated type mixed with another type
          if(lv_obj_has_flag_any(item, LV_OBJ_FLAG_IGNORE_LAYOUT | LV_OBJ_FLAG_HIDDEN | LV_OBJ_FLAG_FLOATING)) {
D:\Program Files\ArmPack\LVGL\lvgl\9.2.1\src\layouts\flex\lv_flex.c: 2 warnings, 0 errors
compiling lv_indev_scroll.c...
D:\Program Files\ArmPack\LVGL\lvgl\9.2.1\src\indev\lv_indev_scroll.c(528): warning:  #188-D: enumerated type mixed with another type
          if(lv_obj_has_flag_any(child, LV_OBJ_FLAG_HIDDEN | LV_OBJ_FLAG_FLOATING)) continue;
D:\Program Files\ArmPack\LVGL\lvgl\9.2.1\src\indev\lv_indev_scroll.c(584): warning:  #188-D: enumerated type mixed with another type
          if(lv_obj_has_flag_any(child, LV_OBJ_FLAG_HIDDEN | LV_OBJ_FLAG_FLOATING)) continue;
D:\Program Files\ArmPack\LVGL\lvgl\9.2.1\src\indev\lv_indev_scroll.c: 2 warnings, 0 errors
compiling lv_indev.c...
D:\Program Files\ArmPack\LVGL\lvgl\9.2.1\src\indev\lv_indev.c(440): warning:  #188-D: enumerated type mixed with another type
      lv_obj_add_flag(indev->cursor, LV_OBJ_FLAG_IGNORE_LAYOUT | LV_OBJ_FLAG_FLOATING);
D:\Program Files\ArmPack\LVGL\lvgl\9.2.1\src\indev\lv_indev.c(475): warning:  #188-D: enumerated type mixed with another type
      return indev->pointer.gesture_dir;
D:\Program Files\ArmPack\LVGL\lvgl\9.2.1\src\indev\lv_indev.c(490): warning:  #188-D: enumerated type mixed with another type
      if(indev == NULL) return false;
D:\Program Files\ArmPack\LVGL\lvgl\9.2.1\src\indev\lv_indev.c(491): warning:  #188-D: enumerated type mixed with another type
      if(indev->type != LV_INDEV_TYPE_POINTER && indev->type != LV_INDEV_TYPE_BUTTON) return false;
D:\Program Files\ArmPack\LVGL\lvgl\9.2.1\src\indev\lv_indev.c(492): warning:  #188-D: enumerated type mixed with another type
      return indev->pointer.scroll_dir;
D:\Program Files\ArmPack\LVGL\lvgl\9.2.1\src\indev\lv_indev.c: 5 warnings, 0 errors
compiling lv_fs_cbfs.c...
D:\Program Files\ArmPack\LVGL\lvgl\9.2.1\src\libs\fsdrv\lv_fs_cbfs.c(7): warning:  #177-D: function "nothing"  was declared but never referenced
  IS_NOT_USED static void nothing(void)
D:\Program Files\ArmPack\LVGL\lvgl\9.2.1\src\libs\fsdrv\lv_fs_cbfs.c: 1 warning, 0 errors
compiling lv_layout.c...
D:\Program Files\ArmPack\LVGL\lvgl\9.2.1\src\layouts\lv_layout.c(70): warning:  #188-D: enumerated type mixed with another type
      lv_layout_t layout_id = lv_obj_get_style_layout(obj, LV_PART_MAIN);
D:\Program Files\ArmPack\LVGL\lvgl\9.2.1\src\layouts\lv_layout.c: 1 warning, 0 errors
compiling lv_grid.c...
D:\Program Files\ArmPack\LVGL\lvgl\9.2.1\src\layouts\grid\lv_grid.c(314): warning:  #188-D: enumerated type mixed with another type
                  if(lv_obj_has_flag_any(item, LV_OBJ_FLAG_IGNORE_LAYOUT | LV_OBJ_FLAG_HIDDEN | LV_OBJ_FLAG_FLOATING)) continue;
D:\Program Files\ArmPack\LVGL\lvgl\9.2.1\src\layouts\grid\lv_grid.c(403): warning:  #188-D: enumerated type mixed with another type
                  if(lv_obj_has_flag_any(item, LV_OBJ_FLAG_IGNORE_LAYOUT | LV_OBJ_FLAG_HIDDEN | LV_OBJ_FLAG_FLOATING)) continue;
D:\Program Files\ArmPack\LVGL\lvgl\9.2.1\src\layouts\grid\lv_grid.c(466): warning:  #188-D: enumerated type mixed with another type
      if(lv_obj_has_flag_any(item, LV_OBJ_FLAG_IGNORE_LAYOUT | LV_OBJ_FLAG_HIDDEN | LV_OBJ_FLAG_FLOATING)) return;
D:\Program Files\ArmPack\LVGL\lvgl\9.2.1\src\layouts\grid\lv_grid.c: 3 warnings, 0 errors
compiling lv_init.c...
compiling lv_bin_decoder.c...
D:\Program Files\ArmPack\LVGL\lvgl\9.2.1\src\libs\bin_decoder\lv_bin_decoder.c(216): warning:  #188-D: enumerated type mixed with another type
          lv_color_format_t cf = dsc->header.cf;
D:\Program Files\ArmPack\LVGL\lvgl\9.2.1\src\libs\bin_decoder\lv_bin_decoder.c(257): warning:  #188-D: enumerated type mixed with another type
          lv_color_format_t cf = image->header.cf;
D:\Program Files\ArmPack\LVGL\lvgl\9.2.1\src\libs\bin_decoder\lv_bin_decoder.c(383): warning:  #188-D: enumerated type mixed with another type
      lv_color_format_t cf = dsc->header.cf;
D:\Program Files\ArmPack\LVGL\lvgl\9.2.1\src\libs\bin_decoder\lv_bin_decoder.c(561): warning:  #188-D: enumerated type mixed with another type
      lv_color_format_t cf = dsc->header.cf;
D:\Program Files\ArmPack\LVGL\lvgl\9.2.1\src\libs\bin_decoder\lv_bin_decoder.c(829): warning:  #188-D: enumerated type mixed with another type
      uint8_t bpp = lv_color_format_get_bpp(dsc->header.cf);
D:\Program Files\ArmPack\LVGL\lvgl\9.2.1\src\libs\bin_decoder\lv_bin_decoder.c(1093): warning:  #188-D: enumerated type mixed with another type
                                                           dsc->header.cf,
D:\Program Files\ArmPack\LVGL\lvgl\9.2.1\src\libs\bin_decoder\lv_bin_decoder.c(1155): warning:  #111-D: statement is unreachable
      decoder_data->decompressed = decompressed; /*Free on decoder close*/
D:\Program Files\ArmPack\LVGL\lvgl\9.2.1\src\libs\bin_decoder\lv_bin_decoder.c: 7 warnings, 0 errors
compiling lv_cache_entry.c...
compiling lv_cache.c...
compiling lv_cache_lru_rb.c...
D:\Program Files\ArmPack\LVGL\lvgl\9.2.1\src\misc\cache\lv_cache_lru_rb.c(152): warning:  #546-D: transfer of control bypasses initialization of:
            variable "data"  (declared at line 154)
            variable "entry"  (declared at line 155)
            variable "lru_node"  (declared at line 158)
          goto FAILED_HANDLER2;
          ^
D:\Program Files\ArmPack\LVGL\lvgl\9.2.1\src\misc\cache\lv_cache_lru_rb.c: 1 warning, 0 errors
compiling lv_anim_timeline.c...
compiling lv_image_header_cache.c...
compiling lv_image_cache.c...
compiling lv_anim.c...
compiling lv_array.c...
compiling lv_async.c...
compiling lv_bidi.c...
compiling lv_color.c...
compiling lv_area.c...
compiling lv_color_op.c...
compiling lv_log.c...
compiling lv_matrix.c...
compiling lv_ll.c...
compiling lv_lru.c...
D:\Program Files\ArmPack\LVGL\lvgl\9.2.1\src\misc\lv_lru.c(237): warning:  #68-D: integer conversion resulted in a change of sign
      uint32_t i = 0, min_index = -1;
D:\Program Files\ArmPack\LVGL\lvgl\9.2.1\src\misc\lv_lru.c(238): warning:  #68-D: integer conversion resulted in a change of sign
      uint64_t min_access_count = -1;
D:\Program Files\ArmPack\LVGL\lvgl\9.2.1\src\misc\lv_lru.c: 2 warnings, 0 errors
compiling lv_event.c...
D:\Program Files\ArmPack\LVGL\lvgl\9.2.1\src\misc\lv_event.c(74): warning:  #188-D: enumerated type mixed with another type
          lv_event_code_t filter = dsc[i]->filter & ~LV_EVENT_PREPROCESS;
D:\Program Files\ArmPack\LVGL\lvgl\9.2.1\src\misc\lv_event.c(183): warning:  #188-D: enumerated type mixed with another type
      return e->code & ~LV_EVENT_PREPROCESS;
D:\Program Files\ArmPack\LVGL\lvgl\9.2.1\src\misc\lv_event.c: 2 warnings, 0 errors
compiling lv_math.c...
compiling lv_fs.c...
compiling lv_palette.c...
compiling lv_rb.c...
D:\Program Files\ArmPack\LVGL\lvgl\9.2.1\src\misc\lv_rb.c(429): warning:  #1293-D: assignment in condition
      while((parent = node->parent) && parent->color == LV_RB_COLOR_RED) {
D:\Program Files\ArmPack\LVGL\lvgl\9.2.1\src\misc\lv_rb.c: 1 warning, 0 errors
compiling lv_style.c...
compiling lv_style_gen.c...
compiling lv_profiler_builtin.c...
compiling lv_templ.c...
compiling lv_text_ap.c...
compiling lv_text.c...
compiling lv_timer.c...
compiling lv_utils.c...
compiling lv_os_none.c...
D:\Program Files\ArmPack\LVGL\lvgl\9.2.1\src\osal\lv_os_none.c(48): warning:  #111-D: statement is unreachable
      return LV_RESULT_INVALID;
D:\Program Files\ArmPack\LVGL\lvgl\9.2.1\src\osal\lv_os_none.c(55): warning:  #111-D: statement is unreachable
      return LV_RESULT_INVALID;
D:\Program Files\ArmPack\LVGL\lvgl\9.2.1\src\osal\lv_os_none.c(92): warning:  #111-D: statement is unreachable
      return LV_RESULT_INVALID;
D:\Program Files\ArmPack\LVGL\lvgl\9.2.1\src\osal\lv_os_none.c(99): warning:  #111-D: statement is unreachable
      return LV_RESULT_INVALID;
D:\Program Files\ArmPack\LVGL\lvgl\9.2.1\src\osal\lv_os_none.c(106): warning:  #111-D: statement is unreachable
      return LV_RESULT_INVALID;
D:\Program Files\ArmPack\LVGL\lvgl\9.2.1\src\osal\lv_os_none.c(113): warning:  #111-D: statement is unreachable
      return LV_RESULT_INVALID;
D:\Program Files\ArmPack\LVGL\lvgl\9.2.1\src\osal\lv_os_none.c(120): warning:  #111-D: statement is unreachable
      return LV_RESULT_INVALID;
D:\Program Files\ArmPack\LVGL\lvgl\9.2.1\src\osal\lv_os_none.c: 7 warnings, 0 errors
compiling vg_lite_tvg.cpp...
compiling vg_lite_matrix.c...
compiling lv_string_builtin.c...
compiling lv_sysmon.c...
compiling lv_os.c...
compiling lv_sprintf_builtin.c...
compiling lv_mem_core_builtin.c...
compiling lv_tlsf.c...
D:\Program Files\ArmPack\LVGL\lvgl\9.2.1\src\stdlib\builtin\lv_tlsf.c(897): warning:  #68-D: integer conversion resulted in a change of sign
          offset_to_block(pool, -(int)block_header_overhead);
D:\Program Files\ArmPack\LVGL\lvgl\9.2.1\src\stdlib\builtin\lv_tlsf.c(999): warning:  #68-D: integer conversion resulted in a change of sign
      block = offset_to_block(mem, -(tlsfptr_t)block_header_overhead);
D:\Program Files\ArmPack\LVGL\lvgl\9.2.1\src\stdlib\builtin\lv_tlsf.c(1017): warning:  #68-D: integer conversion resulted in a change of sign
      block_header_t * block = offset_to_block(pool, -(int)block_header_overhead);
D:\Program Files\ArmPack\LVGL\lvgl\9.2.1\src\stdlib\builtin\lv_tlsf.c: 3 warnings, 0 errors
compiling lv_observer.c...
D:\Program Files\ArmPack\LVGL\lvgl\9.2.1\src\others\observer\lv_observer.c(599): warning:  #188-D: enumerated type mixed with another type
          lv_obj_add_flag(observer->target, p->flag);
D:\Program Files\ArmPack\LVGL\lvgl\9.2.1\src\others\observer\lv_observer.c(602): warning:  #188-D: enumerated type mixed with another type
          lv_obj_remove_flag(observer->target, p->flag);
D:\Program Files\ArmPack\LVGL\lvgl\9.2.1\src\others\observer\lv_observer.c: 2 warnings, 0 errors
compiling lv_mem_core_clib.c...
compiling lv_sprintf_clib.c...
compiling lv_string_clib.c...
compiling lv_mem_core_micropython.c...
compiling lv_sprintf_rtthread.c...
compiling lv_mem_core_rtthread.c...
compiling lv_string_rtthread.c...
compiling lv_mem.c...
compiling lv_theme.c...
compiling lv_theme_mono.c...
compiling lv_theme_default.c...
D:\Program Files\ArmPack\LVGL\lvgl\9.2.1\src\themes\default\lv_theme_default.c(539): warning:  #188-D: enumerated type mixed with another type
      lv_style_set_border_side(&theme->styles.table_cell, LV_BORDER_SIDE_TOP | LV_BORDER_SIDE_BOTTOM);
D:\Program Files\ArmPack\LVGL\lvgl\9.2.1\src\themes\default\lv_theme_default.c: 1 warning, 0 errors
compiling lv_tick.c...
compiling lv_theme_simple.c...
compiling lv_animimage.c...
compiling lv_button.c...
compiling lv_bar.c...
compiling lv_arc.c...
D:\Program Files\ArmPack\LVGL\lvgl\9.2.1\src\widgets\arc\lv_arc.c(341): warning:  #188-D: enumerated type mixed with another type
      return ((lv_arc_t *) obj)->type;
D:\Program Files\ArmPack\LVGL\lvgl\9.2.1\src\widgets\arc\lv_arc.c(437): warning:  #188-D: enumerated type mixed with another type
      lv_obj_remove_flag(obj, LV_OBJ_FLAG_SCROLL_CHAIN | LV_OBJ_FLAG_SCROLLABLE);
D:\Program Files\ArmPack\LVGL\lvgl\9.2.1\src\widgets\arc\lv_arc.c: 2 warnings, 0 errors
compiling lv_calendar_chinese.c...
compiling lv_calendar_header_dropdown.c...
compiling lv_calendar_header_arrow.c...
D:\Program Files\ArmPack\LVGL\lvgl\9.2.1\src\widgets\calendar\lv_calendar_header_arrow.c(116): warning:  #186-D: pointless comparison of unsigned integer with zero
      LV_ASSERT_FORMAT_MSG(newd.year >= 0 && newd.month >= 1 && newd.month <= 12,
D:\Program Files\ArmPack\LVGL\lvgl\9.2.1\src\widgets\calendar\lv_calendar_header_arrow.c(151): warning:  #186-D: pointless comparison of unsigned integer with zero
      LV_ASSERT_FORMAT_MSG(date->year >= 0 && date->month >= 1 && date->month <= 12,
D:\Program Files\ArmPack\LVGL\lvgl\9.2.1\src\widgets\calendar\lv_calendar_header_arrow.c: 2 warnings, 0 errors
compiling lv_canvas.c...
D:\Program Files\ArmPack\LVGL\lvgl\9.2.1\src\widgets\canvas\lv_canvas.c(114): warning:  #188-D: enumerated type mixed with another type
      lv_color_format_t cf = draw_buf->header.cf;
D:\Program Files\ArmPack\LVGL\lvgl\9.2.1\src\widgets\canvas\lv_canvas.c(382): warning:  #188-D: enumerated type mixed with another type
      layer->color_format = header->cf;
D:\Program Files\ArmPack\LVGL\lvgl\9.2.1\src\widgets\canvas\lv_canvas.c: 2 warnings, 0 errors
compiling lv_buttonmatrix.c...
compiling lv_calendar.c...
D:\Program Files\ArmPack\LVGL\lvgl\9.2.1\src\widgets\calendar\lv_calendar.c(325): warning:  #188-D: enumerated type mixed with another type
      lv_buttonmatrix_set_button_ctrl_all(calendar->btnm, LV_BUTTONMATRIX_CTRL_CLICK_TRIG | LV_BUTTONMATRIX_CTRL_NO_REPEAT);
D:\Program Files\ArmPack\LVGL\lvgl\9.2.1\src\widgets\calendar\lv_calendar.c(328): warning:  #188-D: enumerated type mixed with another type
      lv_obj_add_flag(calendar->btnm, LV_OBJ_FLAG_EVENT_BUBBLE | LV_OBJ_FLAG_SEND_DRAW_TASK_EVENTS);
D:\Program Files\ArmPack\LVGL\lvgl\9.2.1\src\widgets\calendar\lv_calendar.c(440): warning:  #188-D: enumerated type mixed with another type
      lv_buttonmatrix_clear_button_ctrl_all(calendar->btnm, LV_CALENDAR_CTRL_TODAY | LV_CALENDAR_CTRL_HIGHLIGHT);
D:\Program Files\ArmPack\LVGL\lvgl\9.2.1\src\widgets\calendar\lv_calendar.c: 3 warnings, 0 errors
compiling lv_chart.c...
compiling lv_checkbox.c...
compiling lv_led.c...
compiling lv_imagebutton.c...
compiling lv_image.c...
D:\Program Files\ArmPack\LVGL\lvgl\9.2.1\src\widgets\image\lv_image.c(540): warning:  #188-D: enumerated type mixed with another type
      return img->blend_mode;
D:\Program Files\ArmPack\LVGL\lvgl\9.2.1\src\widgets\image\lv_image.c(558): warning:  #188-D: enumerated type mixed with another type
      return img->align;
D:\Program Files\ArmPack\LVGL\lvgl\9.2.1\src\widgets\image\lv_image.c(702): warning:  #188-D: enumerated type mixed with another type
          if(lv_color_format_has_alpha(img->cf)) {
D:\Program Files\ArmPack\LVGL\lvgl\9.2.1\src\widgets\image\lv_image.c(764): warning:  #188-D: enumerated type mixed with another type
              draw_dsc.blend_mode = img->blend_mode;
D:\Program Files\ArmPack\LVGL\lvgl\9.2.1\src\widgets\image\lv_image.c(777): warning:  #188-D: enumerated type mixed with another type
                  lv_area_align(&obj->coords, &draw_dsc.image_area, img->align, img->offset.x, img->offset.y);
D:\Program Files\ArmPack\LVGL\lvgl\9.2.1\src\widgets\image\lv_image.c: 5 warnings, 0 errors
compiling lv_keyboard.c...
D:\Program Files\ArmPack\LVGL\lvgl\9.2.1\src\widgets\keyboard\lv_keyboard.c(98): warning:  #188-D: enumerated type mixed with another type
      LV_KEYBOARD_CTRL_BUTTON_FLAGS | 5, LV_KB_BTN(4), LV_KB_BTN(4), LV_KB_BTN(4), LV_KB_BTN(4), LV_KB_BTN(4), LV_KB_BTN(4), LV_KB_BTN(4), LV_KB_BTN(4), LV_KB_BTN(4), LV_KB_BTN(4), LV_BUTTONMATRIX_CTRL_CHECKED | 7,
D:\Program Files\ArmPack\LVGL\lvgl\9.2.1\src\widgets\keyboard\lv_keyboard.c(98): warning:  #188-D: enumerated type mixed with another type
      LV_KEYBOARD_CTRL_BUTTON_FLAGS | 5, LV_KB_BTN(4), LV_KB_BTN(4), LV_KB_BTN(4), LV_KB_BTN(4), LV_KB_BTN(4), LV_KB_BTN(4), LV_KB_BTN(4), LV_KB_BTN(4), LV_KB_BTN(4), LV_KB_BTN(4), LV_BUTTONMATRIX_CTRL_CHECKED | 7,
D:\Program Files\ArmPack\LVGL\lvgl\9.2.1\src\widgets\keyboard\lv_keyboard.c(98): warning:  #188-D: enumerated type mixed with another type
      LV_KEYBOARD_CTRL_BUTTON_FLAGS | 5, LV_KB_BTN(4), LV_KB_BTN(4), LV_KB_BTN(4), LV_KB_BTN(4), LV_KB_BTN(4), LV_KB_BTN(4), LV_KB_BTN(4), LV_KB_BTN(4), LV_KB_BTN(4), LV_KB_BTN(4), LV_BUTTONMATRIX_CTRL_CHECKED | 7,
D:\Program Files\ArmPack\LVGL\lvgl\9.2.1\src\widgets\keyboard\lv_keyboard.c(98): warning:  #188-D: enumerated type mixed with another type
      LV_KEYBOARD_CTRL_BUTTON_FLAGS | 5, LV_KB_BTN(4), LV_KB_BTN(4), LV_KB_BTN(4), LV_KB_BTN(4), LV_KB_BTN(4), LV_KB_BTN(4), LV_KB_BTN(4), LV_KB_BTN(4), LV_KB_BTN(4), LV_KB_BTN(4), LV_BUTTONMATRIX_CTRL_CHECKED | 7,
D:\Program Files\ArmPack\LVGL\lvgl\9.2.1\src\widgets\keyboard\lv_keyboard.c(98): warning:  #188-D: enumerated type mixed with another type
      LV_KEYBOARD_CTRL_BUTTON_FLAGS | 5, LV_KB_BTN(4), LV_KB_BTN(4), LV_KB_BTN(4), LV_KB_BTN(4), LV_KB_BTN(4), LV_KB_BTN(4), LV_KB_BTN(4), LV_KB_BTN(4), LV_KB_BTN(4), LV_KB_BTN(4), LV_BUTTONMATRIX_CTRL_CHECKED | 7,
D:\Program Files\ArmPack\LVGL\lvgl\9.2.1\src\widgets\keyboard\lv_keyboard.c(98): warning:  #188-D: enumerated type mixed with another type
      LV_KEYBOARD_CTRL_BUTTON_FLAGS | 5, LV_KB_BTN(4), LV_KB_BTN(4), LV_KB_BTN(4), LV_KB_BTN(4), LV_KB_BTN(4), LV_KB_BTN(4), LV_KB_BTN(4), LV_KB_BTN(4), LV_KB_BTN(4), LV_KB_BTN(4), LV_BUTTONMATRIX_CTRL_CHECKED | 7,
D:\Program Files\ArmPack\LVGL\lvgl\9.2.1\src\widgets\keyboard\lv_keyboard.c(98): warning:  #188-D: enumerated type mixed with another type
      LV_KEYBOARD_CTRL_BUTTON_FLAGS | 5, LV_KB_BTN(4), LV_KB_BTN(4), LV_KB_BTN(4), LV_KB_BTN(4), LV_KB_BTN(4), LV_KB_BTN(4), LV_KB_BTN(4), LV_KB_BTN(4), LV_KB_BTN(4), LV_KB_BTN(4), LV_BUTTONMATRIX_CTRL_CHECKED | 7,
D:\Program Files\ArmPack\LVGL\lvgl\9.2.1\src\widgets\keyboard\lv_keyboard.c(98): warning:  #188-D: enumerated type mixed with another type
      LV_KEYBOARD_CTRL_BUTTON_FLAGS | 5, LV_KB_BTN(4), LV_KB_BTN(4), LV_KB_BTN(4), LV_KB_BTN(4), LV_KB_BTN(4), LV_KB_BTN(4), LV_KB_BTN(4), LV_KB_BTN(4), LV_KB_BTN(4), LV_KB_BTN(4), LV_BUTTONMATRIX_CTRL_CHECKED | 7,
D:\Program Files\ArmPack\LVGL\lvgl\9.2.1\src\widgets\keyboard\lv_keyboard.c(98): warning:  #188-D: enumerated type mixed with another type
      LV_KEYBOARD_CTRL_BUTTON_FLAGS | 5, LV_KB_BTN(4), LV_KB_BTN(4), LV_KB_BTN(4), LV_KB_BTN(4), LV_KB_BTN(4), LV_KB_BTN(4), LV_KB_BTN(4), LV_KB_BTN(4), LV_KB_BTN(4), LV_KB_BTN(4), LV_BUTTONMATRIX_CTRL_CHECKED | 7,
D:\Program Files\ArmPack\LVGL\lvgl\9.2.1\src\widgets\keyboard\lv_keyboard.c(98): warning:  #188-D: enumerated type mixed with another type
      LV_KEYBOARD_CTRL_BUTTON_FLAGS | 5, LV_KB_BTN(4), LV_KB_BTN(4), LV_KB_BTN(4), LV_KB_BTN(4), LV_KB_BTN(4), LV_KB_BTN(4), LV_KB_BTN(4), LV_KB_BTN(4), LV_KB_BTN(4), LV_KB_BTN(4), LV_BUTTONMATRIX_CTRL_CHECKED | 7,
D:\Program Files\ArmPack\LVGL\lvgl\9.2.1\src\widgets\keyboard\lv_keyboard.c(98): warning:  #188-D: enumerated type mixed with another type
      LV_KEYBOARD_CTRL_BUTTON_FLAGS | 5, LV_KB_BTN(4), LV_KB_BTN(4), LV_KB_BTN(4), LV_KB_BTN(4), LV_KB_BTN(4), LV_KB_BTN(4), LV_KB_BTN(4), LV_KB_BTN(4), LV_KB_BTN(4), LV_KB_BTN(4), LV_BUTTONMATRIX_CTRL_CHECKED | 7,
D:\Program Files\ArmPack\LVGL\lvgl\9.2.1\src\widgets\keyboard\lv_keyboard.c(98): warning:  #188-D: enumerated type mixed with another type
      LV_KEYBOARD_CTRL_BUTTON_FLAGS | 5, LV_KB_BTN(4), LV_KB_BTN(4), LV_KB_BTN(4), LV_KB_BTN(4), LV_KB_BTN(4), LV_KB_BTN(4), LV_KB_BTN(4), LV_KB_BTN(4), LV_KB_BTN(4), LV_KB_BTN(4), LV_BUTTONMATRIX_CTRL_CHECKED | 7,
D:\Program Files\ArmPack\LVGL\lvgl\9.2.1\src\widgets\keyboard\lv_keyboard.c(99): warning:  #188-D: enumerated type mixed with another type
      LV_KEYBOARD_CTRL_BUTTON_FLAGS | 6, LV_KB_BTN(3), LV_KB_BTN(3), LV_KB_BTN(3), LV_KB_BTN(3), LV_KB_BTN(3), LV_KB_BTN(3), LV_KB_BTN(3), LV_KB_BTN(3), LV_KB_BTN(3), LV_BUTTONMATRIX_CTRL_CHECKED | 7,
D:\Program Files\ArmPack\LVGL\lvgl\9.2.1\src\widgets\keyboard\lv_keyboard.c(99): warning:  #188-D: enumerated type mixed with another type
      LV_KEYBOARD_CTRL_BUTTON_FLAGS | 6, LV_KB_BTN(3), LV_KB_BTN(3), LV_KB_BTN(3), LV_KB_BTN(3), LV_KB_BTN(3), LV_KB_BTN(3), LV_KB_BTN(3), LV_KB_BTN(3), LV_KB_BTN(3), LV_BUTTONMATRIX_CTRL_CHECKED | 7,
D:\Program Files\ArmPack\LVGL\lvgl\9.2.1\src\widgets\keyboard\lv_keyboard.c(99): warning:  #188-D: enumerated type mixed with another type
      LV_KEYBOARD_CTRL_BUTTON_FLAGS | 6, LV_KB_BTN(3), LV_KB_BTN(3), LV_KB_BTN(3), LV_KB_BTN(3), LV_KB_BTN(3), LV_KB_BTN(3), LV_KB_BTN(3), LV_KB_BTN(3), LV_KB_BTN(3), LV_BUTTONMATRIX_CTRL_CHECKED | 7,
D:\Program Files\ArmPack\LVGL\lvgl\9.2.1\src\widgets\keyboard\lv_keyboard.c(99): warning:  #188-D: enumerated type mixed with another type
      LV_KEYBOARD_CTRL_BUTTON_FLAGS | 6, LV_KB_BTN(3), LV_KB_BTN(3), LV_KB_BTN(3), LV_KB_BTN(3), LV_KB_BTN(3), LV_KB_BTN(3), LV_KB_BTN(3), LV_KB_BTN(3), LV_KB_BTN(3), LV_BUTTONMATRIX_CTRL_CHECKED | 7,
D:\Program Files\ArmPack\LVGL\lvgl\9.2.1\src\widgets\keyboard\lv_keyboard.c(99): warning:  #188-D: enumerated type mixed with another type
      LV_KEYBOARD_CTRL_BUTTON_FLAGS | 6, LV_KB_BTN(3), LV_KB_BTN(3), LV_KB_BTN(3), LV_KB_BTN(3), LV_KB_BTN(3), LV_KB_BTN(3), LV_KB_BTN(3), LV_KB_BTN(3), LV_KB_BTN(3), LV_BUTTONMATRIX_CTRL_CHECKED | 7,
D:\Program Files\ArmPack\LVGL\lvgl\9.2.1\src\widgets\keyboard\lv_keyboard.c(99): warning:  #188-D: enumerated type mixed with another type
      LV_KEYBOARD_CTRL_BUTTON_FLAGS | 6, LV_KB_BTN(3), LV_KB_BTN(3), LV_KB_BTN(3), LV_KB_BTN(3), LV_KB_BTN(3), LV_KB_BTN(3), LV_KB_BTN(3), LV_KB_BTN(3), LV_KB_BTN(3), LV_BUTTONMATRIX_CTRL_CHECKED | 7,
D:\Program Files\ArmPack\LVGL\lvgl\9.2.1\src\widgets\keyboard\lv_keyboard.c(99): warning:  #188-D: enumerated type mixed with another type
      LV_KEYBOARD_CTRL_BUTTON_FLAGS | 6, LV_KB_BTN(3), LV_KB_BTN(3), LV_KB_BTN(3), LV_KB_BTN(3), LV_KB_BTN(3), LV_KB_BTN(3), LV_KB_BTN(3), LV_KB_BTN(3), LV_KB_BTN(3), LV_BUTTONMATRIX_CTRL_CHECKED | 7,
D:\Program Files\ArmPack\LVGL\lvgl\9.2.1\src\widgets\keyboard\lv_keyboard.c(99): warning:  #188-D: enumerated type mixed with another type
      LV_KEYBOARD_CTRL_BUTTON_FLAGS | 6, LV_KB_BTN(3), LV_KB_BTN(3), LV_KB_BTN(3), LV_KB_BTN(3), LV_KB_BTN(3), LV_KB_BTN(3), LV_KB_BTN(3), LV_KB_BTN(3), LV_KB_BTN(3), LV_BUTTONMATRIX_CTRL_CHECKED | 7,
D:\Program Files\ArmPack\LVGL\lvgl\9.2.1\src\widgets\keyboard\lv_keyboard.c(99): warning:  #188-D: enumerated type mixed with another type
      LV_KEYBOARD_CTRL_BUTTON_FLAGS | 6, LV_KB_BTN(3), LV_KB_BTN(3), LV_KB_BTN(3), LV_KB_BTN(3), LV_KB_BTN(3), LV_KB_BTN(3), LV_KB_BTN(3), LV_KB_BTN(3), LV_KB_BTN(3), LV_BUTTONMATRIX_CTRL_CHECKED | 7,
D:\Program Files\ArmPack\LVGL\lvgl\9.2.1\src\widgets\keyboard\lv_keyboard.c(99): warning:  #188-D: enumerated type mixed with another type
      LV_KEYBOARD_CTRL_BUTTON_FLAGS | 6, LV_KB_BTN(3), LV_KB_BTN(3), LV_KB_BTN(3), LV_KB_BTN(3), LV_KB_BTN(3), LV_KB_BTN(3), LV_KB_BTN(3), LV_KB_BTN(3), LV_KB_BTN(3), LV_BUTTONMATRIX_CTRL_CHECKED | 7,
D:\Program Files\ArmPack\LVGL\lvgl\9.2.1\src\widgets\keyboard\lv_keyboard.c(99): warning:  #188-D: enumerated type mixed with another type
      LV_KEYBOARD_CTRL_BUTTON_FLAGS | 6, LV_KB_BTN(3), LV_KB_BTN(3), LV_KB_BTN(3), LV_KB_BTN(3), LV_KB_BTN(3), LV_KB_BTN(3), LV_KB_BTN(3), LV_KB_BTN(3), LV_KB_BTN(3), LV_BUTTONMATRIX_CTRL_CHECKED | 7,
D:\Program Files\ArmPack\LVGL\lvgl\9.2.1\src\widgets\keyboard\lv_keyboard.c(100): warning:  #188-D: enumerated type mixed with another type
      LV_BUTTONMATRIX_CTRL_CHECKED | LV_KB_BTN(1), LV_BUTTONMATRIX_CTRL_CHECKED | LV_KB_BTN(1), LV_KB_BTN(1), LV_KB_BTN(1), LV_KB_BTN(1), LV_KB_BTN(1), LV_KB_BTN(1), LV_KB_BTN(1), LV_KB_BTN(1), LV_BUTTONMATRIX_CTRL_CHECKED | LV_KB_BTN(1), LV_BUTTONMATRIX_CTRL_CHECKED | LV_KB_BTN(1), LV_BUTTONMATRIX_CTRL_CHECKED | LV_KB_BTN(1),
D:\Program Files\ArmPack\LVGL\lvgl\9.2.1\src\widgets\keyboard\lv_keyboard.c(100): warning:  #188-D: enumerated type mixed with another type
      LV_BUTTONMATRIX_CTRL_CHECKED | LV_KB_BTN(1), LV_BUTTONMATRIX_CTRL_CHECKED | LV_KB_BTN(1), LV_KB_BTN(1), LV_KB_BTN(1), LV_KB_BTN(1), LV_KB_BTN(1), LV_KB_BTN(1), LV_KB_BTN(1), LV_KB_BTN(1), LV_BUTTONMATRIX_CTRL_CHECKED | LV_KB_BTN(1), LV_BUTTONMATRIX_CTRL_CHECKED | LV_KB_BTN(1), LV_BUTTONMATRIX_CTRL_CHECKED | LV_KB_BTN(1),
D:\Program Files\ArmPack\LVGL\lvgl\9.2.1\src\widgets\keyboard\lv_keyboard.c(100): warning:  #188-D: enumerated type mixed with another type
      LV_BUTTONMATRIX_CTRL_CHECKED | LV_KB_BTN(1), LV_BUTTONMATRIX_CTRL_CHECKED | LV_KB_BTN(1), LV_KB_BTN(1), LV_KB_BTN(1), LV_KB_BTN(1), LV_KB_BTN(1), LV_KB_BTN(1), LV_KB_BTN(1), LV_KB_BTN(1), LV_BUTTONMATRIX_CTRL_CHECKED | LV_KB_BTN(1), LV_BUTTONMATRIX_CTRL_CHECKED | LV_KB_BTN(1), LV_BUTTONMATRIX_CTRL_CHECKED | LV_KB_BTN(1),
D:\Program Files\ArmPack\LVGL\lvgl\9.2.1\src\widgets\keyboard\lv_keyboard.c(100): warning:  #188-D: enumerated type mixed with another type
      LV_BUTTONMATRIX_CTRL_CHECKED | LV_KB_BTN(1), LV_BUTTONMATRIX_CTRL_CHECKED | LV_KB_BTN(1), LV_KB_BTN(1), LV_KB_BTN(1), LV_KB_BTN(1), LV_KB_BTN(1), LV_KB_BTN(1), LV_KB_BTN(1), LV_KB_BTN(1), LV_BUTTONMATRIX_CTRL_CHECKED | LV_KB_BTN(1), LV_BUTTONMATRIX_CTRL_CHECKED | LV_KB_BTN(1), LV_BUTTONMATRIX_CTRL_CHECKED | LV_KB_BTN(1),
D:\Program Files\ArmPack\LVGL\lvgl\9.2.1\src\widgets\keyboard\lv_keyboard.c(100): warning:  #188-D: enumerated type mixed with another type
      LV_BUTTONMATRIX_CTRL_CHECKED | LV_KB_BTN(1), LV_BUTTONMATRIX_CTRL_CHECKED | LV_KB_BTN(1), LV_KB_BTN(1), LV_KB_BTN(1), LV_KB_BTN(1), LV_KB_BTN(1), LV_KB_BTN(1), LV_KB_BTN(1), LV_KB_BTN(1), LV_BUTTONMATRIX_CTRL_CHECKED | LV_KB_BTN(1), LV_BUTTONMATRIX_CTRL_CHECKED | LV_KB_BTN(1), LV_BUTTONMATRIX_CTRL_CHECKED | LV_KB_BTN(1),
D:\Program Files\ArmPack\LVGL\lvgl\9.2.1\src\widgets\keyboard\lv_keyboard.c(100): warning:  #188-D: enumerated type mixed with another type
      LV_BUTTONMATRIX_CTRL_CHECKED | LV_KB_BTN(1), LV_BUTTONMATRIX_CTRL_CHECKED | LV_KB_BTN(1), LV_KB_BTN(1), LV_KB_BTN(1), LV_KB_BTN(1), LV_KB_BTN(1), LV_KB_BTN(1), LV_KB_BTN(1), LV_KB_BTN(1), LV_BUTTONMATRIX_CTRL_CHECKED | LV_KB_BTN(1), LV_BUTTONMATRIX_CTRL_CHECKED | LV_KB_BTN(1), LV_BUTTONMATRIX_CTRL_CHECKED | LV_KB_BTN(1),
D:\Program Files\ArmPack\LVGL\lvgl\9.2.1\src\widgets\keyboard\lv_keyboard.c(100): warning:  #188-D: enumerated type mixed with another type
      LV_BUTTONMATRIX_CTRL_CHECKED | LV_KB_BTN(1), LV_BUTTONMATRIX_CTRL_CHECKED | LV_KB_BTN(1), LV_KB_BTN(1), LV_KB_BTN(1), LV_KB_BTN(1), LV_KB_BTN(1), LV_KB_BTN(1), LV_KB_BTN(1), LV_KB_BTN(1), LV_BUTTONMATRIX_CTRL_CHECKED | LV_KB_BTN(1), LV_BUTTONMATRIX_CTRL_CHECKED | LV_KB_BTN(1), LV_BUTTONMATRIX_CTRL_CHECKED | LV_KB_BTN(1),
D:\Program Files\ArmPack\LVGL\lvgl\9.2.1\src\widgets\keyboard\lv_keyboard.c(100): warning:  #188-D: enumerated type mixed with another type
      LV_BUTTONMATRIX_CTRL_CHECKED | LV_KB_BTN(1), LV_BUTTONMATRIX_CTRL_CHECKED | LV_KB_BTN(1), LV_KB_BTN(1), LV_KB_BTN(1), LV_KB_BTN(1), LV_KB_BTN(1), LV_KB_BTN(1), LV_KB_BTN(1), LV_KB_BTN(1), LV_BUTTONMATRIX_CTRL_CHECKED | LV_KB_BTN(1), LV_BUTTONMATRIX_CTRL_CHECKED | LV_KB_BTN(1), LV_BUTTONMATRIX_CTRL_CHECKED | LV_KB_BTN(1),
D:\Program Files\ArmPack\LVGL\lvgl\9.2.1\src\widgets\keyboard\lv_keyboard.c(100): warning:  #188-D: enumerated type mixed with another type
      LV_BUTTONMATRIX_CTRL_CHECKED | LV_KB_BTN(1), LV_BUTTONMATRIX_CTRL_CHECKED | LV_KB_BTN(1), LV_KB_BTN(1), LV_KB_BTN(1), LV_KB_BTN(1), LV_KB_BTN(1), LV_KB_BTN(1), LV_KB_BTN(1), LV_KB_BTN(1), LV_BUTTONMATRIX_CTRL_CHECKED | LV_KB_BTN(1), LV_BUTTONMATRIX_CTRL_CHECKED | LV_KB_BTN(1), LV_BUTTONMATRIX_CTRL_CHECKED | LV_KB_BTN(1),
D:\Program Files\ArmPack\LVGL\lvgl\9.2.1\src\widgets\keyboard\lv_keyboard.c(100): warning:  #188-D: enumerated type mixed with another type
      LV_BUTTONMATRIX_CTRL_CHECKED | LV_KB_BTN(1), LV_BUTTONMATRIX_CTRL_CHECKED | LV_KB_BTN(1), LV_KB_BTN(1), LV_KB_BTN(1), LV_KB_BTN(1), LV_KB_BTN(1), LV_KB_BTN(1), LV_KB_BTN(1), LV_KB_BTN(1), LV_BUTTONMATRIX_CTRL_CHECKED | LV_KB_BTN(1), LV_BUTTONMATRIX_CTRL_CHECKED | LV_KB_BTN(1), LV_BUTTONMATRIX_CTRL_CHECKED | LV_KB_BTN(1),
D:\Program Files\ArmPack\LVGL\lvgl\9.2.1\src\widgets\keyboard\lv_keyboard.c(100): warning:  #188-D: enumerated type mixed with another type
      LV_BUTTONMATRIX_CTRL_CHECKED | LV_KB_BTN(1), LV_BUTTONMATRIX_CTRL_CHECKED | LV_KB_BTN(1), LV_KB_BTN(1), LV_KB_BTN(1), LV_KB_BTN(1), LV_KB_BTN(1), LV_KB_BTN(1), LV_KB_BTN(1), LV_KB_BTN(1), LV_BUTTONMATRIX_CTRL_CHECKED | LV_KB_BTN(1), LV_BUTTONMATRIX_CTRL_CHECKED | LV_KB_BTN(1), LV_BUTTONMATRIX_CTRL_CHECKED | LV_KB_BTN(1),
D:\Program Files\ArmPack\LVGL\lvgl\9.2.1\src\widgets\keyboard\lv_keyboard.c(100): warning:  #188-D: enumerated type mixed with another type
      LV_BUTTONMATRIX_CTRL_CHECKED | LV_KB_BTN(1), LV_BUTTONMATRIX_CTRL_CHECKED | LV_KB_BTN(1), LV_KB_BTN(1), LV_KB_BTN(1), LV_KB_BTN(1), LV_KB_BTN(1), LV_KB_BTN(1), LV_KB_BTN(1), LV_KB_BTN(1), LV_BUTTONMATRIX_CTRL_CHECKED | LV_KB_BTN(1), LV_BUTTONMATRIX_CTRL_CHECKED | LV_KB_BTN(1), LV_BUTTONMATRIX_CTRL_CHECKED | LV_KB_BTN(1),
D:\Program Files\ArmPack\LVGL\lvgl\9.2.1\src\widgets\keyboard\lv_keyboard.c(101): warning:  #188-D: enumerated type mixed with another type
      LV_KEYBOARD_CTRL_BUTTON_FLAGS | 2,
D:\Program Files\ArmPack\LVGL\lvgl\9.2.1\src\widgets\keyboard\lv_keyboard.c(105): warning:  #188-D: enumerated type mixed with another type
      LV_BUTTONMATRIX_CTRL_CHECKED | 2, 6, LV_BUTTONMATRIX_CTRL_CHECKED | 2, LV_KEYBOARD_CTRL_BUTTON_FLAGS | 2
D:\Program Files\ArmPack\LVGL\lvgl\9.2.1\src\widgets\keyboard\lv_keyboard.c(105): warning:  #188-D: enumerated type mixed with another type
      LV_BUTTONMATRIX_CTRL_CHECKED | 2, 6, LV_BUTTONMATRIX_CTRL_CHECKED | 2, LV_KEYBOARD_CTRL_BUTTON_FLAGS | 2
D:\Program Files\ArmPack\LVGL\lvgl\9.2.1\src\widgets\keyboard\lv_keyboard.c(105): warning:  #188-D: enumerated type mixed with another type
      LV_BUTTONMATRIX_CTRL_CHECKED | 2, 6, LV_BUTTONMATRIX_CTRL_CHECKED | 2, LV_KEYBOARD_CTRL_BUTTON_FLAGS | 2
D:\Program Files\ArmPack\LVGL\lvgl\9.2.1\src\widgets\keyboard\lv_keyboard.c(105): warning:  #188-D: enumerated type mixed with another type
      LV_BUTTONMATRIX_CTRL_CHECKED | 2, 6, LV_BUTTONMATRIX_CTRL_CHECKED | 2, LV_KEYBOARD_CTRL_BUTTON_FLAGS | 2
D:\Program Files\ArmPack\LVGL\lvgl\9.2.1\src\widgets\keyboard\lv_keyboard.c(119): warning:  #188-D: enumerated type mixed with another type
      LV_KEYBOARD_CTRL_BUTTON_FLAGS | 5, LV_KB_BTN(4), LV_KB_BTN(4), LV_KB_BTN(4), LV_KB_BTN(4), LV_KB_BTN(4), LV_KB_BTN(4), LV_KB_BTN(4), LV_KB_BTN(4), LV_KB_BTN(4), LV_KB_BTN(4), LV_BUTTONMATRIX_CTRL_CHECKED | 7,
D:\Program Files\ArmPack\LVGL\lvgl\9.2.1\src\widgets\keyboard\lv_keyboard.c(119): warning:  #188-D: enumerated type mixed with another type
      LV_KEYBOARD_CTRL_BUTTON_FLAGS | 5, LV_KB_BTN(4), LV_KB_BTN(4), LV_KB_BTN(4), LV_KB_BTN(4), LV_KB_BTN(4), LV_KB_BTN(4), LV_KB_BTN(4), LV_KB_BTN(4), LV_KB_BTN(4), LV_KB_BTN(4), LV_BUTTONMATRIX_CTRL_CHECKED | 7,
D:\Program Files\ArmPack\LVGL\lvgl\9.2.1\src\widgets\keyboard\lv_keyboard.c(119): warning:  #188-D: enumerated type mixed with another type
      LV_KEYBOARD_CTRL_BUTTON_FLAGS | 5, LV_KB_BTN(4), LV_KB_BTN(4), LV_KB_BTN(4), LV_KB_BTN(4), LV_KB_BTN(4), LV_KB_BTN(4), LV_KB_BTN(4), LV_KB_BTN(4), LV_KB_BTN(4), LV_KB_BTN(4), LV_BUTTONMATRIX_CTRL_CHECKED | 7,
D:\Program Files\ArmPack\LVGL\lvgl\9.2.1\src\widgets\keyboard\lv_keyboard.c(119): warning:  #188-D: enumerated type mixed with another type
      LV_KEYBOARD_CTRL_BUTTON_FLAGS | 5, LV_KB_BTN(4), LV_KB_BTN(4), LV_KB_BTN(4), LV_KB_BTN(4), LV_KB_BTN(4), LV_KB_BTN(4), LV_KB_BTN(4), LV_KB_BTN(4), LV_KB_BTN(4), LV_KB_BTN(4), LV_BUTTONMATRIX_CTRL_CHECKED | 7,
D:\Program Files\ArmPack\LVGL\lvgl\9.2.1\src\widgets\keyboard\lv_keyboard.c(119): warning:  #188-D: enumerated type mixed with another type
      LV_KEYBOARD_CTRL_BUTTON_FLAGS | 5, LV_KB_BTN(4), LV_KB_BTN(4), LV_KB_BTN(4), LV_KB_BTN(4), LV_KB_BTN(4), LV_KB_BTN(4), LV_KB_BTN(4), LV_KB_BTN(4), LV_KB_BTN(4), LV_KB_BTN(4), LV_BUTTONMATRIX_CTRL_CHECKED | 7,
D:\Program Files\ArmPack\LVGL\lvgl\9.2.1\src\widgets\keyboard\lv_keyboard.c(119): warning:  #188-D: enumerated type mixed with another type
      LV_KEYBOARD_CTRL_BUTTON_FLAGS | 5, LV_KB_BTN(4), LV_KB_BTN(4), LV_KB_BTN(4), LV_KB_BTN(4), LV_KB_BTN(4), LV_KB_BTN(4), LV_KB_BTN(4), LV_KB_BTN(4), LV_KB_BTN(4), LV_KB_BTN(4), LV_BUTTONMATRIX_CTRL_CHECKED | 7,
D:\Program Files\ArmPack\LVGL\lvgl\9.2.1\src\widgets\keyboard\lv_keyboard.c(119): warning:  #188-D: enumerated type mixed with another type
      LV_KEYBOARD_CTRL_BUTTON_FLAGS | 5, LV_KB_BTN(4), LV_KB_BTN(4), LV_KB_BTN(4), LV_KB_BTN(4), LV_KB_BTN(4), LV_KB_BTN(4), LV_KB_BTN(4), LV_KB_BTN(4), LV_KB_BTN(4), LV_KB_BTN(4), LV_BUTTONMATRIX_CTRL_CHECKED | 7,
D:\Program Files\ArmPack\LVGL\lvgl\9.2.1\src\widgets\keyboard\lv_keyboard.c(119): warning:  #188-D: enumerated type mixed with another type
      LV_KEYBOARD_CTRL_BUTTON_FLAGS | 5, LV_KB_BTN(4), LV_KB_BTN(4), LV_KB_BTN(4), LV_KB_BTN(4), LV_KB_BTN(4), LV_KB_BTN(4), LV_KB_BTN(4), LV_KB_BTN(4), LV_KB_BTN(4), LV_KB_BTN(4), LV_BUTTONMATRIX_CTRL_CHECKED | 7,
D:\Program Files\ArmPack\LVGL\lvgl\9.2.1\src\widgets\keyboard\lv_keyboard.c(119): warning:  #188-D: enumerated type mixed with another type
      LV_KEYBOARD_CTRL_BUTTON_FLAGS | 5, LV_KB_BTN(4), LV_KB_BTN(4), LV_KB_BTN(4), LV_KB_BTN(4), LV_KB_BTN(4), LV_KB_BTN(4), LV_KB_BTN(4), LV_KB_BTN(4), LV_KB_BTN(4), LV_KB_BTN(4), LV_BUTTONMATRIX_CTRL_CHECKED | 7,
D:\Program Files\ArmPack\LVGL\lvgl\9.2.1\src\widgets\keyboard\lv_keyboard.c(119): warning:  #188-D: enumerated type mixed with another type
      LV_KEYBOARD_CTRL_BUTTON_FLAGS | 5, LV_KB_BTN(4), LV_KB_BTN(4), LV_KB_BTN(4), LV_KB_BTN(4), LV_KB_BTN(4), LV_KB_BTN(4), LV_KB_BTN(4), LV_KB_BTN(4), LV_KB_BTN(4), LV_KB_BTN(4), LV_BUTTONMATRIX_CTRL_CHECKED | 7,
D:\Program Files\ArmPack\LVGL\lvgl\9.2.1\src\widgets\keyboard\lv_keyboard.c(119): warning:  #188-D: enumerated type mixed with another type
      LV_KEYBOARD_CTRL_BUTTON_FLAGS | 5, LV_KB_BTN(4), LV_KB_BTN(4), LV_KB_BTN(4), LV_KB_BTN(4), LV_KB_BTN(4), LV_KB_BTN(4), LV_KB_BTN(4), LV_KB_BTN(4), LV_KB_BTN(4), LV_KB_BTN(4), LV_BUTTONMATRIX_CTRL_CHECKED | 7,
D:\Program Files\ArmPack\LVGL\lvgl\9.2.1\src\widgets\keyboard\lv_keyboard.c(119): warning:  #188-D: enumerated type mixed with another type
      LV_KEYBOARD_CTRL_BUTTON_FLAGS | 5, LV_KB_BTN(4), LV_KB_BTN(4), LV_KB_BTN(4), LV_KB_BTN(4), LV_KB_BTN(4), LV_KB_BTN(4), LV_KB_BTN(4), LV_KB_BTN(4), LV_KB_BTN(4), LV_KB_BTN(4), LV_BUTTONMATRIX_CTRL_CHECKED | 7,
D:\Program Files\ArmPack\LVGL\lvgl\9.2.1\src\widgets\keyboard\lv_keyboard.c(120): warning:  #188-D: enumerated type mixed with another type
      LV_KEYBOARD_CTRL_BUTTON_FLAGS | 6, LV_KB_BTN(3), LV_KB_BTN(3), LV_KB_BTN(3), LV_KB_BTN(3), LV_KB_BTN(3), LV_KB_BTN(3), LV_KB_BTN(3), LV_KB_BTN(3), LV_KB_BTN(3), LV_BUTTONMATRIX_CTRL_CHECKED | 7,
D:\Program Files\ArmPack\LVGL\lvgl\9.2.1\src\widgets\keyboard\lv_keyboard.c(120): warning:  #188-D: enumerated type mixed with another type
      LV_KEYBOARD_CTRL_BUTTON_FLAGS | 6, LV_KB_BTN(3), LV_KB_BTN(3), LV_KB_BTN(3), LV_KB_BTN(3), LV_KB_BTN(3), LV_KB_BTN(3), LV_KB_BTN(3), LV_KB_BTN(3), LV_KB_BTN(3), LV_BUTTONMATRIX_CTRL_CHECKED | 7,
D:\Program Files\ArmPack\LVGL\lvgl\9.2.1\src\widgets\keyboard\lv_keyboard.c(120): warning:  #188-D: enumerated type mixed with another type
      LV_KEYBOARD_CTRL_BUTTON_FLAGS | 6, LV_KB_BTN(3), LV_KB_BTN(3), LV_KB_BTN(3), LV_KB_BTN(3), LV_KB_BTN(3), LV_KB_BTN(3), LV_KB_BTN(3), LV_KB_BTN(3), LV_KB_BTN(3), LV_BUTTONMATRIX_CTRL_CHECKED | 7,
D:\Program Files\ArmPack\LVGL\lvgl\9.2.1\src\widgets\keyboard\lv_keyboard.c(120): warning:  #188-D: enumerated type mixed with another type
      LV_KEYBOARD_CTRL_BUTTON_FLAGS | 6, LV_KB_BTN(3), LV_KB_BTN(3), LV_KB_BTN(3), LV_KB_BTN(3), LV_KB_BTN(3), LV_KB_BTN(3), LV_KB_BTN(3), LV_KB_BTN(3), LV_KB_BTN(3), LV_BUTTONMATRIX_CTRL_CHECKED | 7,
D:\Program Files\ArmPack\LVGL\lvgl\9.2.1\src\widgets\keyboard\lv_keyboard.c(120): warning:  #188-D: enumerated type mixed with another type
      LV_KEYBOARD_CTRL_BUTTON_FLAGS | 6, LV_KB_BTN(3), LV_KB_BTN(3), LV_KB_BTN(3), LV_KB_BTN(3), LV_KB_BTN(3), LV_KB_BTN(3), LV_KB_BTN(3), LV_KB_BTN(3), LV_KB_BTN(3), LV_BUTTONMATRIX_CTRL_CHECKED | 7,
D:\Program Files\ArmPack\LVGL\lvgl\9.2.1\src\widgets\keyboard\lv_keyboard.c(120): warning:  #188-D: enumerated type mixed with another type
      LV_KEYBOARD_CTRL_BUTTON_FLAGS | 6, LV_KB_BTN(3), LV_KB_BTN(3), LV_KB_BTN(3), LV_KB_BTN(3), LV_KB_BTN(3), LV_KB_BTN(3), LV_KB_BTN(3), LV_KB_BTN(3), LV_KB_BTN(3), LV_BUTTONMATRIX_CTRL_CHECKED | 7,
D:\Program Files\ArmPack\LVGL\lvgl\9.2.1\src\widgets\keyboard\lv_keyboard.c(120): warning:  #188-D: enumerated type mixed with another type
      LV_KEYBOARD_CTRL_BUTTON_FLAGS | 6, LV_KB_BTN(3), LV_KB_BTN(3), LV_KB_BTN(3), LV_KB_BTN(3), LV_KB_BTN(3), LV_KB_BTN(3), LV_KB_BTN(3), LV_KB_BTN(3), LV_KB_BTN(3), LV_BUTTONMATRIX_CTRL_CHECKED | 7,
D:\Program Files\ArmPack\LVGL\lvgl\9.2.1\src\widgets\keyboard\lv_keyboard.c(120): warning:  #188-D: enumerated type mixed with another type
      LV_KEYBOARD_CTRL_BUTTON_FLAGS | 6, LV_KB_BTN(3), LV_KB_BTN(3), LV_KB_BTN(3), LV_KB_BTN(3), LV_KB_BTN(3), LV_KB_BTN(3), LV_KB_BTN(3), LV_KB_BTN(3), LV_KB_BTN(3), LV_BUTTONMATRIX_CTRL_CHECKED | 7,
D:\Program Files\ArmPack\LVGL\lvgl\9.2.1\src\widgets\keyboard\lv_keyboard.c(120): warning:  #188-D: enumerated type mixed with another type
      LV_KEYBOARD_CTRL_BUTTON_FLAGS | 6, LV_KB_BTN(3), LV_KB_BTN(3), LV_KB_BTN(3), LV_KB_BTN(3), LV_KB_BTN(3), LV_KB_BTN(3), LV_KB_BTN(3), LV_KB_BTN(3), LV_KB_BTN(3), LV_BUTTONMATRIX_CTRL_CHECKED | 7,
D:\Program Files\ArmPack\LVGL\lvgl\9.2.1\src\widgets\keyboard\lv_keyboard.c(120): warning:  #188-D: enumerated type mixed with another type
      LV_KEYBOARD_CTRL_BUTTON_FLAGS | 6, LV_KB_BTN(3), LV_KB_BTN(3), LV_KB_BTN(3), LV_KB_BTN(3), LV_KB_BTN(3), LV_KB_BTN(3), LV_KB_BTN(3), LV_KB_BTN(3), LV_KB_BTN(3), LV_BUTTONMATRIX_CTRL_CHECKED | 7,
D:\Program Files\ArmPack\LVGL\lvgl\9.2.1\src\widgets\keyboard\lv_keyboard.c(120): warning:  #188-D: enumerated type mixed with another type
      LV_KEYBOARD_CTRL_BUTTON_FLAGS | 6, LV_KB_BTN(3), LV_KB_BTN(3), LV_KB_BTN(3), LV_KB_BTN(3), LV_KB_BTN(3), LV_KB_BTN(3), LV_KB_BTN(3), LV_KB_BTN(3), LV_KB_BTN(3), LV_BUTTONMATRIX_CTRL_CHECKED | 7,
D:\Program Files\ArmPack\LVGL\lvgl\9.2.1\src\widgets\keyboard\lv_keyboard.c(121): warning:  #188-D: enumerated type mixed with another type
      LV_BUTTONMATRIX_CTRL_CHECKED | LV_KB_BTN(1), LV_BUTTONMATRIX_CTRL_CHECKED | LV_KB_BTN(1), LV_KB_BTN(1), LV_KB_BTN(1), LV_KB_BTN(1), LV_KB_BTN(1), LV_KB_BTN(1), LV_KB_BTN(1), LV_KB_BTN(1), LV_BUTTONMATRIX_CTRL_CHECKED | LV_KB_BTN(1), LV_BUTTONMATRIX_CTRL_CHECKED | LV_KB_BTN(1), LV_BUTTONMATRIX_CTRL_CHECKED | LV_KB_BTN(1),
D:\Program Files\ArmPack\LVGL\lvgl\9.2.1\src\widgets\keyboard\lv_keyboard.c(121): warning:  #188-D: enumerated type mixed with another type
      LV_BUTTONMATRIX_CTRL_CHECKED | LV_KB_BTN(1), LV_BUTTONMATRIX_CTRL_CHECKED | LV_KB_BTN(1), LV_KB_BTN(1), LV_KB_BTN(1), LV_KB_BTN(1), LV_KB_BTN(1), LV_KB_BTN(1), LV_KB_BTN(1), LV_KB_BTN(1), LV_BUTTONMATRIX_CTRL_CHECKED | LV_KB_BTN(1), LV_BUTTONMATRIX_CTRL_CHECKED | LV_KB_BTN(1), LV_BUTTONMATRIX_CTRL_CHECKED | LV_KB_BTN(1),
D:\Program Files\ArmPack\LVGL\lvgl\9.2.1\src\widgets\keyboard\lv_keyboard.c(121): warning:  #188-D: enumerated type mixed with another type
      LV_BUTTONMATRIX_CTRL_CHECKED | LV_KB_BTN(1), LV_BUTTONMATRIX_CTRL_CHECKED | LV_KB_BTN(1), LV_KB_BTN(1), LV_KB_BTN(1), LV_KB_BTN(1), LV_KB_BTN(1), LV_KB_BTN(1), LV_KB_BTN(1), LV_KB_BTN(1), LV_BUTTONMATRIX_CTRL_CHECKED | LV_KB_BTN(1), LV_BUTTONMATRIX_CTRL_CHECKED | LV_KB_BTN(1), LV_BUTTONMATRIX_CTRL_CHECKED | LV_KB_BTN(1),
D:\Program Files\ArmPack\LVGL\lvgl\9.2.1\src\widgets\keyboard\lv_keyboard.c(121): warning:  #188-D: enumerated type mixed with another type
      LV_BUTTONMATRIX_CTRL_CHECKED | LV_KB_BTN(1), LV_BUTTONMATRIX_CTRL_CHECKED | LV_KB_BTN(1), LV_KB_BTN(1), LV_KB_BTN(1), LV_KB_BTN(1), LV_KB_BTN(1), LV_KB_BTN(1), LV_KB_BTN(1), LV_KB_BTN(1), LV_BUTTONMATRIX_CTRL_CHECKED | LV_KB_BTN(1), LV_BUTTONMATRIX_CTRL_CHECKED | LV_KB_BTN(1), LV_BUTTONMATRIX_CTRL_CHECKED | LV_KB_BTN(1),
D:\Program Files\ArmPack\LVGL\lvgl\9.2.1\src\widgets\keyboard\lv_keyboard.c(121): warning:  #188-D: enumerated type mixed with another type
      LV_BUTTONMATRIX_CTRL_CHECKED | LV_KB_BTN(1), LV_BUTTONMATRIX_CTRL_CHECKED | LV_KB_BTN(1), LV_KB_BTN(1), LV_KB_BTN(1), LV_KB_BTN(1), LV_KB_BTN(1), LV_KB_BTN(1), LV_KB_BTN(1), LV_KB_BTN(1), LV_BUTTONMATRIX_CTRL_CHECKED | LV_KB_BTN(1), LV_BUTTONMATRIX_CTRL_CHECKED | LV_KB_BTN(1), LV_BUTTONMATRIX_CTRL_CHECKED | LV_KB_BTN(1),
D:\Program Files\ArmPack\LVGL\lvgl\9.2.1\src\widgets\keyboard\lv_keyboard.c(121): warning:  #188-D: enumerated type mixed with another type
      LV_BUTTONMATRIX_CTRL_CHECKED | LV_KB_BTN(1), LV_BUTTONMATRIX_CTRL_CHECKED | LV_KB_BTN(1), LV_KB_BTN(1), LV_KB_BTN(1), LV_KB_BTN(1), LV_KB_BTN(1), LV_KB_BTN(1), LV_KB_BTN(1), LV_KB_BTN(1), LV_BUTTONMATRIX_CTRL_CHECKED | LV_KB_BTN(1), LV_BUTTONMATRIX_CTRL_CHECKED | LV_KB_BTN(1), LV_BUTTONMATRIX_CTRL_CHECKED | LV_KB_BTN(1),
D:\Program Files\ArmPack\LVGL\lvgl\9.2.1\src\widgets\keyboard\lv_keyboard.c(121): warning:  #188-D: enumerated type mixed with another type
      LV_BUTTONMATRIX_CTRL_CHECKED | LV_KB_BTN(1), LV_BUTTONMATRIX_CTRL_CHECKED | LV_KB_BTN(1), LV_KB_BTN(1), LV_KB_BTN(1), LV_KB_BTN(1), LV_KB_BTN(1), LV_KB_BTN(1), LV_KB_BTN(1), LV_KB_BTN(1), LV_BUTTONMATRIX_CTRL_CHECKED | LV_KB_BTN(1), LV_BUTTONMATRIX_CTRL_CHECKED | LV_KB_BTN(1), LV_BUTTONMATRIX_CTRL_CHECKED | LV_KB_BTN(1),
D:\Program Files\ArmPack\LVGL\lvgl\9.2.1\src\widgets\keyboard\lv_keyboard.c(121): warning:  #188-D: enumerated type mixed with another type
      LV_BUTTONMATRIX_CTRL_CHECKED | LV_KB_BTN(1), LV_BUTTONMATRIX_CTRL_CHECKED | LV_KB_BTN(1), LV_KB_BTN(1), LV_KB_BTN(1), LV_KB_BTN(1), LV_KB_BTN(1), LV_KB_BTN(1), LV_KB_BTN(1), LV_KB_BTN(1), LV_BUTTONMATRIX_CTRL_CHECKED | LV_KB_BTN(1), LV_BUTTONMATRIX_CTRL_CHECKED | LV_KB_BTN(1), LV_BUTTONMATRIX_CTRL_CHECKED | LV_KB_BTN(1),
D:\Program Files\ArmPack\LVGL\lvgl\9.2.1\src\widgets\keyboard\lv_keyboard.c(121): warning:  #188-D: enumerated type mixed with another type
      LV_BUTTONMATRIX_CTRL_CHECKED | LV_KB_BTN(1), LV_BUTTONMATRIX_CTRL_CHECKED | LV_KB_BTN(1), LV_KB_BTN(1), LV_KB_BTN(1), LV_KB_BTN(1), LV_KB_BTN(1), LV_KB_BTN(1), LV_KB_BTN(1), LV_KB_BTN(1), LV_BUTTONMATRIX_CTRL_CHECKED | LV_KB_BTN(1), LV_BUTTONMATRIX_CTRL_CHECKED | LV_KB_BTN(1), LV_BUTTONMATRIX_CTRL_CHECKED | LV_KB_BTN(1),
D:\Program Files\ArmPack\LVGL\lvgl\9.2.1\src\widgets\keyboard\lv_keyboard.c(121): warning:  #188-D: enumerated type mixed with another type
      LV_BUTTONMATRIX_CTRL_CHECKED | LV_KB_BTN(1), LV_BUTTONMATRIX_CTRL_CHECKED | LV_KB_BTN(1), LV_KB_BTN(1), LV_KB_BTN(1), LV_KB_BTN(1), LV_KB_BTN(1), LV_KB_BTN(1), LV_KB_BTN(1), LV_KB_BTN(1), LV_BUTTONMATRIX_CTRL_CHECKED | LV_KB_BTN(1), LV_BUTTONMATRIX_CTRL_CHECKED | LV_KB_BTN(1), LV_BUTTONMATRIX_CTRL_CHECKED | LV_KB_BTN(1),
D:\Program Files\ArmPack\LVGL\lvgl\9.2.1\src\widgets\keyboard\lv_keyboard.c(121): warning:  #188-D: enumerated type mixed with another type
      LV_BUTTONMATRIX_CTRL_CHECKED | LV_KB_BTN(1), LV_BUTTONMATRIX_CTRL_CHECKED | LV_KB_BTN(1), LV_KB_BTN(1), LV_KB_BTN(1), LV_KB_BTN(1), LV_KB_BTN(1), LV_KB_BTN(1), LV_KB_BTN(1), LV_KB_BTN(1), LV_BUTTONMATRIX_CTRL_CHECKED | LV_KB_BTN(1), LV_BUTTONMATRIX_CTRL_CHECKED | LV_KB_BTN(1), LV_BUTTONMATRIX_CTRL_CHECKED | LV_KB_BTN(1),
D:\Program Files\ArmPack\LVGL\lvgl\9.2.1\src\widgets\keyboard\lv_keyboard.c(121): warning:  #188-D: enumerated type mixed with another type
      LV_BUTTONMATRIX_CTRL_CHECKED | LV_KB_BTN(1), LV_BUTTONMATRIX_CTRL_CHECKED | LV_KB_BTN(1), LV_KB_BTN(1), LV_KB_BTN(1), LV_KB_BTN(1), LV_KB_BTN(1), LV_KB_BTN(1), LV_KB_BTN(1), LV_KB_BTN(1), LV_BUTTONMATRIX_CTRL_CHECKED | LV_KB_BTN(1), LV_BUTTONMATRIX_CTRL_CHECKED | LV_KB_BTN(1), LV_BUTTONMATRIX_CTRL_CHECKED | LV_KB_BTN(1),
D:\Program Files\ArmPack\LVGL\lvgl\9.2.1\src\widgets\keyboard\lv_keyboard.c(122): warning:  #188-D: enumerated type mixed with another type
      LV_KEYBOARD_CTRL_BUTTON_FLAGS | 2,
D:\Program Files\ArmPack\LVGL\lvgl\9.2.1\src\widgets\keyboard\lv_keyboard.c(126): warning:  #188-D: enumerated type mixed with another type
      LV_BUTTONMATRIX_CTRL_CHECKED | 2, 6, LV_BUTTONMATRIX_CTRL_CHECKED | 2, LV_KEYBOARD_CTRL_BUTTON_FLAGS | 2
D:\Program Files\ArmPack\LVGL\lvgl\9.2.1\src\widgets\keyboard\lv_keyboard.c(126): warning:  #188-D: enumerated type mixed with another type
      LV_BUTTONMATRIX_CTRL_CHECKED | 2, 6, LV_BUTTONMATRIX_CTRL_CHECKED | 2, LV_KEYBOARD_CTRL_BUTTON_FLAGS | 2
D:\Program Files\ArmPack\LVGL\lvgl\9.2.1\src\widgets\keyboard\lv_keyboard.c(126): warning:  #188-D: enumerated type mixed with another type
      LV_BUTTONMATRIX_CTRL_CHECKED | 2, 6, LV_BUTTONMATRIX_CTRL_CHECKED | 2, LV_KEYBOARD_CTRL_BUTTON_FLAGS | 2
D:\Program Files\ArmPack\LVGL\lvgl\9.2.1\src\widgets\keyboard\lv_keyboard.c(126): warning:  #188-D: enumerated type mixed with another type
      LV_BUTTONMATRIX_CTRL_CHECKED | 2, 6, LV_BUTTONMATRIX_CTRL_CHECKED | 2, LV_KEYBOARD_CTRL_BUTTON_FLAGS | 2
D:\Program Files\ArmPack\LVGL\lvgl\9.2.1\src\widgets\keyboard\lv_keyboard.c(156): warning:  #188-D: enumerated type mixed with another type
      LV_KB_BTN(1), LV_KB_BTN(1), LV_KB_BTN(1), LV_KB_BTN(1), LV_KB_BTN(1), LV_KB_BTN(1), LV_KB_BTN(1), LV_KB_BTN(1), LV_KB_BTN(1), LV_KB_BTN(1), LV_BUTTONMATRIX_CTRL_CHECKED | 2,
D:\Program Files\ArmPack\LVGL\lvgl\9.2.1\src\widgets\keyboard\lv_keyboard.c(156): warning:  #188-D: enumerated type mixed with another type
      LV_KB_BTN(1), LV_KB_BTN(1), LV_KB_BTN(1), LV_KB_BTN(1), LV_KB_BTN(1), LV_KB_BTN(1), LV_KB_BTN(1), LV_KB_BTN(1), LV_KB_BTN(1), LV_KB_BTN(1), LV_BUTTONMATRIX_CTRL_CHECKED | 2,
D:\Program Files\ArmPack\LVGL\lvgl\9.2.1\src\widgets\keyboard\lv_keyboard.c(156): warning:  #188-D: enumerated type mixed with another type
      LV_KB_BTN(1), LV_KB_BTN(1), LV_KB_BTN(1), LV_KB_BTN(1), LV_KB_BTN(1), LV_KB_BTN(1), LV_KB_BTN(1), LV_KB_BTN(1), LV_KB_BTN(1), LV_KB_BTN(1), LV_BUTTONMATRIX_CTRL_CHECKED | 2,
D:\Program Files\ArmPack\LVGL\lvgl\9.2.1\src\widgets\keyboard\lv_keyboard.c(156): warning:  #188-D: enumerated type mixed with another type
      LV_KB_BTN(1), LV_KB_BTN(1), LV_KB_BTN(1), LV_KB_BTN(1), LV_KB_BTN(1), LV_KB_BTN(1), LV_KB_BTN(1), LV_KB_BTN(1), LV_KB_BTN(1), LV_KB_BTN(1), LV_BUTTONMATRIX_CTRL_CHECKED | 2,
D:\Program Files\ArmPack\LVGL\lvgl\9.2.1\src\widgets\keyboard\lv_keyboard.c(156): warning:  #188-D: enumerated type mixed with another type
      LV_KB_BTN(1), LV_KB_BTN(1), LV_KB_BTN(1), LV_KB_BTN(1), LV_KB_BTN(1), LV_KB_BTN(1), LV_KB_BTN(1), LV_KB_BTN(1), LV_KB_BTN(1), LV_KB_BTN(1), LV_BUTTONMATRIX_CTRL_CHECKED | 2,
D:\Program Files\ArmPack\LVGL\lvgl\9.2.1\src\widgets\keyboard\lv_keyboard.c(156): warning:  #188-D: enumerated type mixed with another type
      LV_KB_BTN(1), LV_KB_BTN(1), LV_KB_BTN(1), LV_KB_BTN(1), LV_KB_BTN(1), LV_KB_BTN(1), LV_KB_BTN(1), LV_KB_BTN(1), LV_KB_BTN(1), LV_KB_BTN(1), LV_BUTTONMATRIX_CTRL_CHECKED | 2,
D:\Program Files\ArmPack\LVGL\lvgl\9.2.1\src\widgets\keyboard\lv_keyboard.c(156): warning:  #188-D: enumerated type mixed with another type
      LV_KB_BTN(1), LV_KB_BTN(1), LV_KB_BTN(1), LV_KB_BTN(1), LV_KB_BTN(1), LV_KB_BTN(1), LV_KB_BTN(1), LV_KB_BTN(1), LV_KB_BTN(1), LV_KB_BTN(1), LV_BUTTONMATRIX_CTRL_CHECKED | 2,
D:\Program Files\ArmPack\LVGL\lvgl\9.2.1\src\widgets\keyboard\lv_keyboard.c(156): warning:  #188-D: enumerated type mixed with another type
      LV_KB_BTN(1), LV_KB_BTN(1), LV_KB_BTN(1), LV_KB_BTN(1), LV_KB_BTN(1), LV_KB_BTN(1), LV_KB_BTN(1), LV_KB_BTN(1), LV_KB_BTN(1), LV_KB_BTN(1), LV_BUTTONMATRIX_CTRL_CHECKED | 2,
D:\Program Files\ArmPack\LVGL\lvgl\9.2.1\src\widgets\keyboard\lv_keyboard.c(156): warning:  #188-D: enumerated type mixed with another type
      LV_KB_BTN(1), LV_KB_BTN(1), LV_KB_BTN(1), LV_KB_BTN(1), LV_KB_BTN(1), LV_KB_BTN(1), LV_KB_BTN(1), LV_KB_BTN(1), LV_KB_BTN(1), LV_KB_BTN(1), LV_BUTTONMATRIX_CTRL_CHECKED | 2,
D:\Program Files\ArmPack\LVGL\lvgl\9.2.1\src\widgets\keyboard\lv_keyboard.c(156): warning:  #188-D: enumerated type mixed with another type
      LV_KB_BTN(1), LV_KB_BTN(1), LV_KB_BTN(1), LV_KB_BTN(1), LV_KB_BTN(1), LV_KB_BTN(1), LV_KB_BTN(1), LV_KB_BTN(1), LV_KB_BTN(1), LV_KB_BTN(1), LV_BUTTONMATRIX_CTRL_CHECKED | 2,
D:\Program Files\ArmPack\LVGL\lvgl\9.2.1\src\widgets\keyboard\lv_keyboard.c(156): warning:  #188-D: enumerated type mixed with another type
      LV_KB_BTN(1), LV_KB_BTN(1), LV_KB_BTN(1), LV_KB_BTN(1), LV_KB_BTN(1), LV_KB_BTN(1), LV_KB_BTN(1), LV_KB_BTN(1), LV_KB_BTN(1), LV_KB_BTN(1), LV_BUTTONMATRIX_CTRL_CHECKED | 2,
D:\Program Files\ArmPack\LVGL\lvgl\9.2.1\src\widgets\keyboard\lv_keyboard.c(157): warning:  #188-D: enumerated type mixed with another type
      LV_KEYBOARD_CTRL_BUTTON_FLAGS | 2, LV_KB_BTN(1), LV_KB_BTN(1), LV_KB_BTN(1), LV_KB_BTN(1), LV_KB_BTN(1), LV_KB_BTN(1), LV_KB_BTN(1), LV_KB_BTN(1), LV_KB_BTN(1), LV_KB_BTN(1), LV_KB_BTN(1), LV_KB_BTN(1),
D:\Program Files\ArmPack\LVGL\lvgl\9.2.1\src\widgets\keyboard\lv_keyboard.c(157): warning:  #188-D: enumerated type mixed with another type
      LV_KEYBOARD_CTRL_BUTTON_FLAGS | 2, LV_KB_BTN(1), LV_KB_BTN(1), LV_KB_BTN(1), LV_KB_BTN(1), LV_KB_BTN(1), LV_KB_BTN(1), LV_KB_BTN(1), LV_KB_BTN(1), LV_KB_BTN(1), LV_KB_BTN(1), LV_KB_BTN(1), LV_KB_BTN(1),
D:\Program Files\ArmPack\LVGL\lvgl\9.2.1\src\widgets\keyboard\lv_keyboard.c(157): warning:  #188-D: enumerated type mixed with another type
      LV_KEYBOARD_CTRL_BUTTON_FLAGS | 2, LV_KB_BTN(1), LV_KB_BTN(1), LV_KB_BTN(1), LV_KB_BTN(1), LV_KB_BTN(1), LV_KB_BTN(1), LV_KB_BTN(1), LV_KB_BTN(1), LV_KB_BTN(1), LV_KB_BTN(1), LV_KB_BTN(1), LV_KB_BTN(1),
D:\Program Files\ArmPack\LVGL\lvgl\9.2.1\src\widgets\keyboard\lv_keyboard.c(157): warning:  #188-D: enumerated type mixed with another type
      LV_KEYBOARD_CTRL_BUTTON_FLAGS | 2, LV_KB_BTN(1), LV_KB_BTN(1), LV_KB_BTN(1), LV_KB_BTN(1), LV_KB_BTN(1), LV_KB_BTN(1), LV_KB_BTN(1), LV_KB_BTN(1), LV_KB_BTN(1), LV_KB_BTN(1), LV_KB_BTN(1), LV_KB_BTN(1),
D:\Program Files\ArmPack\LVGL\lvgl\9.2.1\src\widgets\keyboard\lv_keyboard.c(157): warning:  #188-D: enumerated type mixed with another type
      LV_KEYBOARD_CTRL_BUTTON_FLAGS | 2, LV_KB_BTN(1), LV_KB_BTN(1), LV_KB_BTN(1), LV_KB_BTN(1), LV_KB_BTN(1), LV_KB_BTN(1), LV_KB_BTN(1), LV_KB_BTN(1), LV_KB_BTN(1), LV_KB_BTN(1), LV_KB_BTN(1), LV_KB_BTN(1),
D:\Program Files\ArmPack\LVGL\lvgl\9.2.1\src\widgets\keyboard\lv_keyboard.c(157): warning:  #188-D: enumerated type mixed with another type
      LV_KEYBOARD_CTRL_BUTTON_FLAGS | 2, LV_KB_BTN(1), LV_KB_BTN(1), LV_KB_BTN(1), LV_KB_BTN(1), LV_KB_BTN(1), LV_KB_BTN(1), LV_KB_BTN(1), LV_KB_BTN(1), LV_KB_BTN(1), LV_KB_BTN(1), LV_KB_BTN(1), LV_KB_BTN(1),
D:\Program Files\ArmPack\LVGL\lvgl\9.2.1\src\widgets\keyboard\lv_keyboard.c(157): warning:  #188-D: enumerated type mixed with another type
      LV_KEYBOARD_CTRL_BUTTON_FLAGS | 2, LV_KB_BTN(1), LV_KB_BTN(1), LV_KB_BTN(1), LV_KB_BTN(1), LV_KB_BTN(1), LV_KB_BTN(1), LV_KB_BTN(1), LV_KB_BTN(1), LV_KB_BTN(1), LV_KB_BTN(1), LV_KB_BTN(1), LV_KB_BTN(1),
D:\Program Files\ArmPack\LVGL\lvgl\9.2.1\src\widgets\keyboard\lv_keyboard.c(157): warning:  #188-D: enumerated type mixed with another type
      LV_KEYBOARD_CTRL_BUTTON_FLAGS | 2, LV_KB_BTN(1), LV_KB_BTN(1), LV_KB_BTN(1), LV_KB_BTN(1), LV_KB_BTN(1), LV_KB_BTN(1), LV_KB_BTN(1), LV_KB_BTN(1), LV_KB_BTN(1), LV_KB_BTN(1), LV_KB_BTN(1), LV_KB_BTN(1),
D:\Program Files\ArmPack\LVGL\lvgl\9.2.1\src\widgets\keyboard\lv_keyboard.c(157): warning:  #188-D: enumerated type mixed with another type
      LV_KEYBOARD_CTRL_BUTTON_FLAGS | 2, LV_KB_BTN(1), LV_KB_BTN(1), LV_KB_BTN(1), LV_KB_BTN(1), LV_KB_BTN(1), LV_KB_BTN(1), LV_KB_BTN(1), LV_KB_BTN(1), LV_KB_BTN(1), LV_KB_BTN(1), LV_KB_BTN(1), LV_KB_BTN(1),
D:\Program Files\ArmPack\LVGL\lvgl\9.2.1\src\widgets\keyboard\lv_keyboard.c(157): warning:  #188-D: enumerated type mixed with another type
      LV_KEYBOARD_CTRL_BUTTON_FLAGS | 2, LV_KB_BTN(1), LV_KB_BTN(1), LV_KB_BTN(1), LV_KB_BTN(1), LV_KB_BTN(1), LV_KB_BTN(1), LV_KB_BTN(1), LV_KB_BTN(1), LV_KB_BTN(1), LV_KB_BTN(1), LV_KB_BTN(1), LV_KB_BTN(1),
D:\Program Files\ArmPack\LVGL\lvgl\9.2.1\src\widgets\keyboard\lv_keyboard.c(157): warning:  #188-D: enumerated type mixed with another type
      LV_KEYBOARD_CTRL_BUTTON_FLAGS | 2, LV_KB_BTN(1), LV_KB_BTN(1), LV_KB_BTN(1), LV_KB_BTN(1), LV_KB_BTN(1), LV_KB_BTN(1), LV_KB_BTN(1), LV_KB_BTN(1), LV_KB_BTN(1), LV_KB_BTN(1), LV_KB_BTN(1), LV_KB_BTN(1),
D:\Program Files\ArmPack\LVGL\lvgl\9.2.1\src\widgets\keyboard\lv_keyboard.c(157): warning:  #188-D: enumerated type mixed with another type
      LV_KEYBOARD_CTRL_BUTTON_FLAGS | 2, LV_KB_BTN(1), LV_KB_BTN(1), LV_KB_BTN(1), LV_KB_BTN(1), LV_KB_BTN(1), LV_KB_BTN(1), LV_KB_BTN(1), LV_KB_BTN(1), LV_KB_BTN(1), LV_KB_BTN(1), LV_KB_BTN(1), LV_KB_BTN(1),
D:\Program Files\ArmPack\LVGL\lvgl\9.2.1\src\widgets\keyboard\lv_keyboard.c(157): warning:  #188-D: enumerated type mixed with another type
      LV_KEYBOARD_CTRL_BUTTON_FLAGS | 2, LV_KB_BTN(1), LV_KB_BTN(1), LV_KB_BTN(1), LV_KB_BTN(1), LV_KB_BTN(1), LV_KB_BTN(1), LV_KB_BTN(1), LV_KB_BTN(1), LV_KB_BTN(1), LV_KB_BTN(1), LV_KB_BTN(1), LV_KB_BTN(1),
D:\Program Files\ArmPack\LVGL\lvgl\9.2.1\src\widgets\keyboard\lv_keyboard.c(158): warning:  #188-D: enumerated type mixed with another type
      LV_KB_BTN(1), LV_KB_BTN(1), LV_KB_BTN(1), LV_KB_BTN(1), LV_KB_BTN(1), LV_KB_BTN(1), LV_KB_BTN(1), LV_KB_BTN(1), LV_KB_BTN(1), LV_KB_BTN(1), LV_KB_BTN(1),
D:\Program Files\ArmPack\LVGL\lvgl\9.2.1\src\widgets\keyboard\lv_keyboard.c(158): warning:  #188-D: enumerated type mixed with another type
      LV_KB_BTN(1), LV_KB_BTN(1), LV_KB_BTN(1), LV_KB_BTN(1), LV_KB_BTN(1), LV_KB_BTN(1), LV_KB_BTN(1), LV_KB_BTN(1), LV_KB_BTN(1), LV_KB_BTN(1), LV_KB_BTN(1),
D:\Program Files\ArmPack\LVGL\lvgl\9.2.1\src\widgets\keyboard\lv_keyboard.c(158): warning:  #188-D: enumerated type mixed with another type
      LV_KB_BTN(1), LV_KB_BTN(1), LV_KB_BTN(1), LV_KB_BTN(1), LV_KB_BTN(1), LV_KB_BTN(1), LV_KB_BTN(1), LV_KB_BTN(1), LV_KB_BTN(1), LV_KB_BTN(1), LV_KB_BTN(1),
D:\Program Files\ArmPack\LVGL\lvgl\9.2.1\src\widgets\keyboard\lv_keyboard.c(158): warning:  #188-D: enumerated type mixed with another type
      LV_KB_BTN(1), LV_KB_BTN(1), LV_KB_BTN(1), LV_KB_BTN(1), LV_KB_BTN(1), LV_KB_BTN(1), LV_KB_BTN(1), LV_KB_BTN(1), LV_KB_BTN(1), LV_KB_BTN(1), LV_KB_BTN(1),
D:\Program Files\ArmPack\LVGL\lvgl\9.2.1\src\widgets\keyboard\lv_keyboard.c(158): warning:  #188-D: enumerated type mixed with another type
      LV_KB_BTN(1), LV_KB_BTN(1), LV_KB_BTN(1), LV_KB_BTN(1), LV_KB_BTN(1), LV_KB_BTN(1), LV_KB_BTN(1), LV_KB_BTN(1), LV_KB_BTN(1), LV_KB_BTN(1), LV_KB_BTN(1),
D:\Program Files\ArmPack\LVGL\lvgl\9.2.1\src\widgets\keyboard\lv_keyboard.c(158): warning:  #188-D: enumerated type mixed with another type
      LV_KB_BTN(1), LV_KB_BTN(1), LV_KB_BTN(1), LV_KB_BTN(1), LV_KB_BTN(1), LV_KB_BTN(1), LV_KB_BTN(1), LV_KB_BTN(1), LV_KB_BTN(1), LV_KB_BTN(1), LV_KB_BTN(1),
D:\Program Files\ArmPack\LVGL\lvgl\9.2.1\src\widgets\keyboard\lv_keyboard.c(158): warning:  #188-D: enumerated type mixed with another type
      LV_KB_BTN(1), LV_KB_BTN(1), LV_KB_BTN(1), LV_KB_BTN(1), LV_KB_BTN(1), LV_KB_BTN(1), LV_KB_BTN(1), LV_KB_BTN(1), LV_KB_BTN(1), LV_KB_BTN(1), LV_KB_BTN(1),
D:\Program Files\ArmPack\LVGL\lvgl\9.2.1\src\widgets\keyboard\lv_keyboard.c(158): warning:  #188-D: enumerated type mixed with another type
      LV_KB_BTN(1), LV_KB_BTN(1), LV_KB_BTN(1), LV_KB_BTN(1), LV_KB_BTN(1), LV_KB_BTN(1), LV_KB_BTN(1), LV_KB_BTN(1), LV_KB_BTN(1), LV_KB_BTN(1), LV_KB_BTN(1),
D:\Program Files\ArmPack\LVGL\lvgl\9.2.1\src\widgets\keyboard\lv_keyboard.c(158): warning:  #188-D: enumerated type mixed with another type
      LV_KB_BTN(1), LV_KB_BTN(1), LV_KB_BTN(1), LV_KB_BTN(1), LV_KB_BTN(1), LV_KB_BTN(1), LV_KB_BTN(1), LV_KB_BTN(1), LV_KB_BTN(1), LV_KB_BTN(1), LV_KB_BTN(1),
D:\Program Files\ArmPack\LVGL\lvgl\9.2.1\src\widgets\keyboard\lv_keyboard.c(158): warning:  #188-D: enumerated type mixed with another type
      LV_KB_BTN(1), LV_KB_BTN(1), LV_KB_BTN(1), LV_KB_BTN(1), LV_KB_BTN(1), LV_KB_BTN(1), LV_KB_BTN(1), LV_KB_BTN(1), LV_KB_BTN(1), LV_KB_BTN(1), LV_KB_BTN(1),
D:\Program Files\ArmPack\LVGL\lvgl\9.2.1\src\widgets\keyboard\lv_keyboard.c(158): warning:  #188-D: enumerated type mixed with another type
      LV_KB_BTN(1), LV_KB_BTN(1), LV_KB_BTN(1), LV_KB_BTN(1), LV_KB_BTN(1), LV_KB_BTN(1), LV_KB_BTN(1), LV_KB_BTN(1), LV_KB_BTN(1), LV_KB_BTN(1), LV_KB_BTN(1),
D:\Program Files\ArmPack\LVGL\lvgl\9.2.1\src\widgets\keyboard\lv_keyboard.c(159): warning:  #188-D: enumerated type mixed with another type
      LV_KEYBOARD_CTRL_BUTTON_FLAGS | 2,
D:\Program Files\ArmPack\LVGL\lvgl\9.2.1\src\widgets\keyboard\lv_keyboard.c(163): warning:  #188-D: enumerated type mixed with another type
      LV_BUTTONMATRIX_CTRL_CHECKED | 2, 6, LV_BUTTONMATRIX_CTRL_CHECKED | 2, LV_KEYBOARD_CTRL_BUTTON_FLAGS | 2
D:\Program Files\ArmPack\LVGL\lvgl\9.2.1\src\widgets\keyboard\lv_keyboard.c(163): warning:  #188-D: enumerated type mixed with another type
      LV_BUTTONMATRIX_CTRL_CHECKED | 2, 6, LV_BUTTONMATRIX_CTRL_CHECKED | 2, LV_KEYBOARD_CTRL_BUTTON_FLAGS | 2
D:\Program Files\ArmPack\LVGL\lvgl\9.2.1\src\widgets\keyboard\lv_keyboard.c(163): warning:  #188-D: enumerated type mixed with another type
      LV_BUTTONMATRIX_CTRL_CHECKED | 2, 6, LV_BUTTONMATRIX_CTRL_CHECKED | 2, LV_KEYBOARD_CTRL_BUTTON_FLAGS | 2
D:\Program Files\ArmPack\LVGL\lvgl\9.2.1\src\widgets\keyboard\lv_keyboard.c(163): warning:  #188-D: enumerated type mixed with another type
      LV_BUTTONMATRIX_CTRL_CHECKED | 2, 6, LV_BUTTONMATRIX_CTRL_CHECKED | 2, LV_KEYBOARD_CTRL_BUTTON_FLAGS | 2
D:\Program Files\ArmPack\LVGL\lvgl\9.2.1\src\widgets\keyboard\lv_keyboard.c(173): warning:  #188-D: enumerated type mixed with another type
D:\Program Files\ArmPack\LVGL\lvgl\9.2.1\src\widgets\keyboard\lv_keyboard.c(173): warning:  #188-D: enumerated type mixed with another type
D:\Program Files\ArmPack\LVGL\lvgl\9.2.1\src\widgets\keyboard\lv_keyboard.c(173): warning:  #188-D: enumerated type mixed with another type
D:\Program Files\ArmPack\LVGL\lvgl\9.2.1\src\widgets\keyboard\lv_keyboard.c(173): warning:  #188-D: enumerated type mixed with another type
D:\Program Files\ArmPack\LVGL\lvgl\9.2.1\src\widgets\keyboard\lv_keyboard.c(174): warning:  #188-D: enumerated type mixed with another type
D:\Program Files\ArmPack\LVGL\lvgl\9.2.1\src\widgets\keyboard\lv_keyboard.c(174): warning:  #188-D: enumerated type mixed with another type
D:\Program Files\ArmPack\LVGL\lvgl\9.2.1\src\widgets\keyboard\lv_keyboard.c(174): warning:  #188-D: enumerated type mixed with another type
D:\Program Files\ArmPack\LVGL\lvgl\9.2.1\src\widgets\keyboard\lv_keyboard.c(174): warning:  #188-D: enumerated type mixed with another type
D:\Program Files\ArmPack\LVGL\lvgl\9.2.1\src\widgets\keyboard\lv_keyboard.c(175): warning:  #188-D: enumerated type mixed with another type
D:\Program Files\ArmPack\LVGL\lvgl\9.2.1\src\widgets\keyboard\lv_keyboard.c(175): warning:  #188-D: enumerated type mixed with another type
D:\Program Files\ArmPack\LVGL\lvgl\9.2.1\src\widgets\keyboard\lv_keyboard.c(175): warning:  #188-D: enumerated type mixed with another type
D:\Program Files\ArmPack\LVGL\lvgl\9.2.1\src\widgets\keyboard\lv_keyboard.c(175): warning:  #188-D: enumerated type mixed with another type
D:\Program Files\ArmPack\LVGL\lvgl\9.2.1\src\widgets\keyboard\lv_keyboard.c(176): warning:  #188-D: enumerated type mixed with another type
D:\Program Files\ArmPack\LVGL\lvgl\9.2.1\src\widgets\keyboard\lv_keyboard.c(176): warning:  #188-D: enumerated type mixed with another type
D:\Program Files\ArmPack\LVGL\lvgl\9.2.1\src\widgets\keyboard\lv_keyboard.c(176): warning:  #188-D: enumerated type mixed with another type
D:\Program Files\ArmPack\LVGL\lvgl\9.2.1\src\widgets\keyboard\lv_keyboard.c(176): warning:  #188-D: enumerated type mixed with another type
D:\Program Files\ArmPack\LVGL\lvgl\9.2.1\src\widgets\keyboard\lv_keyboard.c(176): warning:  #188-D: enumerated type mixed with another type
D:\Program Files\ArmPack\LVGL\lvgl\9.2.1\src\widgets\keyboard\lv_keyboard.c: 137 warnings, 0 errors
compiling lv_dropdown.c...
D:\Program Files\ArmPack\LVGL\lvgl\9.2.1\src\widgets\dropdown\lv_dropdown.c(508): warning:  #188-D: enumerated type mixed with another type
      return dropdown->dir;
D:\Program Files\ArmPack\LVGL\lvgl\9.2.1\src\widgets\dropdown\lv_dropdown.c(548): warning:  #188-D: enumerated type mixed with another type
      lv_dir_t dir = dropdown->dir;
D:\Program Files\ArmPack\LVGL\lvgl\9.2.1\src\widgets\dropdown\lv_dropdown.c: 2 warnings, 0 errors
compiling lv_label.c...
compiling lv_line.c...
compiling lv_lottie.c...
compiling lv_objx_templ.c...
compiling lv_list.c...
compiling lv_msgbox.c...
compiling lv_menu.c...
compiling lv_dropdown_properties.c...
compiling lv_keyboard_properties.c...
compiling lv_image_properties.c...
compiling lv_label_properties.c...
compiling lv_obj_properties.c...
compiling lv_style_properties.c...
compiling lv_roller_properties.c...
compiling lv_textarea_properties.c...
compiling lv_switch.c...
compiling lv_slider.c...
compiling lv_spinbox.c...
compiling lv_spinner.c...
compiling lv_tabview.c...
compiling lv_scale.c...
compiling lv_roller.c...
compiling lv_table.c...
D:\Program Files\ArmPack\LVGL\lvgl\9.2.1\src\widgets\table\lv_table.c(103): warning:  #188-D: enumerated type mixed with another type
      lv_table_cell_ctrl_t ctrl = 0;
D:\Program Files\ArmPack\LVGL\lvgl\9.2.1\src\widgets\table\lv_table.c(142): warning:  #188-D: enumerated type mixed with another type
      lv_table_cell_ctrl_t ctrl = 0;
D:\Program Files\ArmPack\LVGL\lvgl\9.2.1\src\widgets\table\lv_table.c(335): warning:  #188-D: enumerated type mixed with another type
          table->cell_data[cell]->ctrl = 0;
D:\Program Files\ArmPack\LVGL\lvgl\9.2.1\src\widgets\table\lv_table.c(360): warning:  #188-D: enumerated type mixed with another type
          table->cell_data[cell]->ctrl = 0;
D:\Program Files\ArmPack\LVGL\lvgl\9.2.1\src\widgets\table\lv_table.c(385): warning:  #188-D: enumerated type mixed with another type
          table->cell_data[cell]->ctrl = 0;
D:\Program Files\ArmPack\LVGL\lvgl\9.2.1\src\widgets\table\lv_table.c(729): warning:  #188-D: enumerated type mixed with another type
              lv_table_cell_ctrl_t ctrl = 0;
D:\Program Files\ArmPack\LVGL\lvgl\9.2.1\src\widgets\table\lv_table.c: 6 warnings, 0 errors
compiling lv_span.c...
D:\Program Files\ArmPack\LVGL\lvgl\9.2.1\src\widgets\span\lv_span.c(320): warning:  #188-D: enumerated type mixed with another type
      return spans->overflow;
D:\Program Files\ArmPack\LVGL\lvgl\9.2.1\src\widgets\span\lv_span.c(334): warning:  #188-D: enumerated type mixed with another type
      return spans->mode;
D:\Program Files\ArmPack\LVGL\lvgl\9.2.1\src\widgets\span\lv_span.c(1041): warning:  #188-D: enumerated type mixed with another type
              lv_text_decor_t decor = lv_span_get_style_text_decor(obj, pinfo->span);
D:\Program Files\ArmPack\LVGL\lvgl\9.2.1\src\widgets\span\lv_span.c(954): warning:  #546-D: transfer of control bypasses initialization of:
            variable "align"  (declared at line 958)
              goto Next_line_init;
              ^
D:\Program Files\ArmPack\LVGL\lvgl\9.2.1\src\widgets\span\lv_span.c: 4 warnings, 0 errors
compiling lv_tileview.c...
compiling lv_win.c...
compiling lv_textarea.c...
compiling lv_port_disp_template.c...
linking...
Program Size: Code=177724 RO-data=20080 RW-data=216 ZI-data=163728  
FromELF: creating hex file...
"LVGL-GUIDER\LVGL-GUIDER.axf" - 0 Error(s), 240 Warning(s).

<h2>Software Packages used:</h2>

Package Vendor: ARM
                http://www.keil.com/pack/ARM.CMSIS.5.7.0.pack
                ARM.CMSIS.5.7.0
                CMSIS (Cortex Microcontroller Software Interface Standard)
   * Component: CORE Version: 5.4.0

Package Vendor: LVGL
                https://raw.githubusercontent.com/lvgl/lvgl/master/env_support/cmsis-pack/LVGL.lvgl.9.2.1.pack
                LVGL.lvgl.9.2.1
                LVGL (Light and Versatile Graphics Library) is a free and open-source graphics library providing everything you need to create an embedded GUI with easy-to-use graphical elements, beautiful visual effects and a low memory footprint.
   * Component: Essential Version: 9.2.1
   * Component: Display Variant: Generic Version: 9.2.1

Package Vendor: Keil
                https://www.keil.com/pack/Keil.STM32WBxx_DFP.2.0.0.pack
                Keil.STM32WBxx_DFP.2.0.0
                STMicroelectronics STM32WB Series Device Support

<h2>Collection of Component include folders:</h2>
  .\RTE\LVGL
  .\RTE\_LVGL-GUIDER
  D:\Program Files\ArmPack\ARM\CMSIS\5.7.0\CMSIS\Core\Include
  D:\Program Files\ArmPack\LVGL\lvgl\9.2.1
  D:\Program Files\ArmPack\LVGL\lvgl\9.2.1\src\core

<h2>Collection of Component Files used:</h2>

   * Component: ARM::CMSIS:CORE:5.4.0
      Include file:  CMSIS\Core\Include\tz_context.h

   * Component: LVGL.LVGL9::LVGL:Essential:9.2.1
      Source file:   src\widgets\lottie\lv_lottie.c
      Source file:   src\widgets\msgbox\lv_msgbox.c
      Source file:   src\widgets\objx_templ\lv_objx_templ.c
      Source file:   src\widgets\scale\lv_scale.c
      Source file:   src\widgets\dropdown\lv_dropdown.c
      Source file:   src\widgets\chart\lv_chart.c
      Source file:   src\widgets\arc\lv_arc.c
      Source file:   src\widgets\buttonmatrix\lv_buttonmatrix.c
      Source file:   src\widgets\slider\lv_slider.c
      Source file:   src\widgets\keyboard\lv_keyboard.c
      Source file:   src\widgets\bar\lv_bar.c
      Source file:   src\widgets\imagebutton\lv_imagebutton.c
      Source file:   src\widgets\image\lv_image.c
      Source file:   src\widgets\list\lv_list.c
      Source file:   src\themes\default\lv_theme_default.c
      Source file:   src\widgets\button\lv_button.c
      Source file:   src\widgets\roller\lv_roller.c
      Source file:   src\widgets\calendar\lv_calendar_chinese.c
      Source file:   src\widgets\calendar\lv_calendar.c
      Source file:   src\themes\mono\lv_theme_mono.c
      Source file:   src\widgets\animimage\lv_animimage.c
      Source file:   src\widgets\label\lv_label.c
      Source file:   src\widgets\menu\lv_menu.c
      Source file:   src\widgets\calendar\lv_calendar_header_arrow.c
      Source file:   src\themes\simple\lv_theme_simple.c
      Source file:   src\widgets\canvas\lv_canvas.c
      Source file:   src\widgets\line\lv_line.c
      Source file:   src\tick\lv_tick.c
      Source file:   src\themes\lv_theme.c
      Source file:   src\widgets\calendar\lv_calendar_header_dropdown.c
      Source file:   src\widgets\checkbox\lv_checkbox.c
      Source file:   src\widgets\led\lv_led.c
      Source file:   src\widgets\property\lv_keyboard_properties.c
      Source file:   src\others\observer\lv_observer.c
      Source file:   src\others\vg_lite_tvg\vg_lite_tvg.cpp
      Source file:   demos\lv_demos.c
      Source file:   lv_cmsis_pack.c
      Include file:  lvgl.h
      Source file:   src\widgets\tabview\lv_tabview.c
      Source file:   examples\porting\lv_port_disp_template.c
      Source file:   src\widgets\span\lv_span.c
      Source file:   src\widgets\property\lv_image_properties.c
      Source file:   src\widgets\property\lv_label_properties.c
      Source file:   src\widgets\property\lv_roller_properties.c
      Source file:   src\widgets\textarea\lv_textarea.c
      Source file:   src\widgets\win\lv_win.c
      Source file:   src\widgets\switch\lv_switch.c
      Source file:   src\others\vg_lite_tvg\vg_lite_matrix.c
      Source file:   src\widgets\spinner\lv_spinner.c
      Source file:   src\osal\lv_os.c
      Source file:   src\libs\fsdrv\lv_fs_cbfs.c
      Include file:  examples\porting\lv_port_disp_template.h
      Source file:   src\widgets\spinbox\lv_spinbox.c
      Source file:   src\widgets\property\lv_dropdown_properties.c
      Source file:   src\widgets\property\lv_style_properties.c
      Source file:   src\libs\bin_decoder\lv_bin_decoder.c
      Source file:   src\widgets\table\lv_table.c
      Source file:   src\widgets\tileview\lv_tileview.c
      Source file:   src\osal\lv_os_none.c
      Source file:   src\others\sysmon\lv_sysmon.c
      Source file:   src\widgets\property\lv_textarea_properties.c
      Source file:   src\widgets\property\lv_obj_properties.c
      Include file:  examples\porting\lv_port_fs_template.h
      Source file:   examples\porting\lv_port_fs_template.c
      Source file:   examples\porting\lv_port_indev_template.c
      Include file:  examples\porting\lv_port_indev_template.h
      Source file:   src\core\lv_obj_draw.c
      Source file:   src\core\lv_obj.c
      Source file:   src\core\lv_obj_id_builtin.c
      Source file:   src\core\lv_obj_style.c
      Source file:   src\core\lv_obj_property.c
      Source file:   src\core\lv_obj_style_gen.c
      Source file:   src\core\lv_obj_tree.c
      Source file:   src\core\lv_obj_pos.c
      Source file:   src\drivers\evdev\lv_evdev.c
      Source file:   src\core\lv_refr.c
      Source file:   src\drivers\display\lcd\lv_lcd_generic_mipi.c
      Source file:   src\drivers\nuttx\lv_nuttx_entry.c
      Source file:   src\drivers\nuttx\lv_nuttx_cache.c
      Source file:   src\drivers\nuttx\lv_nuttx_fbdev.c
      Source file:   src\core\lv_obj_scroll.c
      Source file:   src\drivers\nuttx\lv_nuttx_lcd.c
      Source file:   src\core\lv_obj_class.c
      Source file:   src\lv_init.c
      Source file:   src\core\lv_obj_event.c
      Source file:   src\core\lv_group.c
      Include file:  src\core\lv_global.h
      Source file:   src\draw\lv_draw_vector.c
      Source file:   src\drivers\wayland\lv_wayland.c
      Source file:   src\drivers\glfw\lv_opengles_texture.c
      Source file:   src\drivers\sdl\lv_sdl_mousewheel.c
      Source file:   src\drivers\qnx\lv_qnx.c
      Source file:   src\display\lv_display.c
      Source file:   src\drivers\sdl\lv_sdl_mouse.c
      Source file:   src\drivers\glfw\lv_opengles_driver.c
      Source file:   src\drivers\sdl\lv_sdl_window.c
      Source file:   src\drivers\libinput\lv_libinput.c
      Source file:   src\draw\lv_draw.c
      Source file:   src\draw\lv_draw_arc.c
      Source file:   src\draw\lv_draw_buf.c
      Source file:   src\drivers\x11\lv_x11_display.c
      Source file:   src\drivers\nuttx\lv_nuttx_touchscreen.c
      Source file:   src\drivers\glfw\lv_opengles_debug.c
      Source file:   src\drivers\glfw\lv_glfw_window.c
      Source file:   src\draw\lv_draw_line.c
      Source file:   src\draw\lv_draw_triangle.c
      Source file:   src\drivers\sdl\lv_sdl_keyboard.c
      Source file:   src\draw\lv_image_decoder.c
      Source file:   src\draw\lv_draw_rect.c
      Source file:   src\draw\sw\lv_draw_sw.c
      Source file:   src\draw\sw\lv_draw_sw_arc.c
      Source file:   src\drivers\nuttx\lv_nuttx_libuv.c
      Source file:   src\drivers\wayland\lv_wayland_smm.c
      Source file:   src\draw\lv_draw_label.c
      Source file:   src\drivers\nuttx\lv_nuttx_image_cache.c
      Source file:   src\drivers\x11\lv_x11_input.c
      Source file:   src\draw\lv_draw_mask.c
      Source file:   src\drivers\libinput\lv_xkb.c
      Source file:   src\draw\lv_draw_image.c
      Source file:   src\draw\sw\lv_draw_sw_mask.c
      Source file:   src\draw\sw\lv_draw_sw_vector.c
      Source file:   src\draw\sw\blend\lv_draw_sw_blend.c
      Source file:   src\draw\sw\blend\lv_draw_sw_blend_to_rgb565.c
      Source file:   src\font\lv_binfont_loader.c
      Source file:   src\font\lv_font_dejavu_16_persian_hebrew.c
      Source file:   src\font\lv_font_fmt_txt.c
      Source file:   src\draw\sw\lv_draw_sw_img.c
      Source file:   src\draw\sw\blend\lv_draw_sw_blend_to_l8.c
      Source file:   src\draw\sw\lv_draw_sw_box_shadow.c
      Source file:   src\draw\sw\blend\lv_draw_sw_blend_to_argb8888.c
      Source file:   src\draw\sw\blend\lv_draw_sw_blend_to_i1.c
      Source file:   src\font\lv_font.c
      Source file:   src\font\lv_font_montserrat_8.c
      Source file:   src\font\lv_font_montserrat_10.c
      Source file:   src\font\lv_font_montserrat_12.c
      Source file:   src\font\lv_font_montserrat_14.c
      Source file:   src\draw\sw\lv_draw_sw_mask_rect.c
      Source file:   src\font\lv_font_montserrat_16.c
      Source file:   src\draw\sw\lv_draw_sw_triangle.c
      Source file:   src\font\lv_font_montserrat_20.c
      Source file:   src\font\lv_font_montserrat_18.c
      Source file:   src\draw\sw\blend\lv_draw_sw_blend_to_rgb888.c
      Source file:   src\draw\sw\lv_draw_sw_letter.c
      Source file:   src\draw\sw\lv_draw_sw_fill.c
      Source file:   src\draw\sw\lv_draw_sw_line.c
      Source file:   src\draw\sw\lv_draw_sw_transform.c
      Source file:   src\draw\sw\blend\lv_draw_sw_blend_to_al88.c
      Source file:   src\draw\sw\lv_draw_sw_border.c
      Source file:   src\draw\sw\lv_draw_sw_gradient.c
      Source file:   src\font\lv_font_montserrat_36.c
      Source file:   src\font\lv_font_unscii_16.c
      Source file:   src\font\lv_font_unscii_8.c
      Source file:   src\layouts\flex\lv_flex.c
      Source file:   src\misc\lv_area.c
      Source file:   src\font\lv_font_montserrat_44.c
      Source file:   src\font\lv_font_simsun_16_cjk.c
      Source file:   src\font\lv_font_montserrat_22.c
      Source file:   src\font\lv_font_montserrat_28_compressed.c
      Source file:   src\font\lv_font_montserrat_30.c
      Source file:   src\font\lv_font_montserrat_32.c
      Source file:   src\font\lv_font_montserrat_38.c
      Source file:   src\indev\lv_indev.c
      Source file:   src\misc\lv_array.c
      Source file:   src\indev\lv_indev_scroll.c
      Source file:   src\misc\lv_async.c
      Source file:   src\misc\lv_color.c
      Source file:   src\misc\lv_color_op.c
      Source file:   src\font\lv_font_montserrat_24.c
      Source file:   src\font\lv_font_montserrat_42.c
      Source file:   src\misc\lv_bidi.c
      Source file:   src\font\lv_font_montserrat_34.c
      Source file:   src\misc\lv_anim.c
      Source file:   src\font\lv_font_simsun_14_cjk.c
      Source file:   src\font\lv_font_montserrat_46.c
      Source file:   src\font\lv_font_montserrat_40.c
      Source file:   src\layouts\grid\lv_grid.c
      Source file:   src\font\lv_font_montserrat_48.c
      Source file:   src\layouts\lv_layout.c
      Source file:   src\misc\lv_anim_timeline.c
      Source file:   src\font\lv_font_montserrat_26.c
      Source file:   src\font\lv_font_montserrat_28.c
      Source file:   src\stdlib\clib\lv_string_clib.c
      Source file:   src\stdlib\micropython\lv_mem_core_micropython.c
      Source file:   src\misc\lv_matrix.c
      Source file:   src\stdlib\rtthread\lv_mem_core_rtthread.c
      Source file:   src\stdlib\clib\lv_sprintf_clib.c
      Source file:   src\misc\lv_templ.c
      Source file:   src\misc\lv_timer.c
      Source file:   src\misc\lv_lru.c
      Source file:   src\misc\lv_log.c
      Source file:   src\misc\lv_rb.c
      Source file:   src\misc\cache\lv_cache.c
      Source file:   src\misc\lv_math.c
      Source file:   src\misc\cache\lv_image_cache.c
      Source file:   src\stdlib\builtin\lv_sprintf_builtin.c
      Source file:   src\stdlib\builtin\lv_mem_core_builtin.c
      Source file:   src\misc\lv_profiler_builtin.c
      Source file:   src\stdlib\clib\lv_mem_core_clib.c
      Source file:   src\stdlib\lv_mem.c
      Source file:   src\misc\lv_event.c
      Source file:   src\misc\lv_style_gen.c
      Source file:   src\misc\cache\lv_cache_lru_rb.c
      Source file:   src\misc\cache\lv_image_header_cache.c
      Source file:   src\misc\cache\lv_cache_entry.c
      Source file:   src\misc\lv_utils.c
      Source file:   src\misc\lv_text.c
      Source file:   src\misc\lv_style.c
      Source file:   src\misc\lv_palette.c
      Source file:   src\misc\lv_text_ap.c
      Source file:   src\stdlib\builtin\lv_string_builtin.c
      Source file:   src\stdlib\builtin\lv_tlsf.c
      Source file:   src\misc\lv_fs.c
      Source file:   src\misc\lv_ll.c
      Source file:   src\stdlib\rtthread\lv_string_rtthread.c
      Source file:   src\stdlib\rtthread\lv_sprintf_rtthread.c

   * Component: LVGL.LVGL9::LVGL:Porting:Display:Generic:9.2.1
      Source file:   examples\porting\lv_port_disp_template.c
      Include file:  examples\porting\lv_port_disp_template.h
Build Time Elapsed:  00:01:16
</pre>
</body>
</html>
