<html>
<body>
<pre>
<h1>µVision Build Log</h1>
<h2>Tool Versions:</h2>
IDE-Version: ¦ÌVision V5.30.0.0
Copyright (C) 2020 ARM Ltd and ARM Germany GmbH. All rights reserved.
License Information: 1 jclocal 1 Flex license: MDK Professional 5.30 (Flex): 1 user(s) (mdk_pro) Support: Jul 2021
 
Tool Versions:
Toolchain:       MDK Professional 5.30 (Flex): 1 user(s)  Version: 5.30.0.0
Toolchain Path:  C:\Keil_v5\ARM\ARMCC\Bin
C Compiler:      Armcc.exe V5.06 update 6 (build 750)
Assembler:       Armasm.exe V5.06 update 6 (build 750)
Linker/Locator:  ArmLink.exe V5.06 update 6 (build 750)
Library Manager: ArmAr.exe V5.06 update 6 (build 750)
Hex Converter:   FromElf.exe V5.06 update 6 (build 750)
CPU DLL:         SARMCM3.DLL V5.30.0.0
Dialog DLL:      DCM.DLL V1.17.3.0
Target DLL:      STLink\ST-LINKIII-KEIL_SWO.dll V3.0.7.0
Dialog DLL:      TCM.DLL V1.42.0.0
 
<h2>Project:</h2>
D:\Desktop\LCD-DRIVERS\LCD_DRIVER_V3.0.0\MDK-ARM\LVGL-GUIDER.uvprojx
Project File Date:  04/01/2026

<h2>Output:</h2>
*** Using Compiler 'V5.06 update 6 (build 750)', folder: 'C:\Keil_v5\ARM\ARMCC\Bin'
Build target 'LVGL-GUIDER'
compiling myguideruis.c...
linking...
Program Size: Code=191184 RO-data=32176 RW-data=220 ZI-data=163820  
FromELF: creating hex file...
"LVGL-GUIDER\LVGL-GUIDER.axf" - 0 Error(s), 0 Warning(s).

<h2>Software Packages used:</h2>

Package Vendor: ARM
                http://www.keil.com/pack/ARM.CMSIS.5.7.0.pack
                ARM.CMSIS.5.7.0
                CMSIS (Cortex Microcontroller Software Interface Standard)
   * Component: CORE Version: 5.4.0

Package Vendor: LVGL
                https://raw.githubusercontent.com/lvgl/lvgl/master/env_support/cmsis-pack/LVGL.lvgl.9.2.1.pack
                LVGL.lvgl.9.2.1
                LVGL (Light and Versatile Graphics Library) is a free and open-source graphics library providing everything you need to create an embedded GUI with easy-to-use graphical elements, beautiful visual effects and a low memory footprint.
   * Component: Essential Version: 9.2.1
   * Component: Display Variant: Generic Version: 9.2.1
   * Component: Input Variant: Generic Version: 9.2.1

Package Vendor: Keil
                https://www.keil.com/pack/Keil.STM32WBxx_DFP.2.0.0.pack
                Keil.STM32WBxx_DFP.2.0.0
                STMicroelectronics STM32WB Series Device Support

<h2>Collection of Component include folders:</h2>
  .\RTE\LVGL
  .\RTE\_LVGL-GUIDER
  D:\Program Files\ArmPack\ARM\CMSIS\5.7.0\CMSIS\Core\Include
  D:\Program Files\ArmPack\LVGL\lvgl\9.2.1
  D:\Program Files\ArmPack\LVGL\lvgl\9.2.1\src\core

<h2>Collection of Component Files used:</h2>

   * Component: ARM::CMSIS:CORE:5.4.0
      Include file:  CMSIS\Core\Include\tz_context.h

   * Component: LVGL.LVGL9::LVGL:Essential:9.2.1
      Source file:   src\drivers\nuttx\lv_nuttx_touchscreen.c
      Source file:   src\drivers\nuttx\lv_nuttx_image_cache.c
      Source file:   src\core\lv_group.c
      Source file:   src\core\lv_obj_tree.c
      Source file:   src\drivers\sdl\lv_sdl_keyboard.c
      Source file:   src\core\lv_obj_id_builtin.c
      Source file:   src\core\lv_obj_draw.c
      Source file:   src\core\lv_obj_event.c
      Source file:   src\core\lv_obj_pos.c
      Source file:   src\core\lv_obj_property.c
      Source file:   src\core\lv_obj_scroll.c
      Source file:   src\core\lv_obj_style_gen.c
      Source file:   src\drivers\evdev\lv_evdev.c
      Source file:   src\core\lv_obj_style.c
      Source file:   src\drivers\display\lcd\lv_lcd_generic_mipi.c
      Source file:   src\drivers\nuttx\lv_nuttx_cache.c
      Source file:   src\core\lv_refr.c
      Source file:   src\drivers\nuttx\lv_nuttx_libuv.c
      Source file:   src\core\lv_obj.c
      Source file:   src\lv_init.c
      Include file:  src\core\lv_global.h
      Source file:   src\core\lv_obj_class.c
      Source file:   src\drivers\nuttx\lv_nuttx_entry.c
      Source file:   src\drivers\nuttx\lv_nuttx_lcd.c
      Source file:   src\drivers\nuttx\lv_nuttx_fbdev.c
      Source file:   src\draw\lv_image_decoder.c
      Source file:   src\drivers\x11\lv_x11_display.c
      Source file:   src\draw\lv_draw_vector.c
      Source file:   src\draw\sw\lv_draw_sw_arc.c
      Source file:   src\draw\sw\lv_draw_sw_border.c
      Source file:   src\draw\sw\lv_draw_sw_box_shadow.c
      Source file:   src\drivers\qnx\lv_qnx.c
      Source file:   src\draw\lv_draw_line.c
      Source file:   src\draw\sw\lv_draw_sw.c
      Source file:   src\draw\sw\lv_draw_sw_fill.c
      Source file:   src\drivers\wayland\lv_wayland_smm.c
      Source file:   src\draw\sw\lv_draw_sw_gradient.c
      Source file:   src\drivers\glfw\lv_opengles_debug.c
      Source file:   src\drivers\glfw\lv_opengles_driver.c
      Source file:   src\drivers\sdl\lv_sdl_mousewheel.c
      Source file:   src\display\lv_display.c
      Source file:   src\draw\lv_draw_arc.c
      Source file:   src\draw\lv_draw_rect.c
      Source file:   src\drivers\sdl\lv_sdl_mouse.c
      Source file:   src\drivers\x11\lv_x11_input.c
      Source file:   src\drivers\libinput\lv_xkb.c
      Source file:   src\drivers\glfw\lv_opengles_texture.c
      Source file:   src\drivers\wayland\lv_wayland.c
      Source file:   src\draw\lv_draw_buf.c
      Source file:   src\draw\lv_draw_image.c
      Source file:   src\drivers\glfw\lv_glfw_window.c
      Source file:   src\draw\lv_draw.c
      Source file:   src\drivers\sdl\lv_sdl_window.c
      Source file:   src\drivers\libinput\lv_libinput.c
      Source file:   src\draw\lv_draw_label.c
      Source file:   src\draw\lv_draw_mask.c
      Source file:   src\draw\lv_draw_triangle.c
      Source file:   src\font\lv_font_montserrat_18.c
      Source file:   src\font\lv_font_montserrat_24.c
      Source file:   src\font\lv_font_montserrat_28.c
      Source file:   src\draw\sw\lv_draw_sw_img.c
      Source file:   src\draw\sw\lv_draw_sw_mask_rect.c
      Source file:   src\draw\sw\lv_draw_sw_transform.c
      Source file:   src\draw\sw\lv_draw_sw_triangle.c
      Source file:   src\font\lv_font.c
      Source file:   src\font\lv_font_montserrat_20.c
      Source file:   src\font\lv_font_montserrat_12.c
      Source file:   src\font\lv_font_montserrat_16.c
      Source file:   src\font\lv_font_montserrat_22.c
      Source file:   src\font\lv_font_montserrat_26.c
      Source file:   src\draw\sw\blend\lv_draw_sw_blend.c
      Source file:   src\draw\sw\lv_draw_sw_letter.c
      Source file:   src\draw\sw\lv_draw_sw_mask.c
      Source file:   src\draw\sw\blend\lv_draw_sw_blend_to_al88.c
      Source file:   src\draw\sw\lv_draw_sw_line.c
      Source file:   src\draw\sw\blend\lv_draw_sw_blend_to_l8.c
      Source file:   src\draw\sw\blend\lv_draw_sw_blend_to_argb8888.c
      Source file:   src\draw\sw\blend\lv_draw_sw_blend_to_i1.c
      Source file:   src\draw\sw\blend\lv_draw_sw_blend_to_rgb565.c
      Source file:   src\draw\sw\blend\lv_draw_sw_blend_to_rgb888.c
      Source file:   src\font\lv_binfont_loader.c
      Source file:   src\font\lv_font_dejavu_16_persian_hebrew.c
      Source file:   src\font\lv_font_fmt_txt.c
      Source file:   src\font\lv_font_montserrat_8.c
      Source file:   src\draw\sw\lv_draw_sw_vector.c
      Source file:   src\font\lv_font_montserrat_10.c
      Source file:   src\font\lv_font_montserrat_14.c
      Source file:   src\font\lv_font_montserrat_36.c
      Source file:   src\misc\lv_anim.c
      Source file:   src\font\lv_font_montserrat_38.c
      Source file:   src\font\lv_font_montserrat_28_compressed.c
      Source file:   src\font\lv_font_montserrat_30.c
      Source file:   src\misc\lv_anim_timeline.c
      Source file:   src\font\lv_font_montserrat_32.c
      Source file:   src\font\lv_font_simsun_16_cjk.c
      Source file:   src\indev\lv_indev_scroll.c
      Source file:   src\misc\lv_area.c
      Source file:   src\layouts\lv_layout.c
      Source file:   src\font\lv_font_simsun_14_cjk.c
      Source file:   src\font\lv_font_montserrat_42.c
      Source file:   src\misc\lv_color_op.c
      Source file:   src\layouts\flex\lv_flex.c
      Source file:   src\misc\lv_event.c
      Source file:   src\misc\lv_fs.c
      Source file:   src\misc\lv_log.c
      Source file:   src\misc\lv_ll.c
      Source file:   src\font\lv_font_montserrat_44.c
      Source file:   src\layouts\grid\lv_grid.c
      Source file:   src\font\lv_font_montserrat_40.c
      Source file:   src\font\lv_font_montserrat_48.c
      Source file:   src\font\lv_font_montserrat_46.c
      Source file:   src\font\lv_font_unscii_8.c
      Source file:   src\indev\lv_indev.c
      Source file:   src\font\lv_font_unscii_16.c
      Source file:   src\misc\lv_bidi.c
      Source file:   src\misc\lv_array.c
      Source file:   src\font\lv_font_montserrat_34.c
      Source file:   src\misc\lv_color.c
      Source file:   src\misc\lv_async.c
      Source file:   src\stdlib\rtthread\lv_string_rtthread.c
      Source file:   src\themes\lv_theme.c
      Source file:   src\themes\mono\lv_theme_mono.c
      Source file:   src\misc\lv_text_ap.c
      Source file:   src\stdlib\builtin\lv_tlsf.c
      Source file:   src\misc\lv_templ.c
      Source file:   src\stdlib\clib\lv_sprintf_clib.c
      Source file:   src\stdlib\rtthread\lv_mem_core_rtthread.c
      Source file:   src\stdlib\lv_mem.c
      Source file:   src\misc\lv_style.c
      Source file:   src\stdlib\builtin\lv_sprintf_builtin.c
      Source file:   src\misc\cache\lv_cache_lru_rb.c
      Source file:   src\misc\lv_rb.c
      Source file:   src\misc\lv_timer.c
      Source file:   src\misc\lv_text.c
      Source file:   src\misc\lv_style_gen.c
      Source file:   src\misc\lv_utils.c
      Source file:   src\misc\cache\lv_image_cache.c
      Source file:   src\misc\lv_matrix.c
      Source file:   src\misc\lv_profiler_builtin.c
      Source file:   src\misc\cache\lv_cache.c
      Source file:   src\misc\cache\lv_cache_entry.c
      Source file:   src\stdlib\builtin\lv_string_builtin.c
      Source file:   src\stdlib\clib\lv_mem_core_clib.c
      Source file:   src\misc\lv_lru.c
      Source file:   src\misc\lv_math.c
      Source file:   src\misc\lv_palette.c
      Source file:   src\misc\cache\lv_image_header_cache.c
      Source file:   src\stdlib\builtin\lv_mem_core_builtin.c
      Source file:   src\stdlib\clib\lv_string_clib.c
      Source file:   src\stdlib\rtthread\lv_sprintf_rtthread.c
      Source file:   src\stdlib\micropython\lv_mem_core_micropython.c
      Source file:   src\widgets\span\lv_span.c
      Source file:   src\widgets\spinbox\lv_spinbox.c
      Source file:   src\themes\simple\lv_theme_simple.c
      Source file:   src\widgets\calendar\lv_calendar_header_arrow.c
      Source file:   src\widgets\buttonmatrix\lv_buttonmatrix.c
      Source file:   src\widgets\objx_templ\lv_objx_templ.c
      Source file:   src\widgets\button\lv_button.c
      Source file:   src\widgets\led\lv_led.c
      Source file:   src\widgets\keyboard\lv_keyboard.c
      Source file:   src\widgets\list\lv_list.c
      Source file:   src\widgets\imagebutton\lv_imagebutton.c
      Source file:   src\widgets\scale\lv_scale.c
      Source file:   src\tick\lv_tick.c
      Source file:   src\widgets\canvas\lv_canvas.c
      Source file:   src\widgets\checkbox\lv_checkbox.c
      Source file:   src\widgets\dropdown\lv_dropdown.c
      Source file:   src\widgets\label\lv_label.c
      Source file:   src\widgets\lottie\lv_lottie.c
      Source file:   src\widgets\msgbox\lv_msgbox.c
      Source file:   src\widgets\animimage\lv_animimage.c
      Source file:   src\widgets\calendar\lv_calendar.c
      Source file:   src\themes\default\lv_theme_default.c
      Source file:   src\widgets\bar\lv_bar.c
      Source file:   src\widgets\arc\lv_arc.c
      Source file:   src\widgets\calendar\lv_calendar_chinese.c
      Source file:   src\widgets\calendar\lv_calendar_header_dropdown.c
      Source file:   src\widgets\image\lv_image.c
      Source file:   src\widgets\line\lv_line.c
      Source file:   src\widgets\chart\lv_chart.c
      Source file:   src\widgets\menu\lv_menu.c
      Source file:   src\widgets\roller\lv_roller.c
      Source file:   src\widgets\slider\lv_slider.c
      Source file:   src\widgets\win\lv_win.c
      Source file:   src\widgets\property\lv_textarea_properties.c
      Source file:   src\widgets\tileview\lv_tileview.c
      Source file:   src\libs\fsdrv\lv_fs_cbfs.c
      Source file:   src\others\vg_lite_tvg\vg_lite_matrix.c
      Source file:   src\others\vg_lite_tvg\vg_lite_tvg.cpp
      Source file:   src\widgets\property\lv_label_properties.c
      Source file:   src\widgets\property\lv_keyboard_properties.c
      Include file:  lvgl.h
      Source file:   lv_cmsis_pack.c
      Include file:  examples\porting\lv_port_disp_template.h
      Source file:   src\osal\lv_os.c
      Source file:   examples\porting\lv_port_disp_template.c
      Source file:   src\widgets\property\lv_style_properties.c
      Include file:  examples\porting\lv_port_indev_template.h
      Source file:   src\widgets\property\lv_dropdown_properties.c
      Source file:   examples\porting\lv_port_indev_template.c
      Source file:   src\widgets\spinner\lv_spinner.c
      Source file:   src\widgets\table\lv_table.c
      Source file:   src\widgets\textarea\lv_textarea.c
      Source file:   src\widgets\property\lv_roller_properties.c
      Source file:   src\widgets\property\lv_image_properties.c
      Source file:   src\widgets\property\lv_obj_properties.c
      Source file:   src\others\sysmon\lv_sysmon.c
      Source file:   src\osal\lv_os_none.c
      Source file:   src\widgets\switch\lv_switch.c
      Source file:   src\libs\bin_decoder\lv_bin_decoder.c
      Source file:   src\widgets\tabview\lv_tabview.c
      Source file:   src\others\observer\lv_observer.c
      Source file:   demos\lv_demos.c
      Include file:  examples\porting\lv_port_fs_template.h
      Source file:   examples\porting\lv_port_fs_template.c

   * Component: LVGL.LVGL9::LVGL:Porting:Display:Generic:9.2.1
      Include file:  examples\porting\lv_port_disp_template.h
      Source file:   examples\porting\lv_port_disp_template.c

   * Component: LVGL.LVGL9::LVGL:Porting:Input:Generic:9.2.1
      Include file:  examples\porting\lv_port_indev_template.h
      Source file:   examples\porting\lv_port_indev_template.c
Build Time Elapsed:  00:00:07
</pre>
</body>
</html>
