Component: ARM Compiler 5.06 update 6 (build 750) Tool: armlink [4d35ed]

==============================================================================

Section Cross References

    startup_stm32wb55xx_cm4.o(STACK) refers (Special) to heapauxi.o(.text) for __use_two_region_memory
    startup_stm32wb55xx_cm4.o(HEAP) refers (Special) to heapauxi.o(.text) for __use_two_region_memory
    startup_stm32wb55xx_cm4.o(RESET) refers (Special) to heapauxi.o(.text) for __use_two_region_memory
    startup_stm32wb55xx_cm4.o(RESET) refers to startup_stm32wb55xx_cm4.o(STACK) for __initial_sp
    startup_stm32wb55xx_cm4.o(RESET) refers to startup_stm32wb55xx_cm4.o(.text) for Reset_Handler
    startup_stm32wb55xx_cm4.o(RESET) refers to stm32wbxx_it.o(i.NMI_Handler) for NMI_Handler
    startup_stm32wb55xx_cm4.o(RESET) refers to stm32wbxx_it.o(i.HardFault_Handler) for HardFault_Handler
    startup_stm32wb55xx_cm4.o(RESET) refers to stm32wbxx_it.o(i.MemManage_Handler) for MemManage_Handler
    startup_stm32wb55xx_cm4.o(RESET) refers to stm32wbxx_it.o(i.BusFault_Handler) for BusFault_Handler
    startup_stm32wb55xx_cm4.o(RESET) refers to stm32wbxx_it.o(i.UsageFault_Handler) for UsageFault_Handler
    startup_stm32wb55xx_cm4.o(RESET) refers to stm32wbxx_it.o(i.SVC_Handler) for SVC_Handler
    startup_stm32wb55xx_cm4.o(RESET) refers to stm32wbxx_it.o(i.DebugMon_Handler) for DebugMon_Handler
    startup_stm32wb55xx_cm4.o(RESET) refers to stm32wbxx_it.o(i.PendSV_Handler) for PendSV_Handler
    startup_stm32wb55xx_cm4.o(RESET) refers to stm32wbxx_it.o(i.SysTick_Handler) for SysTick_Handler
    startup_stm32wb55xx_cm4.o(RESET) refers to stm32wbxx_it.o(i.DMA1_Channel1_IRQHandler) for DMA1_Channel1_IRQHandler
    startup_stm32wb55xx_cm4.o(RESET) refers to stm32wbxx_it.o(i.DMA1_Channel2_IRQHandler) for DMA1_Channel2_IRQHandler
    startup_stm32wb55xx_cm4.o(RESET) refers to stm32wbxx_it.o(i.DMA1_Channel3_IRQHandler) for DMA1_Channel3_IRQHandler
    startup_stm32wb55xx_cm4.o(RESET) refers to stm32wbxx_it.o(i.TIM1_UP_TIM16_IRQHandler) for TIM1_UP_TIM16_IRQHandler
    startup_stm32wb55xx_cm4.o(RESET) refers to stm32wbxx_it.o(i.SPI1_IRQHandler) for SPI1_IRQHandler
    startup_stm32wb55xx_cm4.o(.text) refers (Special) to heapauxi.o(.text) for __use_two_region_memory
    startup_stm32wb55xx_cm4.o(.text) refers to system_stm32wbxx.o(i.SystemInit) for SystemInit
    startup_stm32wb55xx_cm4.o(.text) refers to __main.o(!!!main) for __main
    startup_stm32wb55xx_cm4.o(.text) refers to startup_stm32wb55xx_cm4.o(HEAP) for Heap_Mem
    startup_stm32wb55xx_cm4.o(.text) refers to startup_stm32wb55xx_cm4.o(STACK) for Stack_Mem
    main.o(i.PeriphCommonClock_Config) refers to rt_memclr_w.o(.text) for __aeabi_memclr4
    main.o(i.PeriphCommonClock_Config) refers to stm32wbxx_hal_rcc_ex.o(i.HAL_RCCEx_PeriphCLKConfig) for HAL_RCCEx_PeriphCLKConfig
    main.o(i.SystemClock_Config) refers to rt_memclr_w.o(.text) for __aeabi_memclr4
    main.o(i.SystemClock_Config) refers to stm32wbxx_hal_rcc.o(i.HAL_RCC_OscConfig) for HAL_RCC_OscConfig
    main.o(i.SystemClock_Config) refers to stm32wbxx_hal_rcc.o(i.HAL_RCC_ClockConfig) for HAL_RCC_ClockConfig
    main.o(i.main) refers to stm32wbxx_hal.o(i.HAL_Init) for HAL_Init
    main.o(i.main) refers to main.o(i.SystemClock_Config) for SystemClock_Config
    main.o(i.main) refers to main.o(i.PeriphCommonClock_Config) for PeriphCommonClock_Config
    main.o(i.main) refers to gpio.o(i.MX_GPIO_Init) for MX_GPIO_Init
    main.o(i.main) refers to dma.o(i.MX_DMA_Init) for MX_DMA_Init
    main.o(i.main) refers to spi.o(i.MX_SPI1_Init) for MX_SPI1_Init
    main.o(i.main) refers to tim.o(i.MX_TIM16_Init) for MX_TIM16_Init
    main.o(i.main) refers to task.o(i.Task_Init) for Task_Init
    main.o(i.main) refers to lcd.o(i.Lcd_Init) for Lcd_Init
    main.o(i.main) refers to stm32wbxx_hal.o(i.HAL_Delay) for HAL_Delay
    main.o(i.main) refers to stm32wbxx_hal_tim.o(i.HAL_TIM_Base_Start_IT) for HAL_TIM_Base_Start_IT
    main.o(i.main) refers to task.o(i.Scheduler_Run) for Scheduler_Run
    main.o(i.main) refers to lcd.o(i.LCD_RefreshRate_Test_Run) for LCD_RefreshRate_Test_Run
    main.o(i.main) refers to tim.o(.bss) for htim16
    gpio.o(i.MX_GPIO_Init) refers to rt_memclr_w.o(.text) for __aeabi_memclr4
    gpio.o(i.MX_GPIO_Init) refers to gpio.o(i.LL_AHB2_GRP1_EnableClock) for LL_AHB2_GRP1_EnableClock
    gpio.o(i.MX_GPIO_Init) refers to stm32wbxx_hal_gpio.o(i.HAL_GPIO_WritePin) for HAL_GPIO_WritePin
    gpio.o(i.MX_GPIO_Init) refers to stm32wbxx_hal_gpio.o(i.HAL_GPIO_Init) for HAL_GPIO_Init
    dma.o(i.MX_DMA_Init) refers to dma.o(i.LL_AHB1_GRP1_EnableClock) for LL_AHB1_GRP1_EnableClock
    dma.o(i.MX_DMA_Init) refers to stm32wbxx_hal_dma.o(i.HAL_DMA_Init) for HAL_DMA_Init
    dma.o(i.MX_DMA_Init) refers to main.o(i.Error_Handler) for Error_Handler
    dma.o(i.MX_DMA_Init) refers to stm32wbxx_hal_cortex.o(i.HAL_NVIC_SetPriority) for HAL_NVIC_SetPriority
[...]
    ../Drivers/STM32WBxx_HAL_Driver/Src/stm32wbxx_hal_rcc.c 0x00000000   Number         0  stm32wbxx_hal_rcc.o ABSOLUTE
    ../Drivers/STM32WBxx_HAL_Driver/Src/stm32wbxx_hal_rcc_ex.c 0x00000000   Number         0  stm32wbxx_hal_rcc_ex.o ABSOLUTE
    ../Drivers/STM32WBxx_HAL_Driver/Src/stm32wbxx_hal_spi.c 0x00000000   Number         0  stm32wbxx_hal_spi.o ABSOLUTE
    ../Drivers/STM32WBxx_HAL_Driver/Src/stm32wbxx_hal_spi_ex.c 0x00000000   Number         0  stm32wbxx_hal_spi_ex.o ABSOLUTE
    ../Drivers/STM32WBxx_HAL_Driver/Src/stm32wbxx_hal_tim.c 0x00000000   Number         0  stm32wbxx_hal_tim.o ABSOLUTE
    ../Drivers/STM32WBxx_HAL_Driver/Src/stm32wbxx_hal_tim_ex.c 0x00000000   Number         0  stm32wbxx_hal_tim_ex.o ABSOLUTE
    ../Drivers/STM32WBxx_HAL_Driver/Src/stm32wbxx_ll_rcc.c 0x00000000   Number         0  stm32wbxx_ll_rcc.o ABSOLUTE
    ../clib/angel/boardlib.s                 0x00000000   Number         0  boardshut.o ABSOLUTE
    ../clib/angel/boardlib.s                 0x00000000   Number         0  boardinit1.o ABSOLUTE
    ../clib/angel/boardlib.s                 0x00000000   Number         0  boardinit3.o ABSOLUTE
    ../clib/angel/boardlib.s                 0x00000000   Number         0  boardinit2.o ABSOLUTE
    ../clib/angel/handlers.s                 0x00000000   Number         0  __scatter_copy.o ABSOLUTE
    ../clib/angel/handlers.s                 0x00000000   Number         0  __scatter_zi.o ABSOLUTE
    ../clib/angel/kernel.s                   0x00000000   Number         0  __rtentry2.o ABSOLUTE
    ../clib/angel/kernel.s                   0x00000000   Number         0  __rtentry4.o ABSOLUTE
    ../clib/angel/kernel.s                   0x00000000   Number         0  rtexit2.o ABSOLUTE
    ../clib/angel/kernel.s                   0x00000000   Number         0  rtexit.o ABSOLUTE
    ../clib/angel/kernel.s                   0x00000000   Number         0  __rtentry.o ABSOLUTE
    ../clib/angel/rt.s                       0x00000000   Number         0  rt_raise.o ABSOLUTE
    ../clib/angel/scatter.s                  0x00000000   Number         0  __scatter.o ABSOLUTE
    ../clib/angel/startup.s                  0x00000000   Number         0  __main.o ABSOLUTE
    ../clib/angel/sys.s                      0x00000000   Number         0  use_no_semi.o ABSOLUTE
    ../clib/angel/sys.s                      0x00000000   Number         0  libspace.o ABSOLUTE
    ../clib/angel/sys.s                      0x00000000   Number         0  sys_stackheap_outer.o ABSOLUTE
    ../clib/angel/sys.s                      0x00000000   Number         0  indicate_semi.o ABSOLUTE
    ../clib/angel/sysapp.c                   0x00000000   Number         0  sys_command.o ABSOLUTE
    ../clib/angel/sysapp.c                   0x00000000   Number         0  sys_exit.o ABSOLUTE
    ../clib/angel/sysapp.c                   0x00000000   Number         0  sys_wrch.o ABSOLUTE
    ../clib/armsys.c                         0x00000000   Number         0  _get_argv_nomalloc.o ABSOLUTE
    ../clib/armsys.c                         0x00000000   Number         0  no_argv.o ABSOLUTE
    ../clib/armsys.c                         0x00000000   Number         0  argv_veneer.o ABSOLUTE
    ../clib/armsys.c                         0x00000000   Number         0  argv_veneer.o ABSOLUTE
    ../clib/heapalloc.c                      0x00000000   Number         0  hrguard.o ABSOLUTE
    ../clib/heapaux.c                        0x00000000   Number         0  heapauxi.o ABSOLUTE
    ../clib/libinit.s                        0x00000000   Number         0  libshutdown.o ABSOLUTE
    ../clib/libinit.s                        0x00000000   Number         0  libinit2.o ABSOLUTE
    ../clib/libinit.s                        0x00000000   Number         0  libinit.o ABSOLUTE
    ../clib/libinit.s                        0x00000000   Number         0  libshutdown2.o ABSOLUTE
    ../clib/memcpset.s                       0x00000000   Number         0  rt_memclr_w.o ABSOLUTE
    ../clib/signal.c                         0x00000000   Number         0  defsig_exit.o ABSOLUTE
    ../clib/signal.c                         0x00000000   Number         0  defsig_rtmem_formal.o ABSOLUTE
    ../clib/signal.c                         0x00000000   Number         0  defsig_rtmem_outer.o ABSOLUTE
    ../clib/signal.c                         0x00000000   Number         0  defsig_other.o ABSOLUTE
    ../clib/signal.c                         0x00000000   Number         0  defsig_segv_inner.o ABSOLUTE
    ../clib/signal.c                         0x00000000   Number         0  defsig_pvfn_inner.o ABSOLUTE
    ../clib/signal.c                         0x00000000   Number         0  defsig_stak_inner.o ABSOLUTE
    ../clib/signal.c                         0x00000000   Number         0  defsig_rtred_inner.o ABSOLUTE
    ../clib/signal.c                         0x00000000   Number         0  defsig_fpe_inner.o ABSOLUTE
    ../clib/signal.c                         0x00000000   Number         0  defsig_abrt_inner.o ABSOLUTE
    ../clib/signal.c                         0x00000000   Number         0  defsig_cppl_inner.o ABSOLUTE
    ../clib/signal.c                         0x00000000   Number         0  defsig_general.o ABSOLUTE
    ../clib/signal.c                         0x00000000   Number         0  __raise.o ABSOLUTE
    ../clib/signal.c                         0x00000000   Number         0  defsig_rtmem_inner.o ABSOLUTE
    ../clib/signal.s                         0x00000000   Number         0  defsig.o ABSOLUTE
    ../clib/stdlib.c                         0x00000000   Number         0  exit.o ABSOLUTE
    ../fplib/fpinit.s                        0x00000000   Number         0  fpinit.o ABSOLUTE
    ..\Bsp\Lcd\lcd.c                         0x00000000   Number         0  lcd.o ABSOLUTE
    ..\Bsp\Task\task.c                       0x00000000   Number         0  task.o ABSOLUTE
    ..\Core\Src\dma.c                        0x00000000   Number         0  dma.o ABSOLUTE
    ..\Core\Src\gpio.c                       0x00000000   Number         0  gpio.o ABSOLUTE
    ..\Core\Src\main.c                       0x00000000   Number         0  main.o ABSOLUTE
    ..\Core\Src\memorymap.c                  0x00000000   Number         0  memorymap.o ABSOLUTE
    ..\Core\Src\spi.c                        0x00000000   Number         0  spi.o ABSOLUTE
    ..\Core\Src\stm32wbxx_hal_msp.c          0x00000000   Number         0  stm32wbxx_hal_msp.o ABSOLUTE
    ..\Core\Src\stm32wbxx_it.c               0x00000000   Number         0  stm32wbxx_it.o ABSOLUTE
    ..\Core\Src\system_stm32wbxx.c           0x00000000   Number         0  system_stm32wbxx.o ABSOLUTE
    ..\Core\Src\tim.c                        0x00000000   Number         0  tim.o ABSOLUTE
    ..\Drivers\STM32WBxx_HAL_Driver\Src\stm32wbxx_hal.c 0x00000000   Number         0  stm32wbxx_hal.o ABSOLUTE
    ..\Drivers\STM32WBxx_HAL_Driver\Src\stm32wbxx_hal_cortex.c 0x00000000   Number         0  stm32wbxx_hal_cortex.o ABSOLUTE
    ..\Drivers\STM32WBxx_HAL_Driver\Src\stm32wbxx_hal_dma.c 0x00000000   Number         0  stm32wbxx_hal_dma.o ABSOLUTE
    ..\Drivers\STM32WBxx_HAL_Driver\Src\stm32wbxx_hal_dma_ex.c 0x00000000   Number         0  stm32wbxx_hal_dma_ex.o ABSOLUTE
    ..\Drivers\STM32WBxx_HAL_Driver\Src\stm32wbxx_hal_exti.c 0x00000000   Number         0  stm32wbxx_hal_exti.o ABSOLUTE
    ..\Drivers\STM32WBxx_HAL_Driver\Src\stm32wbxx_hal_flash.c 0x00000000   Number         0  stm32wbxx_hal_flash.o ABSOLUTE
    ..\Drivers\STM32WBxx_HAL_Driver\Src\stm32wbxx_hal_flash_ex.c 0x00000000   Number         0  stm32wbxx_hal_flash_ex.o ABSOLUTE
    ..\Drivers\STM32WBxx_HAL_Driver\Src\stm32wbxx_hal_gpio.c 0x00000000   Number         0  stm32wbxx_hal_gpio.o ABSOLUTE
    ..\Drivers\STM32WBxx_HAL_Driver\Src\stm32wbxx_hal_hsem.c 0x00000000   Number         0  stm32wbxx_hal_hsem.o ABSOLUTE
    ..\Drivers\STM32WBxx_HAL_Driver\Src\stm32wbxx_hal_pwr.c 0x00000000   Number         0  stm32wbxx_hal_pwr.o ABSOLUTE
    ..\Drivers\STM32WBxx_HAL_Driver\Src\stm32wbxx_hal_pwr_ex.c 0x00000000   Number         0  stm32wbxx_hal_pwr_ex.o ABSOLUTE
    ..\Drivers\STM32WBxx_HAL_Driver\Src\stm32wbxx_hal_rcc.c 0x00000000   Number         0  stm32wbxx_hal_rcc.o ABSOLUTE
    ..\Drivers\STM32WBxx_HAL_Driver\Src\stm32wbxx_hal_rcc_ex.c 0x00000000   Number         0  stm32wbxx_hal_rcc_ex.o ABSOLUTE
    ..\Drivers\STM32WBxx_HAL_Driver\Src\stm32wbxx_hal_spi.c 0x00000000   Number         0  stm32wbxx_hal_spi.o ABSOLUTE
    ..\Drivers\STM32WBxx_HAL_Driver\Src\stm32wbxx_hal_spi_ex.c 0x00000000   Number         0  stm32wbxx_hal_spi_ex.o ABSOLUTE
    ..\Drivers\STM32WBxx_HAL_Driver\Src\stm32wbxx_hal_tim.c 0x00000000   Number         0  stm32wbxx_hal_tim.o ABSOLUTE
    ..\Drivers\STM32WBxx_HAL_Driver\Src\stm32wbxx_hal_tim_ex.c 0x00000000   Number         0  stm32wbxx_hal_tim_ex.o ABSOLUTE
    ..\\Bsp\\Lcd\\lcd.c                      0x00000000   Number         0  lcd.o ABSOLUTE
    ..\\Bsp\\Task\\task.c                    0x00000000   Number         0  task.o ABSOLUTE
    dc.s                                     0x00000000   Number         0  dc.o ABSOLUTE
    startup_stm32wb55xx_cm4.s                0x00000000   Number         0  startup_stm32wb55xx_cm4.o ABSOLUTE
    RESET                                    0x08000000   Section      316  startup_stm32wb55xx_cm4.o(RESET)
    !!!main                                  0x0800013c   Section        8  __main.o(!!!main)
    !!!scatter                               0x08000144   Section       52  __scatter.o(!!!scatter)
    !!handler_copy                           0x08000178   Section       26  __scatter_copy.o(!!handler_copy)
    !!handler_zi                             0x08000194   Section       28  __scatter_zi.o(!!handler_zi)
    .ARM.Collect$$libinit$$00000000          0x080001b0   Section        2  libinit.o(.ARM.Collect$$libinit$$00000000)
    .ARM.Collect$$libinit$$00000001          0x080001b2   Section        4  libinit2.o(.ARM.Collect$$libinit$$00000001)
    .ARM.Collect$$libinit$$00000004          0x080001b6   Section        0  libinit2.o(.ARM.Collect$$libinit$$00000004)
    .ARM.Collect$$libinit$$0000000A          0x080001b6   Section        0  libinit2.o(.ARM.Collect$$libinit$$0000000A)
    .ARM.Collect$$libinit$$0000000C          0x080001b6   Section        0  libinit2.o(.ARM.Collect$$libinit$$0000000C)
    .ARM.Collect$$libinit$$0000000E          0x080001b6   Section        0  libinit2.o(.ARM.Collect$$libinit$$0000000E)
    .ARM.Collect$$libinit$$00000011          0x080001b6   Section        0  libinit2.o(.ARM.Collect$$libinit$$00000011)
    .ARM.Collect$$libinit$$00000013          0x080001b6   Section        0  libinit2.o(.ARM.Collect$$libinit$$00000013)
    .ARM.Collect$$libinit$$00000015          0x080001b6   Section        0  libinit2.o(.ARM.Collect$$libinit$$00000015)
    .ARM.Collect$$libinit$$00000017          0x080001b6   Section        0  libinit2.o(.ARM.Collect$$libinit$$00000017)
    .ARM.Collect$$libinit$$00000019          0x080001b6   Section        0  libinit2.o(.ARM.Collect$$libinit$$00000019)
    .ARM.Collect$$libinit$$0000001B          0x080001b6   Section        0  libinit2.o(.ARM.Collect$$libinit$$0000001B)
    .ARM.Collect$$libinit$$0000001D          0x080001b6   Section        0  libinit2.o(.ARM.Collect$$libinit$$0000001D)
    .ARM.Collect$$libinit$$0000001F          0x080001b6   Section        0  libinit2.o(.ARM.Collect$$libinit$$0000001F)
    .ARM.Collect$$libinit$$00000021          0x080001b6   Section        0  libinit2.o(.ARM.Collect$$libinit$$00000021)
    .ARM.Collect$$libinit$$00000023          0x080001b6   Section        0  libinit2.o(.ARM.Collect$$libinit$$00000023)
    .ARM.Collect$$libinit$$00000025          0x080001b6   Section        0  libinit2.o(.ARM.Collect$$libinit$$00000025)
    .ARM.Collect$$libinit$$0000002C          0x080001b6   Section        0  libinit2.o(.ARM.Collect$$libinit$$0000002C)
    .ARM.Collect$$libinit$$0000002E          0x080001b6   Section        0  libinit2.o(.ARM.Collect$$libinit$$0000002E)
    .ARM.Collect$$libinit$$00000030          0x080001b6   Section        0  libinit2.o(.ARM.Collect$$libinit$$00000030)
    .ARM.Collect$$libinit$$00000032          0x080001b6   Section        0  libinit2.o(.ARM.Collect$$libinit$$00000032)
    .ARM.Collect$$libinit$$00000033          0x080001b6   Section        2  libinit2.o(.ARM.Collect$$libinit$$00000033)
    .ARM.Collect$$libshutdown$$00000000      0x080001b8   Section        2  libshutdown.o(.ARM.Collect$$libshutdown$$00000000)
    .ARM.Collect$$libshutdown$$00000002      0x080001ba   Section        0  libshutdown2.o(.ARM.Collect$$libshutdown$$00000002)
    .ARM.Collect$$libshutdown$$00000004      0x080001ba   Section        0  libshutdown2.o(.ARM.Collect$$libshutdown$$00000004)
    .ARM.Collect$$libshutdown$$00000007      0x080001ba   Section        0  libshutdown2.o(.ARM.Collect$$libshutdown$$00000007)
    .ARM.Collect$$libshutdown$$0000000A      0x080001ba   Section        0  libshutdown2.o(.ARM.Collect$$libshutdown$$0000000A)
    .ARM.Collect$$libshutdown$$0000000C      0x080001ba   Section        0  libshutdown2.o(.ARM.Collect$$libshutdown$$0000000C)
    .ARM.Collect$$libshutdown$$0000000F      0x080001ba   Section        0  libshutdown2.o(.ARM.Collect$$libshutdown$$0000000F)
    .ARM.Collect$$libshutdown$$00000010      0x080001ba   Section        2  libshutdown2.o(.ARM.Collect$$libshutdown$$00000010)
    .ARM.Collect$$rtentry$$00000000          0x080001bc   Section        0  __rtentry.o(.ARM.Collect$$rtentry$$00000000)
    .ARM.Collect$$rtentry$$00000002          0x080001bc   Section        0  __rtentry2.o(.ARM.Collect$$rtentry$$00000002)
    .ARM.Collect$$rtentry$$00000004          0x080001bc   Section        6  __rtentry4.o(.ARM.Collect$$rtentry$$00000004)
    .ARM.Collect$$rtentry$$00000009          0x080001c2   Section        0  __rtentry2.o(.ARM.Collect$$rtentry$$00000009)
    .ARM.Collect$$rtentry$$0000000A          0x080001c2   Section        4  __rtentry2.o(.ARM.Collect$$rtentry$$0000000A)
    .ARM.Collect$$rtentry$$0000000C          0x080001c6   Section        0  __rtentry2.o(.ARM.Collect$$rtentry$$0000000C)
    .ARM.Collect$$rtentry$$0000000D          0x080001c6   Section        8  __rtentry2.o(.ARM.Collect$$rtentry$$0000000D)
    .ARM.Collect$$rtexit$$00000000           0x080001ce   Section        2  rtexit.o(.ARM.Collect$$rtexit$$00000000)
    .ARM.Collect$$rtexit$$00000002           0x080001d0   Section        0  rtexit2.o(.ARM.Collect$$rtexit$$00000002)
    .ARM.Collect$$rtexit$$00000003           0x080001d0   Section        4  rtexit2.o(.ARM.Collect$$rtexit$$00000003)
    .ARM.Collect$$rtexit$$00000004           0x080001d4   Section        6  rtexit2.o(.ARM.Collect$$rtexit$$00000004)
    .text                                    0x080001dc   Section       64  startup_stm32wb55xx_cm4.o(.text)
    $v0                                      0x080001dc   Number         0  startup_stm32wb55xx_cm4.o(.text)
    .text                                    0x0800021c   Section       78  rt_memclr_w.o(.text)
    .text                                    0x0800026a   Section        0  heapauxi.o(.text)
    .text                                    0x08000270   Section       74  sys_stackheap_outer.o(.text)
    .text                                    0x080002ba   Section        0  exit.o(.text)
    .text                                    0x080002cc   Section        8  libspace.o(.text)
    .text                                    0x080002d4   Section        0  sys_exit.o(.text)
    .text                                    0x080002e0   Section        2  use_no_semi.o(.text)
    .text                                    0x080002e2   Section        0  indicate_semi.o(.text)
    i.BusFault_Handler                       0x080002e2   Section        0  stm32wbxx_it.o(i.BusFault_Handler)
    i.DMA1_Channel1_IRQHandler               0x080002e4   Section        0  stm32wbxx_it.o(i.DMA1_Channel1_IRQHandler)
    i.DMA1_Channel2_IRQHandler               0x080002f0   Section        0  stm32wbxx_it.o(i.DMA1_Channel2_IRQHandler)
    i.DMA1_Channel3_IRQHandler               0x080002fc   Section        0  stm32wbxx_it.o(i.DMA1_Channel3_IRQHandler)
    i.DMA_CalcDMAMUXChannelBaseAndMask       0x08000308   Section        0  stm32wbxx_hal_dma.o(i.DMA_CalcDMAMUXChannelBaseAndMask)
    DMA_CalcDMAMUXChannelBaseAndMask         0x08000309   Thumb Code    54  stm32wbxx_hal_dma.o(i.DMA_CalcDMAMUXChannelBaseAndMask)
    i.DMA_CalcDMAMUXRequestGenBaseAndMask    0x08000348   Section        0  stm32wbxx_hal_dma.o(i.DMA_CalcDMAMUXRequestGenBaseAndMask)
    DMA_CalcDMAMUXRequestGenBaseAndMask      0x08000349   Thumb Code    34  stm32wbxx_hal_dma.o(i.DMA_CalcDMAMUXRequestGenBaseAndMask)
    i.DMA_SetConfig                          0x08000370   Section        0  stm32wbxx_hal_dma.o(i.DMA_SetConfig)
    DMA_SetConfig                            0x08000371   Thumb Code    62  stm32wbxx_hal_dma.o(i.DMA_SetConfig)
    i.DebugMon_Handler                       0x080003ae   Section        0  stm32wbxx_it.o(i.DebugMon_Handler)
    i.Error_Handler                          0x080003b0   Section        0  main.o(i.Error_Handler)
    i.HAL_DMA_Abort_IT                       0x080003b4   Section        0  stm32wbxx_hal_dma.o(i.HAL_DMA_Abort_IT)
    i.HAL_DMA_IRQHandler                     0x08000424   Section        0  stm32wbxx_hal_dma.o(i.HAL_DMA_IRQHandler)
    i.HAL_DMA_Init                           0x080004e0   Section        0  stm32wbxx_hal_dma.o(i.HAL_DMA_Init)
    i.HAL_DMA_RegisterCallback               0x080005a4   Section        0  stm32wbxx_hal_dma.o(i.HAL_DMA_RegisterCallback)
    i.HAL_DMA_Start_IT                       0x080005ee   Section        0  stm32wbxx_hal_dma.o(i.HAL_DMA_Start_IT)
    i.HAL_Delay                              0x0800067c   Section        0  stm32wbxx_hal.o(i.HAL_Delay)
    i.HAL_GPIO_Init                          0x080006a0   Section        0  stm32wbxx_hal_gpio.o(i.HAL_GPIO_Init)
    i.HAL_GPIO_TogglePin                     0x080008a0   Section        0  stm32wbxx_hal_gpio.o(i.HAL_GPIO_TogglePin)
    i.HAL_GPIO_WritePin                      0x080008b0   Section        0  stm32wbxx_hal_gpio.o(i.HAL_GPIO_WritePin)
    i.HAL_GetTick                            0x080008bc   Section        0  stm32wbxx_hal.o(i.HAL_GetTick)
    i.HAL_GetTickPrio                        0x080008c8   Section        0  stm32wbxx_hal.o(i.HAL_GetTickPrio)
    i.HAL_IncTick                            0x080008d4   Section        0  stm32wbxx_hal.o(i.HAL_IncTick)
    i.HAL_Init                               0x080008e4   Section        0  stm32wbxx_hal.o(i.HAL_Init)
    i.HAL_InitTick                           0x08000910   Section        0  stm32wbxx_hal.o(i.HAL_InitTick)
    i.HAL_MspInit                            0x08000950   Section        0  stm32wbxx_hal_msp.o(i.HAL_MspInit)
    i.HAL_NVIC_EnableIRQ                     0x08000952   Section        0  stm32wbxx_hal_cortex.o(i.HAL_NVIC_EnableIRQ)
    i.HAL_NVIC_SetPriority                   0x0800096c   Section        0  stm32wbxx_hal_cortex.o(i.HAL_NVIC_SetPriority)
    i.HAL_NVIC_SetPriorityGrouping           0x080009ac   Section        0  stm32wbxx_hal_cortex.o(i.HAL_NVIC_SetPriorityGrouping)
    i.HAL_PWREx_GetVoltageRange              0x080009d0   Section        0  stm32wbxx_hal_pwr_ex.o(i.HAL_PWREx_GetVoltageRange)
    i.HAL_PWR_EnableBkUpAccess               0x080009e0   Section        0  stm32wbxx_hal_pwr.o(i.HAL_PWR_EnableBkUpAccess)
    i.HAL_RCCEx_PeriphCLKConfig              0x080009f0   Section        0  stm32wbxx_hal_rcc_ex.o(i.HAL_RCCEx_PeriphCLKConfig)
    i.HAL_RCC_ClockConfig                    0x08000c04   Section        0  stm32wbxx_hal_rcc.o(i.HAL_RCC_ClockConfig)
    i.HAL_RCC_GetHCLKFreq                    0x08000e00   Section        0  stm32wbxx_hal_rcc.o(i.HAL_RCC_GetHCLKFreq)
    i.HAL_RCC_GetSysClockFreq                0x08000e24   Section        0  stm32wbxx_hal_rcc.o(i.HAL_RCC_GetSysClockFreq)
    i.HAL_RCC_OscConfig                      0x08000eb8   Section        0  stm32wbxx_hal_rcc.o(i.HAL_RCC_OscConfig)
    i.HAL_SPI_ErrorCallback                  0x08001428   Section        0  stm32wbxx_hal_spi.o(i.HAL_SPI_ErrorCallback)
    i.HAL_SPI_GetState                       0x0800142a   Section        0  stm32wbxx_hal_spi.o(i.HAL_SPI_GetState)
    i.HAL_SPI_IRQHandler                     0x08001430   Section        0  stm32wbxx_hal_spi.o(i.HAL_SPI_IRQHandler)
    i.HAL_SPI_Init                           0x0800152c   Section        0  stm32wbxx_hal_spi.o(i.HAL_SPI_Init)
    i.HAL_SPI_MspInit                        0x0800160c   Section        0  spi.o(i.HAL_SPI_MspInit)
    i.HAL_SPI_Transmit                       0x080016b4   Section        0  stm32wbxx_hal_spi.o(i.HAL_SPI_Transmit)
    i.HAL_SPI_Transmit_DMA                   0x08001844   Section        0  stm32wbxx_hal_spi.o(i.HAL_SPI_Transmit_DMA)
    i.HAL_SPI_TxCpltCallback                 0x08001958   Section        0  lcd.o(i.HAL_SPI_TxCpltCallback)
    i.HAL_SPI_TxHalfCpltCallback             0x0800197c   Section        0  stm32wbxx_hal_spi.o(i.HAL_SPI_TxHalfCpltCallback)
    i.HAL_SYSTICK_Config                     0x0800197e   Section        0  stm32wbxx_hal_cortex.o(i.HAL_SYSTICK_Config)
    i.HAL_TIMEx_Break2Callback               0x080019a6   Section        0  stm32wbxx_hal_tim_ex.o(i.HAL_TIMEx_Break2Callback)
    i.HAL_TIMEx_BreakCallback                0x080019a8   Section        0  stm32wbxx_hal_tim_ex.o(i.HAL_TIMEx_BreakCallback)
    i.HAL_TIMEx_CommutCallback               0x080019aa   Section        0  stm32wbxx_hal_tim_ex.o(i.HAL_TIMEx_CommutCallback)
    i.HAL_TIM_Base_Init                      0x080019ac   Section        0  stm32wbxx_hal_tim.o(i.HAL_TIM_Base_Init)
    i.HAL_TIM_Base_MspInit                   0x08001a10   Section        0  tim.o(i.HAL_TIM_Base_MspInit)
    i.HAL_TIM_Base_Start_IT                  0x08001a48   Section        0  stm32wbxx_hal_tim.o(i.HAL_TIM_Base_Start_IT)
    i.HAL_TIM_IC_CaptureCallback             0x08001a98   Section        0  stm32wbxx_hal_tim.o(i.HAL_TIM_IC_CaptureCallback)
    i.HAL_TIM_IRQHandler                     0x08001a9a   Section        0  stm32wbxx_hal_tim.o(i.HAL_TIM_IRQHandler)
    i.HAL_TIM_OC_DelayElapsedCallback        0x08001be4   Section        0  stm32wbxx_hal_tim.o(i.HAL_TIM_OC_DelayElapsedCallback)
    i.HAL_TIM_PWM_PulseFinishedCallback      0x08001be6   Section        0  stm32wbxx_hal_tim.o(i.HAL_TIM_PWM_PulseFinishedCallback)
    i.HAL_TIM_PeriodElapsedCallback          0x08001be8   Section        0  stm32wbxx_hal_tim.o(i.HAL_TIM_PeriodElapsedCallback)
    i.HAL_TIM_TriggerCallback                0x08001bea   Section        0  stm32wbxx_hal_tim.o(i.HAL_TIM_TriggerCallback)
    i.HardFault_Handler                      0x08001bec   Section        0  stm32wbxx_it.o(i.HardFault_Handler)
    i.LCD_Address_Set_Fast                   0x08001bf0   Section        0  lcd.o(i.LCD_Address_Set_Fast)
    LCD_Address_Set_Fast                     0x08001bf1   Thumb Code   196  lcd.o(i.LCD_Address_Set_Fast)
    i.LCD_Mem_DMA_Init_Callback              0x08001cb8   Section        0  lcd.o(i.LCD_Mem_DMA_Init_Callback)
    LCD_Mem_DMA_Init_Callback                0x08001cb9   Thumb Code    74  lcd.o(i.LCD_Mem_DMA_Init_Callback)
    i.LCD_RefreshRate_Test_Init              0x08001d18   Section        0  lcd.o(i.LCD_RefreshRate_Test_Init)
    i.LCD_RefreshRate_Test_Process           0x08001d80   Section        0  lcd.o(i.LCD_RefreshRate_Test_Process)
    i.LCD_RefreshRate_Test_Run               0x08001dfc   Section        0  lcd.o(i.LCD_RefreshRate_Test_Run)
    i.LCD_RefreshRate_Test_Start             0x08001e24   Section        0  lcd.o(i.LCD_RefreshRate_Test_Start)
    i.LCD_SPI_Transmit                       0x08001e98   Section        0  lcd.o(i.LCD_SPI_Transmit)
    LCD_SPI_Transmit                         0x08001e99   Thumb Code    14  lcd.o(i.LCD_SPI_Transmit)
    i.LCD_WR_CMD                             0x08001eac   Section        0  lcd.o(i.LCD_WR_CMD)
    LCD_WR_CMD                               0x08001ead   Thumb Code    62  lcd.o(i.LCD_WR_CMD)
    i.LCD_WR_DATA                            0x08001ef0   Section        0  lcd.o(i.LCD_WR_DATA)
    LCD_WR_DATA                              0x08001ef1   Thumb Code    50  lcd.o(i.LCD_WR_DATA)
    i.LL_AHB1_GRP1_EnableClock               0x08001f28   Section        0  dma.o(i.LL_AHB1_GRP1_EnableClock)
    LL_AHB1_GRP1_EnableClock                 0x08001f29   Thumb Code    20  dma.o(i.LL_AHB1_GRP1_EnableClock)
    i.LL_AHB2_GRP1_EnableClock               0x08001f3c   Section        0  gpio.o(i.LL_AHB2_GRP1_EnableClock)
    LL_AHB2_GRP1_EnableClock                 0x08001f3d   Thumb Code    20  gpio.o(i.LL_AHB2_GRP1_EnableClock)
    i.LL_RCC_GetSysClkSource                 0x08001f50   Section        0  stm32wbxx_hal_rcc.o(i.LL_RCC_GetSysClkSource)
    LL_RCC_GetSysClkSource                   0x08001f51   Thumb Code    12  stm32wbxx_hal_rcc.o(i.LL_RCC_GetSysClkSource)
    i.LL_RCC_HSI_SetCalibTrimming            0x08001f5c   Section        0  stm32wbxx_hal_rcc.o(i.LL_RCC_HSI_SetCalibTrimming)
    LL_RCC_HSI_SetCalibTrimming              0x08001f5d   Thumb Code    18  stm32wbxx_hal_rcc.o(i.LL_RCC_HSI_SetCalibTrimming)
    i.LL_RCC_LSE_IsReady                     0x08001f6e   Section        0  stm32wbxx_hal_rcc_ex.o(i.LL_RCC_LSE_IsReady)
    LL_RCC_LSE_IsReady                       0x08001f6f   Thumb Code    14  stm32wbxx_hal_rcc_ex.o(i.LL_RCC_LSE_IsReady)
    i.LL_RCC_LSI1_IsReady                    0x08001f7c   Section        0  stm32wbxx_hal_rcc.o(i.LL_RCC_LSI1_IsReady)
    LL_RCC_LSI1_IsReady                      0x08001f7d   Thumb Code    14  stm32wbxx_hal_rcc.o(i.LL_RCC_LSI1_IsReady)
    i.LL_RCC_MSI_GetRange                    0x08001f8a   Section        0  stm32wbxx_hal_rcc.o(i.LL_RCC_MSI_GetRange)
    LL_RCC_MSI_GetRange                      0x08001f8b   Thumb Code    18  stm32wbxx_hal_rcc.o(i.LL_RCC_MSI_GetRange)
    i.LL_RCC_MSI_IsReady                     0x08001f9c   Section        0  stm32wbxx_hal_rcc.o(i.LL_RCC_MSI_IsReady)
    LL_RCC_MSI_IsReady                       0x08001f9d   Thumb Code    12  stm32wbxx_hal_rcc.o(i.LL_RCC_MSI_IsReady)
    i.LL_RCC_MSI_SetCalibTrimming            0x08001fa8   Section        0  stm32wbxx_hal_rcc.o(i.LL_RCC_MSI_SetCalibTrimming)
    LL_RCC_MSI_SetCalibTrimming              0x08001fa9   Thumb Code    18  stm32wbxx_hal_rcc.o(i.LL_RCC_MSI_SetCalibTrimming)
    i.LL_RCC_MSI_SetRange                    0x08001fba   Section        0  stm32wbxx_hal_rcc.o(i.LL_RCC_MSI_SetRange)
    LL_RCC_MSI_SetRange                      0x08001fbb   Thumb Code    16  stm32wbxx_hal_rcc.o(i.LL_RCC_MSI_SetRange)
    i.LL_RCC_PLLSAI1_Disable                 0x08001fca   Section        0  stm32wbxx_hal_rcc_ex.o(i.LL_RCC_PLLSAI1_Disable)
    LL_RCC_PLLSAI1_Disable                   0x08001fcb   Thumb Code    14  stm32wbxx_hal_rcc_ex.o(i.LL_RCC_PLLSAI1_Disable)
    i.LL_RCC_PLLSAI1_Enable                  0x08001fd8   Section        0  stm32wbxx_hal_rcc_ex.o(i.LL_RCC_PLLSAI1_Enable)
    LL_RCC_PLLSAI1_Enable                    0x08001fd9   Thumb Code    14  stm32wbxx_hal_rcc_ex.o(i.LL_RCC_PLLSAI1_Enable)
    i.LL_RCC_PLLSAI1_IsReady                 0x08001fe6   Section        0  stm32wbxx_hal_rcc_ex.o(i.LL_RCC_PLLSAI1_IsReady)
    LL_RCC_PLLSAI1_IsReady                   0x08001fe7   Thumb Code    12  stm32wbxx_hal_rcc_ex.o(i.LL_RCC_PLLSAI1_IsReady)
    i.LL_RCC_PLL_GetMainSource               0x08001ff2   Section        0  stm32wbxx_hal_rcc.o(i.LL_RCC_PLL_GetMainSource)
    LL_RCC_PLL_GetMainSource                 0x08001ff3   Thumb Code    12  stm32wbxx_hal_rcc.o(i.LL_RCC_PLL_GetMainSource)
    i.LL_RCC_SetCLK48ClockSource             0x08001ffe   Section        0  stm32wbxx_hal_rcc_ex.o(i.LL_RCC_SetCLK48ClockSource)
    LL_RCC_SetCLK48ClockSource               0x08001fff   Thumb Code    18  stm32wbxx_hal_rcc_ex.o(i.LL_RCC_SetCLK48ClockSource)
    i.LL_RCC_SetI2CClockSource               0x08002010   Section        0  stm32wbxx_hal_rcc_ex.o(i.LL_RCC_SetI2CClockSource)
    LL_RCC_SetI2CClockSource                 0x08002011   Thumb Code    30  stm32wbxx_hal_rcc_ex.o(i.LL_RCC_SetI2CClockSource)
    i.LL_RCC_SetLPTIMClockSource             0x0800202e   Section        0  stm32wbxx_hal_rcc_ex.o(i.LL_RCC_SetLPTIMClockSource)
    LL_RCC_SetLPTIMClockSource               0x0800202f   Thumb Code    22  stm32wbxx_hal_rcc_ex.o(i.LL_RCC_SetLPTIMClockSource)
    i.LL_RCC_SetRNGClockSource               0x08002044   Section        0  stm32wbxx_hal_rcc_ex.o(i.LL_RCC_SetRNGClockSource)
    LL_RCC_SetRNGClockSource                 0x08002045   Thumb Code    18  stm32wbxx_hal_rcc_ex.o(i.LL_RCC_SetRNGClockSource)
    i.Lcd_Init                               0x08002058   Section        0  lcd.o(i.Lcd_Init)
    i.MX_DMA_Init                            0x0800221c   Section        0  dma.o(i.MX_DMA_Init)
    i.MX_GPIO_Init                           0x08002290   Section        0  gpio.o(i.MX_GPIO_Init)
    i.MX_SPI1_Init                           0x08002360   Section        0  spi.o(i.MX_SPI1_Init)
    i.MX_TIM16_Init                          0x080023b0   Section        0  tim.o(i.MX_TIM16_Init)
    i.MemManage_Handler                      0x080023e8   Section        0  stm32wbxx_it.o(i.MemManage_Handler)
    i.NMI_Handler                            0x080023ea   Section        0  stm32wbxx_it.o(i.NMI_Handler)
    i.PendSV_Handler                         0x080023ec   Section        0  stm32wbxx_it.o(i.PendSV_Handler)
    i.PeriphCommonClock_Config               0x080023ee   Section        0  main.o(i.PeriphCommonClock_Config)
    i.RCCEx_PLLSAI1_ConfigNP                 0x0800241a   Section        0  stm32wbxx_hal_rcc_ex.o(i.RCCEx_PLLSAI1_ConfigNP)
    RCCEx_PLLSAI1_ConfigNP                   0x0800241b   Thumb Code   116  stm32wbxx_hal_rcc_ex.o(i.RCCEx_PLLSAI1_ConfigNP)
    i.RCCEx_PLLSAI1_ConfigNQ                 0x0800248e   Section        0  stm32wbxx_hal_rcc_ex.o(i.RCCEx_PLLSAI1_ConfigNQ)
    RCCEx_PLLSAI1_ConfigNQ                   0x0800248f   Thumb Code   116  stm32wbxx_hal_rcc_ex.o(i.RCCEx_PLLSAI1_ConfigNQ)
    i.RCCEx_PLLSAI1_ConfigNR                 0x08002502   Section        0  stm32wbxx_hal_rcc_ex.o(i.RCCEx_PLLSAI1_ConfigNR)
    RCCEx_PLLSAI1_ConfigNR                   0x08002503   Thumb Code   116  stm32wbxx_hal_rcc_ex.o(i.RCCEx_PLLSAI1_ConfigNR)
    i.RCC_SetFlashLatency                    0x08002578   Section        0  stm32wbxx_hal_rcc.o(i.RCC_SetFlashLatency)
    RCC_SetFlashLatency                      0x08002579   Thumb Code   134  stm32wbxx_hal_rcc.o(i.RCC_SetFlashLatency)
    i.RCC_SetFlashLatencyFromMSIRange        0x08002608   Section        0  stm32wbxx_hal_rcc.o(i.RCC_SetFlashLatencyFromMSIRange)
    RCC_SetFlashLatencyFromMSIRange          0x08002609   Thumb Code    62  stm32wbxx_hal_rcc.o(i.RCC_SetFlashLatencyFromMSIRange)
    i.SPI1_IRQHandler                        0x08002654   Section        0  stm32wbxx_it.o(i.SPI1_IRQHandler)
    i.SPI_DMAAbortOnError                    0x08002660   Section        0  stm32wbxx_hal_spi.o(i.SPI_DMAAbortOnError)
    SPI_DMAAbortOnError                      0x08002661   Thumb Code    18  stm32wbxx_hal_spi.o(i.SPI_DMAAbortOnError)
    i.SPI_DMAError                           0x08002672   Section        0  stm32wbxx_hal_spi.o(i.SPI_DMAError)
    SPI_DMAError                             0x08002673   Thumb Code    34  stm32wbxx_hal_spi.o(i.SPI_DMAError)
    i.SPI_DMAHalfTransmitCplt                0x08002694   Section        0  stm32wbxx_hal_spi.o(i.SPI_DMAHalfTransmitCplt)
    SPI_DMAHalfTransmitCplt                  0x08002695   Thumb Code    10  stm32wbxx_hal_spi.o(i.SPI_DMAHalfTransmitCplt)
    i.SPI_DMATransmitCplt                    0x0800269e   Section        0  stm32wbxx_hal_spi.o(i.SPI_DMATransmitCplt)
    SPI_DMATransmitCplt                      0x0800269f   Thumb Code   100  stm32wbxx_hal_spi.o(i.SPI_DMATransmitCplt)
    i.SPI_EndRxTxTransaction                 0x08002702   Section        0  stm32wbxx_hal_spi.o(i.SPI_EndRxTxTransaction)
    SPI_EndRxTxTransaction                   0x08002703   Thumb Code    72  stm32wbxx_hal_spi.o(i.SPI_EndRxTxTransaction)
    i.SPI_WaitFifoStateUntilTimeout          0x0800274c   Section        0  stm32wbxx_hal_spi.o(i.SPI_WaitFifoStateUntilTimeout)
    SPI_WaitFifoStateUntilTimeout            0x0800274d   Thumb Code   218  stm32wbxx_hal_spi.o(i.SPI_WaitFifoStateUntilTimeout)
    i.SPI_WaitFlagStateUntilTimeout          0x0800282c   Section        0  stm32wbxx_hal_spi.o(i.SPI_WaitFlagStateUntilTimeout)
    SPI_WaitFlagStateUntilTimeout            0x0800282d   Thumb Code   180  stm32wbxx_hal_spi.o(i.SPI_WaitFlagStateUntilTimeout)
    i.SVC_Handler                            0x080028e4   Section        0  stm32wbxx_it.o(i.SVC_Handler)
    i.Scheduler_Run                          0x080028e8   Section        0  task.o(i.Scheduler_Run)
    i.SysTick_Handler                        0x08002920   Section        0  stm32wbxx_it.o(i.SysTick_Handler)
    i.SysTick_Task                           0x08002924   Section        0  task.o(i.SysTick_Task)
    i.SystemClock_Config                     0x08002934   Section        0  main.o(i.SystemClock_Config)
    i.SystemInit                             0x080029c4   Section        0  system_stm32wbxx.o(i.SystemInit)
    i.TIM1_UP_TIM16_IRQHandler               0x08002a20   Section        0  stm32wbxx_it.o(i.TIM1_UP_TIM16_IRQHandler)
    i.TIM_Base_SetConfig                     0x08002a34   Section        0  stm32wbxx_hal_tim.o(i.TIM_Base_SetConfig)
    i.Task1                                  0x08002aa8   Section        0  task.o(i.Task1)
    Task1                                    0x08002aa9   Thumb Code     8  task.o(i.Task1)
    i.Task2                                  0x08002ab4   Section        0  task.o(i.Task2)
    Task2                                    0x08002ab5   Thumb Code     8  task.o(i.Task2)
    i.Task3                                  0x08002ac0   Section        0  task.o(i.Task3)
    Task3                                    0x08002ac1   Thumb Code    10  task.o(i.Task3)
    i.Task4                                  0x08002ad0   Section        0  task.o(i.Task4)
    Task4                                    0x08002ad1   Thumb Code    10  task.o(i.Task4)
    i.Task5                                  0x08002ae0   Section        0  task.o(i.Task5)
    Task5                                    0x08002ae1   Thumb Code    10  task.o(i.Task5)
    i.Task_Init                              0x08002af0   Section        0  task.o(i.Task_Init)
    i.UsageFault_Handler                     0x08002b18   Section        0  stm32wbxx_it.o(i.UsageFault_Handler)
    i.__NVIC_SetPriority                     0x08002b1a   Section        0  stm32wbxx_hal_cortex.o(i.__NVIC_SetPriority)
    __NVIC_SetPriority                       0x08002b1b   Thumb Code    32  stm32wbxx_hal_cortex.o(i.__NVIC_SetPriority)
    i.main                                   0x08002b3c   Section        0  main.o(i.main)
    x$fpl$fpinit                             0x08002b7c   Section       10  fpinit.o(x$fpl$fpinit)
    $v0                                      0x08002b7c   Number         0  fpinit.o(x$fpl$fpinit)
    .constdata                               0x08002b88   Section       44  stm32wbxx_hal_rcc.o(.constdata)
    .constdata                               0x08002bb4   Section      128  system_stm32wbxx.o(.constdata)
    .constdata                               0x08002c34   Section       80  task.o(.constdata)
    .data                                    0x20000008   Section       12  stm32wbxx_hal.o(.data)
    .data                                    0x20000014   Section        4  system_stm32wbxx.o(.data)
    .data                                    0x20000018   Section        4  task.o(.data)
    .data                                    0x2000001c   Section       16  lcd.o(.data)
    test_state                               0x2000001c   Data           1  lcd.o(.data)
    is_red_frame                             0x2000001d   Data           1  lcd.o(.data)
    mem_dma_fill_row                         0x2000001e   Data           2  lcd.o(.data)
    spi_dma_chunk_sent                       0x20000020   Data           2  lcd.o(.data)
    spi_dma_chunk_done                       0x20000022   Data           2  lcd.o(.data)
    test_frame_done_cb                       0x20000024   Data           4  lcd.o(.data)
    spi_dma_current_buf                      0x20000028   Data           4  lcd.o(.data)
    .bss                                     0x2000002c   Section       96  dma.o(.bss)
    .bss                                     0x2000008c   Section      196  spi.o(.bss)
    .bss                                     0x20000150   Section       96  spi.o(.bss)
    .bss                                     0x200001b0   Section       76  tim.o(.bss)
    .bss                                     0x200001fc   Section       80  task.o(.bss)
    .bss                                     0x2000024c   Section    62400  lcd.o(.bss)
    red_chunk_buf                            0x2000024c   Data       30720  lcd.o(.bss)
    blue_chunk_buf                           0x20007a4c   Data       30720  lcd.o(.bss)
    red_row_template                         0x2000f24c   Data         480  lcd.o(.bss)
    blue_row_template                        0x2000f42c   Data         480  lcd.o(.bss)
    .bss                                     0x2000f60c   Section       96  libspace.o(.bss)
    HEAP                                     0x2000f670   Section      512  startup_stm32wb55xx_cm4.o(HEAP)
    Heap_Mem                                 0x2000f670   Data         512  startup_stm32wb55xx_cm4.o(HEAP)
    STACK                                    0x2000f870   Section     1024  startup_stm32wb55xx_cm4.o(STACK)
    Stack_Mem                                0x2000f870   Data        1024  startup_stm32wb55xx_cm4.o(STACK)
    __initial_sp                             0x2000fc70   Data           0  startup_stm32wb55xx_cm4.o(STACK)

    Global Symbols

    Symbol Name                              Value     Ov Type        Size  Object(Section)

    BuildAttributes$$THM_ISAv4$E$P$D$K$B$S$7EM$VFPi3$EXTD16$VFPS$VFMA$PE$A:L22UL41UL21$X:L11$S22US41US21$IEEE1$IW$USESV6$~STKCKD$USESV7$~SHL$OSPACE$ROPI$EBA8$UX$STANDARDLIB$REQ8$PRES8$EABIv2 0x00000000   Number         0  anon$$obj.o ABSOLUTE
    __ARM_use_no_argv                        0x00000000   Number         0  main.o ABSOLUTE
    __ARM_exceptions_init                     - Undefined Weak Reference
    __alloca_initialize                       - Undefined Weak Reference
    __arm_preinit_                            - Undefined Weak Reference
    __cpp_initialize__aeabi_                  - Undefined Weak Reference
    __cxa_finalize                            - Undefined Weak Reference
    __rt_locale                               - Undefined Weak Reference
    __sigvec_lookup                           - Undefined Weak Reference
    _atexit_init                              - Undefined Weak Reference
    _call_atexit_fns                          - Undefined Weak Reference
    _clock_init                               - Undefined Weak Reference
    _fp_trap_init                             - Undefined Weak Reference
    _fp_trap_shutdown                         - Undefined Weak Reference
    _get_lc_collate                           - Undefined Weak Reference
    _get_lc_ctype                             - Undefined Weak Reference
    _get_lc_monetary                          - Undefined Weak Reference
    _get_lc_numeric                           - Undefined Weak Reference
    _get_lc_time                              - Undefined Weak Reference
    _getenv_init                              - Undefined Weak Reference
    _handle_redirection                       - Undefined Weak Reference
    _init_alloc                               - Undefined Weak Reference
    _init_user_alloc                          - Undefined Weak Reference
    _initio                                   - Undefined Weak Reference
    _rand_init                                - Undefined Weak Reference
    _signal_finish                            - Undefined Weak Reference
    _signal_init                              - Undefined Weak Reference
    _terminate_alloc                          - Undefined Weak Reference
    _terminate_user_alloc                     - Undefined Weak Reference
    _terminateio                              - Undefined Weak Reference
    __Vectors_Size                           0x0000013c   Number         0  startup_stm32wb55xx_cm4.o ABSOLUTE
    __Vectors                                0x08000000   Data           4  startup_stm32wb55xx_cm4.o(RESET)
    __Vectors_End                            0x0800013c   Data           0  startup_stm32wb55xx_cm4.o(RESET)
    __main                                   0x0800013d   Thumb Code     8  __main.o(!!!main)
    __scatterload                            0x08000145   Thumb Code     0  __scatter.o(!!!scatter)
    __scatterload_rt2                        0x08000145   Thumb Code    44  __scatter.o(!!!scatter)
    __scatterload_rt2_thumb_only             0x08000145   Thumb Code     0  __scatter.o(!!!scatter)
    __scatterload_null                       0x08000153   Thumb Code     0  __scatter.o(!!!scatter)
    __scatterload_copy                       0x08000179   Thumb Code    26  __scatter_copy.o(!!handler_copy)
    __scatterload_zeroinit                   0x08000195   Thumb Code    28  __scatter_zi.o(!!handler_zi)
    __rt_lib_init                            0x080001b1   Thumb Code     0  libinit.o(.ARM.Collect$$libinit$$00000000)
    __rt_lib_init_fp_1                       0x080001b3   Thumb Code     0  libinit2.o(.ARM.Collect$$libinit$$00000001)
    __rt_lib_init_alloca_1                   0x080001b7   Thumb Code     0  libinit2.o(.ARM.Collect$$libinit$$0000002E)
    __rt_lib_init_argv_1                     0x080001b7   Thumb Code     0  libinit2.o(.ARM.Collect$$libinit$$0000002C)
    __rt_lib_init_atexit_1                   0x080001b7   Thumb Code     0  libinit2.o(.ARM.Collect$$libinit$$0000001B)
    __rt_lib_init_clock_1                    0x080001b7   Thumb Code     0  libinit2.o(.ARM.Collect$$libinit$$00000021)
    __rt_lib_init_cpp_1                      0x080001b7   Thumb Code     0  libinit2.o(.ARM.Collect$$libinit$$00000032)
    __rt_lib_init_exceptions_1               0x080001b7   Thumb Code     0  libinit2.o(.ARM.Collect$$libinit$$00000030)
    __rt_lib_init_fp_trap_1                  0x080001b7   Thumb Code     0  libinit2.o(.ARM.Collect$$libinit$$0000001F)
    __rt_lib_init_getenv_1                   0x080001b7   Thumb Code     0  libinit2.o(.ARM.Collect$$libinit$$00000023)
    __rt_lib_init_heap_1                     0x080001b7   Thumb Code     0  libinit2.o(.ARM.Collect$$libinit$$0000000A)
    __rt_lib_init_lc_collate_1               0x080001b7   Thumb Code     0  libinit2.o(.ARM.Collect$$libinit$$00000011)
    __rt_lib_init_lc_ctype_1                 0x080001b7   Thumb Code     0  libinit2.o(.ARM.Collect$$libinit$$00000013)
    __rt_lib_init_lc_monetary_1              0x080001b7   Thumb Code     0  libinit2.o(.ARM.Collect$$libinit$$00000015)
    __rt_lib_init_lc_numeric_1               0x080001b7   Thumb Code     0  libinit2.o(.ARM.Collect$$libinit$$00000017)
    __rt_lib_init_lc_time_1                  0x080001b7   Thumb Code     0  libinit2.o(.ARM.Collect$$libinit$$00000019)
    __rt_lib_init_preinit_1                  0x080001b7   Thumb Code     0  libinit2.o(.ARM.Collect$$libinit$$00000004)
    __rt_lib_init_rand_1                     0x080001b7   Thumb Code     0  libinit2.o(.ARM.Collect$$libinit$$0000000E)
    __rt_lib_init_return                     0x080001b7   Thumb Code     0  libinit2.o(.ARM.Collect$$libinit$$00000033)
    __rt_lib_init_signal_1                   0x080001b7   Thumb Code     0  libinit2.o(.ARM.Collect$$libinit$$0000001D)
    __rt_lib_init_stdio_1                    0x080001b7   Thumb Code     0  libinit2.o(.ARM.Collect$$libinit$$00000025)
    __rt_lib_init_user_alloc_1               0x080001b7   Thumb Code     0  libinit2.o(.ARM.Collect$$libinit$$0000000C)
    __rt_lib_shutdown                        0x080001b9   Thumb Code     0  libshutdown.o(.ARM.Collect$$libshutdown$$00000000)
    __rt_lib_shutdown_cpp_1                  0x080001bb   Thumb Code     0  libshutdown2.o(.ARM.Collect$$libshutdown$$00000002)
    __rt_lib_shutdown_fp_trap_1              0x080001bb   Thumb Code     0  libshutdown2.o(.ARM.Collect$$libshutdown$$00000007)
    __rt_lib_shutdown_heap_1                 0x080001bb   Thumb Code     0  libshutdown2.o(.ARM.Collect$$libshutdown$$0000000F)
    __rt_lib_shutdown_return                 0x080001bb   Thumb Code     0  libshutdown2.o(.ARM.Collect$$libshutdown$$00000010)
    __rt_lib_shutdown_signal_1               0x080001bb   Thumb Code     0  libshutdown2.o(.ARM.Collect$$libshutdown$$0000000A)
    __rt_lib_shutdown_stdio_1                0x080001bb   Thumb Code     0  libshutdown2.o(.ARM.Collect$$libshutdown$$00000004)
    __rt_lib_shutdown_user_alloc_1           0x080001bb   Thumb Code     0  libshutdown2.o(.ARM.Collect$$libshutdown$$0000000C)
    __rt_entry                               0x080001bd   Thumb Code     0  __rtentry.o(.ARM.Collect$$rtentry$$00000000)
    __rt_entry_presh_1                       0x080001bd   Thumb Code     0  __rtentry2.o(.ARM.Collect$$rtentry$$00000002)
    __rt_entry_sh                            0x080001bd   Thumb Code     0  __rtentry4.o(.ARM.Collect$$rtentry$$00000004)
    __rt_entry_li                            0x080001c3   Thumb Code     0  __rtentry2.o(.ARM.Collect$$rtentry$$0000000A)
    __rt_entry_postsh_1                      0x080001c3   Thumb Code     0  __rtentry2.o(.ARM.Collect$$rtentry$$00000009)
    __rt_entry_main                          0x080001c7   Thumb Code     0  __rtentry2.o(.ARM.Collect$$rtentry$$0000000D)
    __rt_entry_postli_1                      0x080001c7   Thumb Code     0  __rtentry2.o(.ARM.Collect$$rtentry$$0000000C)
    __rt_exit                                0x080001cf   Thumb Code     0  rtexit.o(.ARM.Collect$$rtexit$$00000000)
    __rt_exit_ls                             0x080001d1   Thumb Code     0  rtexit2.o(.ARM.Collect$$rtexit$$00000003)
    __rt_exit_prels_1                        0x080001d1   Thumb Code     0  rtexit2.o(.ARM.Collect$$rtexit$$00000002)
    __rt_exit_exit                           0x080001d5   Thumb Code     0  rtexit2.o(.ARM.Collect$$rtexit$$00000004)
    Reset_Handler                            0x080001dd   Thumb Code     8  startup_stm32wb55xx_cm4.o(.text)
    ADC1_IRQHandler                          0x080001f7   Thumb Code     0  startup_stm32wb55xx_cm4.o(.text)
    AES1_IRQHandler                          0x080001f7   Thumb Code     0  startup_stm32wb55xx_cm4.o(.text)
    AES2_IRQHandler                          0x080001f7   Thumb Code     0  startup_stm32wb55xx_cm4.o(.text)
    C2SEV_PWR_C2H_IRQHandler                 0x080001f7   Thumb Code     0  startup_stm32wb55xx_cm4.o(.text)
    COMP_IRQHandler                          0x080001f7   Thumb Code     0  startup_stm32wb55xx_cm4.o(.text)
    CRS_IRQHandler                           0x080001f7   Thumb Code     0  startup_stm32wb55xx_cm4.o(.text)
    DMA1_Channel4_IRQHandler                 0x080001f7   Thumb Code     0  startup_stm32wb55xx_cm4.o(.text)
    DMA1_Channel5_IRQHandler                 0x080001f7   Thumb Code     0  startup_stm32wb55xx_cm4.o(.text)
    DMA1_Channel6_IRQHandler                 0x080001f7   Thumb Code     0  startup_stm32wb55xx_cm4.o(.text)
    DMA1_Channel7_IRQHandler                 0x080001f7   Thumb Code     0  startup_stm32wb55xx_cm4.o(.text)
    DMA2_Channel1_IRQHandler                 0x080001f7   Thumb Code     0  startup_stm32wb55xx_cm4.o(.text)
    DMA2_Channel2_IRQHandler                 0x080001f7   Thumb Code     0  startup_stm32wb55xx_cm4.o(.text)
    DMA2_Channel3_IRQHandler                 0x080001f7   Thumb Code     0  startup_stm32wb55xx_cm4.o(.text)
    DMA2_Channel4_IRQHandler                 0x080001f7   Thumb Code     0  startup_stm32wb55xx_cm4.o(.text)
    DMA2_Channel5_IRQHandler                 0x080001f7   Thumb Code     0  startup_stm32wb55xx_cm4.o(.text)
    DMA2_Channel6_IRQHandler                 0x080001f7   Thumb Code     0  startup_stm32wb55xx_cm4.o(.text)
    DMA2_Channel7_IRQHandler                 0x080001f7   Thumb Code     0  startup_stm32wb55xx_cm4.o(.text)
    DMAMUX1_OVR_IRQHandler                   0x080001f7   Thumb Code     0  startup_stm32wb55xx_cm4.o(.text)
    EXTI0_IRQHandler                         0x080001f7   Thumb Code     0  startup_stm32wb55xx_cm4.o(.text)
    EXTI15_10_IRQHandler                     0x080001f7   Thumb Code     0  startup_stm32wb55xx_cm4.o(.text)
    EXTI1_IRQHandler                         0x080001f7   Thumb Code     0  startup_stm32wb55xx_cm4.o(.text)
    EXTI2_IRQHandler                         0x080001f7   Thumb Code     0  startup_stm32wb55xx_cm4.o(.text)
    EXTI3_IRQHandler                         0x080001f7   Thumb Code     0  startup_stm32wb55xx_cm4.o(.text)
    EXTI4_IRQHandler                         0x080001f7   Thumb Code     0  startup_stm32wb55xx_cm4.o(.text)
    EXTI9_5_IRQHandler                       0x080001f7   Thumb Code     0  startup_stm32wb55xx_cm4.o(.text)
    FLASH_IRQHandler                         0x080001f7   Thumb Code     0  startup_stm32wb55xx_cm4.o(.text)
    FPU_IRQHandler                           0x080001f7   Thumb Code     0  startup_stm32wb55xx_cm4.o(.text)
    HSEM_IRQHandler                          0x080001f7   Thumb Code     0  startup_stm32wb55xx_cm4.o(.text)
    I2C1_ER_IRQHandler                       0x080001f7   Thumb Code     0  startup_stm32wb55xx_cm4.o(.text)
    I2C1_EV_IRQHandler                       0x080001f7   Thumb Code     0  startup_stm32wb55xx_cm4.o(.text)
    I2C3_ER_IRQHandler                       0x080001f7   Thumb Code     0  startup_stm32wb55xx_cm4.o(.text)
    I2C3_EV_IRQHandler                       0x080001f7   Thumb Code     0  startup_stm32wb55xx_cm4.o(.text)
    IPCC_C1_RX_IRQHandler                    0x080001f7   Thumb Code     0  startup_stm32wb55xx_cm4.o(.text)
    IPCC_C1_TX_IRQHandler                    0x080001f7   Thumb Code     0  startup_stm32wb55xx_cm4.o(.text)
    LCD_IRQHandler                           0x080001f7   Thumb Code     0  startup_stm32wb55xx_cm4.o(.text)
    LPTIM1_IRQHandler                        0x080001f7   Thumb Code     0  startup_stm32wb55xx_cm4.o(.text)
    LPTIM2_IRQHandler                        0x080001f7   Thumb Code     0  startup_stm32wb55xx_cm4.o(.text)
    LPUART1_IRQHandler                       0x080001f7   Thumb Code     0  startup_stm32wb55xx_cm4.o(.text)
    PKA_IRQHandler                           0x080001f7   Thumb Code     0  startup_stm32wb55xx_cm4.o(.text)
    PVD_PVM_IRQHandler                       0x080001f7   Thumb Code     0  startup_stm32wb55xx_cm4.o(.text)
    PWR_SOTF_BLEACT_802ACT_RFPHASE_IRQHandler 0x080001f7   Thumb Code     0  startup_stm32wb55xx_cm4.o(.text)
    QUADSPI_IRQHandler                       0x080001f7   Thumb Code     0  startup_stm32wb55xx_cm4.o(.text)
    RCC_IRQHandler                           0x080001f7   Thumb Code     0  startup_stm32wb55xx_cm4.o(.text)
    RNG_IRQHandler                           0x080001f7   Thumb Code     0  startup_stm32wb55xx_cm4.o(.text)
    RTC_Alarm_IRQHandler                     0x080001f7   Thumb Code     0  startup_stm32wb55xx_cm4.o(.text)
    RTC_WKUP_IRQHandler                      0x080001f7   Thumb Code     0  startup_stm32wb55xx_cm4.o(.text)
    SAI1_IRQHandler                          0x080001f7   Thumb Code     0  startup_stm32wb55xx_cm4.o(.text)
    SPI2_IRQHandler                          0x080001f7   Thumb Code     0  startup_stm32wb55xx_cm4.o(.text)
    TAMP_STAMP_LSECSS_IRQHandler             0x080001f7   Thumb Code     0  startup_stm32wb55xx_cm4.o(.text)
    TIM1_BRK_IRQHandler                      0x080001f7   Thumb Code     0  startup_stm32wb55xx_cm4.o(.text)
    TIM1_CC_IRQHandler                       0x080001f7   Thumb Code     0  startup_stm32wb55xx_cm4.o(.text)
    TIM1_TRG_COM_TIM17_IRQHandler            0x080001f7   Thumb Code     0  startup_stm32wb55xx_cm4.o(.text)
    TIM2_IRQHandler                          0x080001f7   Thumb Code     0  startup_stm32wb55xx_cm4.o(.text)
    TSC_IRQHandler                           0x080001f7   Thumb Code     0  startup_stm32wb55xx_cm4.o(.text)
    USART1_IRQHandler                        0x080001f7   Thumb Code     0  startup_stm32wb55xx_cm4.o(.text)
    USB_HP_IRQHandler                        0x080001f7   Thumb Code     0  startup_stm32wb55xx_cm4.o(.text)
    USB_LP_IRQHandler                        0x080001f7   Thumb Code     0  startup_stm32wb55xx_cm4.o(.text)
    WWDG_IRQHandler                          0x080001f7   Thumb Code     0  startup_stm32wb55xx_cm4.o(.text)
    __user_initial_stackheap                 0x080001f9   Thumb Code     0  startup_stm32wb55xx_cm4.o(.text)
    __aeabi_memclr4                          0x0800021d   Thumb Code     0  rt_memclr_w.o(.text)
    __aeabi_memclr8                          0x0800021d   Thumb Code     0  rt_memclr_w.o(.text)
    __rt_memclr_w                            0x0800021d   Thumb Code    78  rt_memclr_w.o(.text)
    _memset_w                                0x08000221   Thumb Code     0  rt_memclr_w.o(.text)
    __use_two_region_memory                  0x0800026b   Thumb Code     2  heapauxi.o(.text)
    __rt_heap_escrow$2region                 0x0800026d   Thumb Code     2  heapauxi.o(.text)
    __rt_heap_expand$2region                 0x0800026f   Thumb Code     2  heapauxi.o(.text)
    __user_setup_stackheap                   0x08000271   Thumb Code    74  sys_stackheap_outer.o(.text)
    exit                                     0x080002bb   Thumb Code    18  exit.o(.text)
    __user_libspace                          0x080002cd   Thumb Code     8  libspace.o(.text)
    __user_perproc_libspace                  0x080002cd   Thumb Code     0  libspace.o(.text)
    __user_perthread_libspace                0x080002cd   Thumb Code     0  libspace.o(.text)
    _sys_exit                                0x080002d5   Thumb Code     8  sys_exit.o(.text)
    __I$use$semihosting                      0x080002e1   Thumb Code     0  use_no_semi.o(.text)
    __use_no_semihosting_swi                 0x080002e1   Thumb Code     2  use_no_semi.o(.text)
    BusFault_Handler                         0x080002e3   Thumb Code     2  stm32wbxx_it.o(i.BusFault_Handler)
    __semihosting_library_function           0x080002e3   Thumb Code     0  indicate_semi.o(.text)
    DMA1_Channel1_IRQHandler                 0x080002e5   Thumb Code     6  stm32wbxx_it.o(i.DMA1_Channel1_IRQHandler)
    DMA1_Channel2_IRQHandler                 0x080002f1   Thumb Code     6  stm32wbxx_it.o(i.DMA1_Channel2_IRQHandler)
    DMA1_Channel3_IRQHandler                 0x080002fd   Thumb Code     6  stm32wbxx_it.o(i.DMA1_Channel3_IRQHandler)
    DebugMon_Handler                         0x080003af   Thumb Code     2  stm32wbxx_it.o(i.DebugMon_Handler)
    Error_Handler                            0x080003b1   Thumb Code     4  main.o(i.Error_Handler)
    HAL_DMA_Abort_IT                         0x080003b5   Thumb Code   112  stm32wbxx_hal_dma.o(i.HAL_DMA_Abort_IT)
    HAL_DMA_IRQHandler                       0x08000425   Thumb Code   186  stm32wbxx_hal_dma.o(i.HAL_DMA_IRQHandler)
    HAL_DMA_Init                             0x080004e1   Thumb Code   182  stm32wbxx_hal_dma.o(i.HAL_DMA_Init)
    HAL_DMA_RegisterCallback                 0x080005a5   Thumb Code    74  stm32wbxx_hal_dma.o(i.HAL_DMA_RegisterCallback)
    HAL_DMA_Start_IT                         0x080005ef   Thumb Code   140  stm32wbxx_hal_dma.o(i.HAL_DMA_Start_IT)
    HAL_Delay                                0x0800067d   Thumb Code    32  stm32wbxx_hal.o(i.HAL_Delay)
    HAL_GPIO_Init                            0x080006a1   Thumb Code   488  stm32wbxx_hal_gpio.o(i.HAL_GPIO_Init)
    HAL_GPIO_TogglePin                       0x080008a1   Thumb Code    16  stm32wbxx_hal_gpio.o(i.HAL_GPIO_TogglePin)
    HAL_GPIO_WritePin                        0x080008b1   Thumb Code    10  stm32wbxx_hal_gpio.o(i.HAL_GPIO_WritePin)
    HAL_GetTick                              0x080008bd   Thumb Code     6  stm32wbxx_hal.o(i.HAL_GetTick)
    HAL_GetTickPrio                          0x080008c9   Thumb Code     6  stm32wbxx_hal.o(i.HAL_GetTickPrio)
    HAL_IncTick                              0x080008d5   Thumb Code    12  stm32wbxx_hal.o(i.HAL_IncTick)
    HAL_Init                                 0x080008e5   Thumb Code    40  stm32wbxx_hal.o(i.HAL_Init)
    HAL_InitTick                             0x08000911   Thumb Code    60  stm32wbxx_hal.o(i.HAL_InitTick)
    HAL_MspInit                              0x08000951   Thumb Code     2  stm32wbxx_hal_msp.o(i.HAL_MspInit)
    HAL_NVIC_EnableIRQ                       0x08000953   Thumb Code    26  stm32wbxx_hal_cortex.o(i.HAL_NVIC_EnableIRQ)
    HAL_NVIC_SetPriority                     0x0800096d   Thumb Code    60  stm32wbxx_hal_cortex.o(i.HAL_NVIC_SetPriority)
    HAL_NVIC_SetPriorityGrouping             0x080009ad   Thumb Code    26  stm32wbxx_hal_cortex.o(i.HAL_NVIC_SetPriorityGrouping)
    HAL_PWREx_GetVoltageRange                0x080009d1   Thumb Code    10  stm32wbxx_hal_pwr_ex.o(i.HAL_PWREx_GetVoltageRange)
    HAL_PWR_EnableBkUpAccess                 0x080009e1   Thumb Code    12  stm32wbxx_hal_pwr.o(i.HAL_PWR_EnableBkUpAccess)
    HAL_RCCEx_PeriphCLKConfig                0x080009f1   Thumb Code   530  stm32wbxx_hal_rcc_ex.o(i.HAL_RCCEx_PeriphCLKConfig)
    HAL_RCC_ClockConfig                      0x08000c05   Thumb Code   500  stm32wbxx_hal_rcc.o(i.HAL_RCC_ClockConfig)
    HAL_RCC_GetHCLKFreq                      0x08000e01   Thumb Code    30  stm32wbxx_hal_rcc.o(i.HAL_RCC_GetHCLKFreq)
    HAL_RCC_GetSysClockFreq                  0x08000e25   Thumb Code   140  stm32wbxx_hal_rcc.o(i.HAL_RCC_GetSysClockFreq)
    HAL_RCC_OscConfig                        0x08000eb9   Thumb Code  1382  stm32wbxx_hal_rcc.o(i.HAL_RCC_OscConfig)
    HAL_SPI_ErrorCallback                    0x08001429   Thumb Code     2  stm32wbxx_hal_spi.o(i.HAL_SPI_ErrorCallback)
    HAL_SPI_GetState                         0x0800142b   Thumb Code     6  stm32wbxx_hal_spi.o(i.HAL_SPI_GetState)
    HAL_SPI_IRQHandler                       0x08001431   Thumb Code   246  stm32wbxx_hal_spi.o(i.HAL_SPI_IRQHandler)
    HAL_SPI_Init                             0x0800152d   Thumb Code   224  stm32wbxx_hal_spi.o(i.HAL_SPI_Init)
    HAL_SPI_MspInit                          0x0800160d   Thumb Code   150  spi.o(i.HAL_SPI_MspInit)
    HAL_SPI_Transmit                         0x080016b5   Thumb Code   398  stm32wbxx_hal_spi.o(i.HAL_SPI_Transmit)
    HAL_SPI_Transmit_DMA                     0x08001845   Thumb Code   262  stm32wbxx_hal_spi.o(i.HAL_SPI_Transmit_DMA)
    HAL_SPI_TxCpltCallback                   0x08001959   Thumb Code    26  lcd.o(i.HAL_SPI_TxCpltCallback)
    HAL_SPI_TxHalfCpltCallback               0x0800197d   Thumb Code     2  stm32wbxx_hal_spi.o(i.HAL_SPI_TxHalfCpltCallback)
    HAL_SYSTICK_Config                       0x0800197f   Thumb Code    40  stm32wbxx_hal_cortex.o(i.HAL_SYSTICK_Config)
    HAL_TIMEx_Break2Callback                 0x080019a7   Thumb Code     2  stm32wbxx_hal_tim_ex.o(i.HAL_TIMEx_Break2Callback)
    HAL_TIMEx_BreakCallback                  0x080019a9   Thumb Code     2  stm32wbxx_hal_tim_ex.o(i.HAL_TIMEx_BreakCallback)
    HAL_TIMEx_CommutCallback                 0x080019ab   Thumb Code     2  stm32wbxx_hal_tim_ex.o(i.HAL_TIMEx_CommutCallback)
    HAL_TIM_Base_Init                        0x080019ad   Thumb Code    98  stm32wbxx_hal_tim.o(i.HAL_TIM_Base_Init)
    HAL_TIM_Base_MspInit                     0x08001a11   Thumb Code    52  tim.o(i.HAL_TIM_Base_MspInit)
    HAL_TIM_Base_Start_IT                    0x08001a49   Thumb Code    70  stm32wbxx_hal_tim.o(i.HAL_TIM_Base_Start_IT)
    HAL_TIM_IC_CaptureCallback               0x08001a99   Thumb Code     2  stm32wbxx_hal_tim.o(i.HAL_TIM_IC_CaptureCallback)
    HAL_TIM_IRQHandler                       0x08001a9b   Thumb Code   330  stm32wbxx_hal_tim.o(i.HAL_TIM_IRQHandler)
    HAL_TIM_OC_DelayElapsedCallback          0x08001be5   Thumb Code     2  stm32wbxx_hal_tim.o(i.HAL_TIM_OC_DelayElapsedCallback)
    HAL_TIM_PWM_PulseFinishedCallback        0x08001be7   Thumb Code     2  stm32wbxx_hal_tim.o(i.HAL_TIM_PWM_PulseFinishedCallback)
    HAL_TIM_PeriodElapsedCallback            0x08001be9   Thumb Code     2  stm32wbxx_hal_tim.o(i.HAL_TIM_PeriodElapsedCallback)
    HAL_TIM_TriggerCallback                  0x08001beb   Thumb Code     2  stm32wbxx_hal_tim.o(i.HAL_TIM_TriggerCallback)
    HardFault_Handler                        0x08001bed   Thumb Code     2  stm32wbxx_it.o(i.HardFault_Handler)
    LCD_RefreshRate_Test_Init                0x08001d19   Thumb Code    84  lcd.o(i.LCD_RefreshRate_Test_Init)
    LCD_RefreshRate_Test_Process             0x08001d81   Thumb Code   116  lcd.o(i.LCD_RefreshRate_Test_Process)
    LCD_RefreshRate_Test_Run                 0x08001dfd   Thumb Code    34  lcd.o(i.LCD_RefreshRate_Test_Run)
    LCD_RefreshRate_Test_Start               0x08001e25   Thumb Code    94  lcd.o(i.LCD_RefreshRate_Test_Start)
    Lcd_Init                                 0x08002059   Thumb Code   446  lcd.o(i.Lcd_Init)
    MX_DMA_Init                              0x0800221d   Thumb Code   108  dma.o(i.MX_DMA_Init)
    MX_GPIO_Init                             0x08002291   Thumb Code   200  gpio.o(i.MX_GPIO_Init)
    MX_SPI1_Init                             0x08002361   Thumb Code    70  spi.o(i.MX_SPI1_Init)
    MX_TIM16_Init                            0x080023b1   Thumb Code    46  tim.o(i.MX_TIM16_Init)
    MemManage_Handler                        0x080023e9   Thumb Code     2  stm32wbxx_it.o(i.MemManage_Handler)
    NMI_Handler                              0x080023eb   Thumb Code     2  stm32wbxx_it.o(i.NMI_Handler)
    PendSV_Handler                           0x080023ed   Thumb Code     2  stm32wbxx_it.o(i.PendSV_Handler)
    PeriphCommonClock_Config                 0x080023ef   Thumb Code    44  main.o(i.PeriphCommonClock_Config)
    SPI1_IRQHandler                          0x08002655   Thumb Code     6  stm32wbxx_it.o(i.SPI1_IRQHandler)
    SVC_Handler                              0x080028e5   Thumb Code     2  stm32wbxx_it.o(i.SVC_Handler)
    Scheduler_Run                            0x080028e9   Thumb Code    46  task.o(i.Scheduler_Run)
    SysTick_Handler                          0x08002921   Thumb Code     4  stm32wbxx_it.o(i.SysTick_Handler)
    SysTick_Task                             0x08002925   Thumb Code    10  task.o(i.SysTick_Task)
    SystemClock_Config                       0x08002935   Thumb Code   138  main.o(i.SystemClock_Config)
    SystemInit                               0x080029c5   Thumb Code    80  system_stm32wbxx.o(i.SystemInit)
    TIM1_UP_TIM16_IRQHandler                 0x08002a21   Thumb Code    16  stm32wbxx_it.o(i.TIM1_UP_TIM16_IRQHandler)
    TIM_Base_SetConfig                       0x08002a35   Thumb Code   102  stm32wbxx_hal_tim.o(i.TIM_Base_SetConfig)
    Task_Init                                0x08002af1   Thumb Code    30  task.o(i.Task_Init)
    UsageFault_Handler                       0x08002b19   Thumb Code     2  stm32wbxx_it.o(i.UsageFault_Handler)
    main                                     0x08002b3d   Thumb Code    58  main.o(i.main)
    _fp_init                                 0x08002b7d   Thumb Code    10  fpinit.o(x$fpl$fpinit)
    __fplib_config_fpu_vfp                   0x08002b85   Thumb Code     0  fpinit.o(x$fpl$fpinit)
    __fplib_config_pureend_doubles           0x08002b85   Thumb Code     0  fpinit.o(x$fpl$fpinit)
    AHBPrescTable                            0x08002bb4   Data          64  system_stm32wbxx.o(.constdata)
    MSIRangeTable                            0x08002bf4   Data          64  system_stm32wbxx.o(.constdata)
    Region$$Table$$Base                      0x08002c84   Number         0  anon$$obj.o(Region$$Table)
    Region$$Table$$Limit                     0x08002ca4   Number         0  anon$$obj.o(Region$$Table)
    uwTickFreq                               0x20000008   Data           1  stm32wbxx_hal.o(.data)
    uwTickPrio                               0x2000000c   Data           4  stm32wbxx_hal.o(.data)
    uwTick                                   0x20000010   Data           4  stm32wbxx_hal.o(.data)
    SystemCoreClock                          0x20000014   Data           4  system_stm32wbxx.o(.data)
    g_systemTick                             0x20000018   Data           4  task.o(.data)
    hdma_memtomem_dma1_channel3              0x2000002c   Data          96  dma.o(.bss)
    hspi1                                    0x2000008c   Data         100  spi.o(.bss)
    hdma_spi1_tx                             0x200000f0   Data          96  spi.o(.bss)
    hdma_spi1_rx                             0x20000150   Data          96  spi.o(.bss)
    htim16                                   0x200001b0   Data          76  tim.o(.bss)
    g_taskList                               0x200001fc   Data          80  task.o(.bss)
    __libspace_start                         0x2000f60c   Data          96  libspace.o(.bss)
    __temporary_stack_top$libspace           0x2000f66c   Data           0  libspace.o(.bss)



==============================================================================

Memory Map of the image

  Image Entry point : 0x0800013d

  Load Region LR_IROM1 (Base: 0x08000000, Size: 0x00002cc8, Max: 0x00080000, ABSOLUTE)

    Execution Region ER_IROM1 (Exec base: 0x08000000, Load base: 0x08000000, Size: 0x00002ca4, Max: 0x00080000, ABSOLUTE)

    Exec Addr    Load Addr    Size         Type   Attr      Idx    E Section Name        Object

    0x08000000   0x08000000   0x0000013c   Data   RO            3    RESET               startup_stm32wb55xx_cm4.o
    0x0800013c   0x0800013c   0x00000008   Code   RO         4064  * !!!main             c_w.l(__main.o)
    0x08000144   0x08000144   0x00000034   Code   RO         4221    !!!scatter          c_w.l(__scatter.o)
    0x08000178   0x08000178   0x0000001a   Code   RO         4223    !!handler_copy      c_w.l(__scatter_copy.o)
    0x08000192   0x08000192   0x00000002   PAD
    0x08000194   0x08000194   0x0000001c   Code   RO         4225    !!handler_zi        c_w.l(__scatter_zi.o)
    0x080001b0   0x080001b0   0x00000002   Code   RO         4091    .ARM.Collect$$libinit$$00000000  c_w.l(libinit.o)
    0x080001b2   0x080001b2   0x00000004   Code   RO         4097    .ARM.Collect$$libinit$$00000001  c_w.l(libinit2.o)
    0x080001b6   0x080001b6   0x00000000   Code   RO         4100    .ARM.Collect$$libinit$$00000004  c_w.l(libinit2.o)
    0x080001b6   0x080001b6   0x00000000   Code   RO         4103    .ARM.Collect$$libinit$$0000000A  c_w.l(libinit2.o)
    0x080001b6   0x080001b6   0x00000000   Code   RO         4105    .ARM.Collect$$libinit$$0000000C  c_w.l(libinit2.o)
    0x080001b6   0x080001b6   0x00000000   Code   RO         4107    .ARM.Collect$$libinit$$0000000E  c_w.l(libinit2.o)
    0x080001b6   0x080001b6   0x00000000   Code   RO         4110    .ARM.Collect$$libinit$$00000011  c_w.l(libinit2.o)
    0x080001b6   0x080001b6   0x00000000   Code   RO         4112    .ARM.Collect$$libinit$$00000013  c_w.l(libinit2.o)
    0x080001b6   0x080001b6   0x00000000   Code   RO         4114    .ARM.Collect$$libinit$$00000015  c_w.l(libinit2.o)
    0x080001b6   0x080001b6   0x00000000   Code   RO         4116    .ARM.Collect$$libinit$$00000017  c_w.l(libinit2.o)
    0x080001b6   0x080001b6   0x00000000   Code   RO         4118    .ARM.Collect$$libinit$$00000019  c_w.l(libinit2.o)
    0x080001b6   0x080001b6   0x00000000   Code   RO         4120    .ARM.Collect$$libinit$$0000001B  c_w.l(libinit2.o)
    0x080001b6   0x080001b6   0x00000000   Code   RO         4122    .ARM.Collect$$libinit$$0000001D  c_w.l(libinit2.o)
    0x080001b6   0x080001b6   0x00000000   Code   RO         4124    .ARM.Collect$$libinit$$0000001F  c_w.l(libinit2.o)
    0x080001b6   0x080001b6   0x00000000   Code   RO         4126    .ARM.Collect$$libinit$$00000021  c_w.l(libinit2.o)
    0x080001b6   0x080001b6   0x00000000   Code   RO         4128    .ARM.Collect$$libinit$$00000023  c_w.l(libinit2.o)
    0x080001b6   0x080001b6   0x00000000   Code   RO         4130    .ARM.Collect$$libinit$$00000025  c_w.l(libinit2.o)
    0x080001b6   0x080001b6   0x00000000   Code   RO         4134    .ARM.Collect$$libinit$$0000002C  c_w.l(libinit2.o)
    0x080001b6   0x080001b6   0x00000000   Code   RO         4136    .ARM.Collect$$libinit$$0000002E  c_w.l(libinit2.o)
    0x080001b6   0x080001b6   0x00000000   Code   RO         4138    .ARM.Collect$$libinit$$00000030  c_w.l(libinit2.o)
    0x080001b6   0x080001b6   0x00000000   Code   RO         4140    .ARM.Collect$$libinit$$00000032  c_w.l(libinit2.o)
    0x080001b6   0x080001b6   0x00000002   Code   RO         4141    .ARM.Collect$$libinit$$00000033  c_w.l(libinit2.o)
    0x080001b8   0x080001b8   0x00000002   Code   RO         4161    .ARM.Collect$$libshutdown$$00000000  c_w.l(libshutdown.o)
    0x080001ba   0x080001ba   0x00000000   Code   RO         4174    .ARM.Collect$$libshutdown$$00000002  c_w.l(libshutdown2.o)
    0x080001ba   0x080001ba   0x00000000   Code   RO         4176    .ARM.Collect$$libshutdown$$00000004  c_w.l(libshutdown2.o)
    0x080001ba   0x080001ba   0x00000000   Code   RO         4179    .ARM.Collect$$libshutdown$$00000007  c_w.l(libshutdown2.o)
    0x080001ba   0x080001ba   0x00000000   Code   RO         4182    .ARM.Collect$$libshutdown$$0000000A  c_w.l(libshutdown2.o)
    0x080001ba   0x080001ba   0x00000000   Code   RO         4184    .ARM.Collect$$libshutdown$$0000000C  c_w.l(libshutdown2.o)
    0x080001ba   0x080001ba   0x00000000   Code   RO         4187    .ARM.Collect$$libshutdown$$0000000F  c_w.l(libshutdown2.o)
    0x080001ba   0x080001ba   0x00000002   Code   RO         4188    .ARM.Collect$$libshutdown$$00000010  c_w.l(libshutdown2.o)
    0x080001bc   0x080001bc   0x00000000   Code   RO         4066    .ARM.Collect$$rtentry$$00000000  c_w.l(__rtentry.o)
    0x080001bc   0x080001bc   0x00000000   Code   RO         4068    .ARM.Collect$$rtentry$$00000002  c_w.l(__rtentry2.o)
    0x080001bc   0x080001bc   0x00000006   Code   RO         4080    .ARM.Collect$$rtentry$$00000004  c_w.l(__rtentry4.o)
    0x080001c2   0x080001c2   0x00000000   Code   RO         4070    .ARM.Collect$$rtentry$$00000009  c_w.l(__rtentry2.o)
    0x080001c2   0x080001c2   0x00000004   Code   RO         4071    .ARM.Collect$$rtentry$$0000000A  c_w.l(__rtentry2.o)
    0x080001c6   0x080001c6   0x00000000   Code   RO         4073    .ARM.Collect$$rtentry$$0000000C  c_w.l(__rtentry2.o)
    0x080001c6   0x080001c6   0x00000008   Code   RO         4074    .ARM.Collect$$rtentry$$0000000D  c_w.l(__rtentry2.o)
    0x080001ce   0x080001ce   0x00000002   Code   RO         4095    .ARM.Collect$$rtexit$$00000000  c_w.l(rtexit.o)
    0x080001d0   0x080001d0   0x00000000   Code   RO         4143    .ARM.Collect$$rtexit$$00000002  c_w.l(rtexit2.o)
    0x080001d0   0x080001d0   0x00000004   Code   RO         4144    .ARM.Collect$$rtexit$$00000003  c_w.l(rtexit2.o)
    0x080001d4   0x080001d4   0x00000006   Code   RO         4145    .ARM.Collect$$rtexit$$00000004  c_w.l(rtexit2.o)
    0x080001da   0x080001da   0x00000002   PAD
    0x080001dc   0x080001dc   0x00000040   Code   RO            4    .text               startup_stm32wb55xx_cm4.o
    0x0800021c   0x0800021c   0x0000004e   Code   RO         4060    .text               c_w.l(rt_memclr_w.o)
    0x0800026a   0x0800026a   0x00000006   Code   RO         4062    .text               c_w.l(heapauxi.o)
    0x08000270   0x08000270   0x0000004a   Code   RO         4082    .text               c_w.l(sys_stackheap_outer.o)
    0x080002ba   0x080002ba   0x00000012   Code   RO         4084    .text               c_w.l(exit.o)
    0x080002cc   0x080002cc   0x00000008   Code   RO         4092    .text               c_w.l(libspace.o)
    0x080002d4   0x080002d4   0x0000000c   Code   RO         4153    .text               c_w.l(sys_exit.o)
    0x080002e0   0x080002e0   0x00000002   Code   RO         4164    .text               c_w.l(use_no_semi.o)
    0x080002e2   0x080002e2   0x00000000   Code   RO         4166    .text               c_w.l(indicate_semi.o)
    0x080002e2   0x080002e2   0x00000002   Code   RO          380    i.BusFault_Handler  stm32wbxx_it.o
    0x080002e4   0x080002e4   0x0000000c   Code   RO          381    i.DMA1_Channel1_IRQHandler  stm32wbxx_it.o
    0x080002f0   0x080002f0   0x0000000c   Code   RO          382    i.DMA1_Channel2_IRQHandler  stm32wbxx_it.o
    0x080002fc   0x080002fc   0x0000000c   Code   RO          383    i.DMA1_Channel3_IRQHandler  stm32wbxx_it.o
    0x08000308   0x08000308   0x00000040   Code   RO         1330    i.DMA_CalcDMAMUXChannelBaseAndMask  stm32wbxx_hal_dma.o
    0x08000348   0x08000348   0x00000028   Code   RO         1331    i.DMA_CalcDMAMUXRequestGenBaseAndMask  stm32wbxx_hal_dma.o
    0x08000370   0x08000370   0x0000003e   Code   RO         1332    i.DMA_SetConfig     stm32wbxx_hal_dma.o
    0x080003ae   0x080003ae   0x00000002   Code   RO          384    i.DebugMon_Handler  stm32wbxx_it.o
    0x080003b0   0x080003b0   0x00000004   Code   RO           13    i.Error_Handler     main.o
    0x080003b4   0x080003b4   0x00000070   Code   RO         1334    i.HAL_DMA_Abort_IT  stm32wbxx_hal_dma.o
    0x08000424   0x08000424   0x000000ba   Code   RO         1338    i.HAL_DMA_IRQHandler  stm32wbxx_hal_dma.o
    0x080004de   0x080004de   0x00000002   PAD
    0x080004e0   0x080004e0   0x000000c4   Code   RO         1339    i.HAL_DMA_Init      stm32wbxx_hal_dma.o
    0x080005a4   0x080005a4   0x0000004a   Code   RO         1341    i.HAL_DMA_RegisterCallback  stm32wbxx_hal_dma.o
    0x080005ee   0x080005ee   0x0000008c   Code   RO         1343    i.HAL_DMA_Start_IT  stm32wbxx_hal_dma.o
    0x0800067a   0x0800067a   0x00000002   PAD
    0x0800067c   0x0800067c   0x00000024   Code   RO         2084    i.HAL_Delay         stm32wbxx_hal.o
    0x080006a0   0x080006a0   0x00000200   Code   RO         1243    i.HAL_GPIO_Init     stm32wbxx_hal_gpio.o
    0x080008a0   0x080008a0   0x00000010   Code   RO         1246    i.HAL_GPIO_TogglePin  stm32wbxx_hal_gpio.o
    0x080008b0   0x080008b0   0x0000000a   Code   RO         1248    i.HAL_GPIO_WritePin  stm32wbxx_hal_gpio.o
    0x080008ba   0x080008ba   0x00000002   PAD
    0x080008bc   0x080008bc   0x0000000c   Code   RO         2088    i.HAL_GetTick       stm32wbxx_hal.o
    0x080008c8   0x080008c8   0x0000000c   Code   RO         2090    i.HAL_GetTickPrio   stm32wbxx_hal.o
    0x080008d4   0x080008d4   0x00000010   Code   RO         2094    i.HAL_IncTick       stm32wbxx_hal.o
    0x080008e4   0x080008e4   0x0000002c   Code   RO         2095    i.HAL_Init          stm32wbxx_hal.o
    0x08000910   0x08000910   0x00000040   Code   RO         2096    i.HAL_InitTick      stm32wbxx_hal.o
    0x08000950   0x08000950   0x00000002   Code   RO          486    i.HAL_MspInit       stm32wbxx_hal_msp.o
    0x08000952   0x08000952   0x0000001a   Code   RO         1943    i.HAL_NVIC_EnableIRQ  stm32wbxx_hal_cortex.o
    0x0800096c   0x0800096c   0x00000040   Code   RO         1948    i.HAL_NVIC_SetPriority  stm32wbxx_hal_cortex.o
    0x080009ac   0x080009ac   0x00000024   Code   RO         1949    i.HAL_NVIC_SetPriorityGrouping  stm32wbxx_hal_cortex.o
    0x080009d0   0x080009d0   0x00000010   Code   RO         1642    i.HAL_PWREx_GetVoltageRange  stm32wbxx_hal_pwr_ex.o
    0x080009e0   0x080009e0   0x00000010   Code   RO         1490    i.HAL_PWR_EnableBkUpAccess  stm32wbxx_hal_pwr.o
    0x080009f0   0x080009f0   0x00000212   Code   RO          710    i.HAL_RCCEx_PeriphCLKConfig  stm32wbxx_hal_rcc_ex.o
    0x08000c02   0x08000c02   0x00000002   PAD
    0x08000c04   0x08000c04   0x000001fc   Code   RO          511    i.HAL_RCC_ClockConfig  stm32wbxx_hal_rcc.o
    0x08000e00   0x08000e00   0x00000024   Code   RO          517    i.HAL_RCC_GetHCLKFreq  stm32wbxx_hal_rcc.o
    0x08000e24   0x08000e24   0x00000094   Code   RO          522    i.HAL_RCC_GetSysClockFreq  stm32wbxx_hal_rcc.o
    0x08000eb8   0x08000eb8   0x00000570   Code   RO          525    i.HAL_RCC_OscConfig  stm32wbxx_hal_rcc.o
    0x08001428   0x08001428   0x00000002   Code   RO         2426    i.HAL_SPI_ErrorCallback  stm32wbxx_hal_spi.o
    0x0800142a   0x0800142a   0x00000006   Code   RO         2428    i.HAL_SPI_GetState  stm32wbxx_hal_spi.o
    0x08001430   0x08001430   0x000000fc   Code   RO         2429    i.HAL_SPI_IRQHandler  stm32wbxx_hal_spi.o
    0x0800152c   0x0800152c   0x000000e0   Code   RO         2430    i.HAL_SPI_Init      stm32wbxx_hal_spi.o
    0x0800160c   0x0800160c   0x000000a8   Code   RO          290    i.HAL_SPI_MspInit   spi.o
    0x080016b4   0x080016b4   0x0000018e   Code   RO         2438    i.HAL_SPI_Transmit  stm32wbxx_hal_spi.o
    0x08001842   0x08001842   0x00000002   PAD
    0x08001844   0x08001844   0x00000114   Code   RO         2442    i.HAL_SPI_Transmit_DMA  stm32wbxx_hal_spi.o
    0x08001958   0x08001958   0x00000024   Code   RO         3898    i.HAL_SPI_TxCpltCallback  lcd.o
    0x0800197c   0x0800197c   0x00000002   Code   RO         2445    i.HAL_SPI_TxHalfCpltCallback  stm32wbxx_hal_spi.o
    0x0800197e   0x0800197e   0x00000028   Code   RO         1953    i.HAL_SYSTICK_Config  stm32wbxx_hal_cortex.o
    0x080019a6   0x080019a6   0x00000002   Code   RO         3486    i.HAL_TIMEx_Break2Callback  stm32wbxx_hal_tim_ex.o
    0x080019a8   0x080019a8   0x00000002   Code   RO         3487    i.HAL_TIMEx_BreakCallback  stm32wbxx_hal_tim_ex.o
    0x080019aa   0x080019aa   0x00000002   Code   RO         3488    i.HAL_TIMEx_CommutCallback  stm32wbxx_hal_tim_ex.o
    0x080019ac   0x080019ac   0x00000062   Code   RO         2772    i.HAL_TIM_Base_Init  stm32wbxx_hal_tim.o
    0x08001a0e   0x08001a0e   0x00000002   PAD
    0x08001a10   0x08001a10   0x00000038   Code   RO          336    i.HAL_TIM_Base_MspInit  tim.o
    0x08001a48   0x08001a48   0x00000050   Code   RO         2777    i.HAL_TIM_Base_Start_IT  stm32wbxx_hal_tim.o
    0x08001a98   0x08001a98   0x00000002   Code   RO         2806    i.HAL_TIM_IC_CaptureCallback  stm32wbxx_hal_tim.o
    0x08001a9a   0x08001a9a   0x0000014a   Code   RO         2820    i.HAL_TIM_IRQHandler  stm32wbxx_hal_tim.o
    0x08001be4   0x08001be4   0x00000002   Code   RO         2823    i.HAL_TIM_OC_DelayElapsedCallback  stm32wbxx_hal_tim.o
    0x08001be6   0x08001be6   0x00000002   Code   RO         2850    i.HAL_TIM_PWM_PulseFinishedCallback  stm32wbxx_hal_tim.o
    0x08001be8   0x08001be8   0x00000002   Code   RO         2858    i.HAL_TIM_PeriodElapsedCallback  stm32wbxx_hal_tim.o
    0x08001bea   0x08001bea   0x00000002   Code   RO         2863    i.HAL_TIM_TriggerCallback  stm32wbxx_hal_tim.o
    0x08001bec   0x08001bec   0x00000002   Code   RO          385    i.HardFault_Handler  stm32wbxx_it.o
    0x08001bee   0x08001bee   0x00000002   PAD
    0x08001bf0   0x08001bf0   0x000000c8   Code   RO         3900    i.LCD_Address_Set_Fast  lcd.o
    0x08001cb8   0x08001cb8   0x00000060   Code   RO         3904    i.LCD_Mem_DMA_Init_Callback  lcd.o
    0x08001d18   0x08001d18   0x00000068   Code   RO         3908    i.LCD_RefreshRate_Test_Init  lcd.o
    0x08001d80   0x08001d80   0x0000007c   Code   RO         3909    i.LCD_RefreshRate_Test_Process  lcd.o
    0x08001dfc   0x08001dfc   0x00000028   Code   RO         3910    i.LCD_RefreshRate_Test_Run  lcd.o
    0x08001e24   0x08001e24   0x00000074   Code   RO         3911    i.LCD_RefreshRate_Test_Start  lcd.o
    0x08001e98   0x08001e98   0x00000014   Code   RO         3912    i.LCD_SPI_Transmit  lcd.o
    0x08001eac   0x08001eac   0x00000044   Code   RO         3913    i.LCD_WR_CMD        lcd.o
    0x08001ef0   0x08001ef0   0x00000038   Code   RO         3914    i.LCD_WR_DATA       lcd.o
    0x08001f28   0x08001f28   0x00000014   Code   RO          233    i.LL_AHB1_GRP1_EnableClock  dma.o
    0x08001f3c   0x08001f3c   0x00000014   Code   RO          201    i.LL_AHB2_GRP1_EnableClock  gpio.o
    0x08001f50   0x08001f50   0x0000000c   Code   RO          527    i.LL_RCC_GetSysClkSource  stm32wbxx_hal_rcc.o
    0x08001f5c   0x08001f5c   0x00000012   Code   RO          528    i.LL_RCC_HSI_SetCalibTrimming  stm32wbxx_hal_rcc.o
    0x08001f6e   0x08001f6e   0x0000000e   Code   RO          720    i.LL_RCC_LSE_IsReady  stm32wbxx_hal_rcc_ex.o
    0x08001f7c   0x08001f7c   0x0000000e   Code   RO          529    i.LL_RCC_LSI1_IsReady  stm32wbxx_hal_rcc.o
    0x08001f8a   0x08001f8a   0x00000012   Code   RO          530    i.LL_RCC_MSI_GetRange  stm32wbxx_hal_rcc.o
    0x08001f9c   0x08001f9c   0x0000000c   Code   RO          531    i.LL_RCC_MSI_IsReady  stm32wbxx_hal_rcc.o
    0x08001fa8   0x08001fa8   0x00000012   Code   RO          532    i.LL_RCC_MSI_SetCalibTrimming  stm32wbxx_hal_rcc.o
    0x08001fba   0x08001fba   0x00000010   Code   RO          533    i.LL_RCC_MSI_SetRange  stm32wbxx_hal_rcc.o
    0x08001fca   0x08001fca   0x0000000e   Code   RO          724    i.LL_RCC_PLLSAI1_Disable  stm32wbxx_hal_rcc_ex.o
    0x08001fd8   0x08001fd8   0x0000000e   Code   RO          725    i.LL_RCC_PLLSAI1_Enable  stm32wbxx_hal_rcc_ex.o
    0x08001fe6   0x08001fe6   0x0000000c   Code   RO          727    i.LL_RCC_PLLSAI1_IsReady  stm32wbxx_hal_rcc_ex.o
    0x08001ff2   0x08001ff2   0x0000000c   Code   RO          534    i.LL_RCC_PLL_GetMainSource  stm32wbxx_hal_rcc.o
    0x08001ffe   0x08001ffe   0x00000012   Code   RO          731    i.LL_RCC_SetCLK48ClockSource  stm32wbxx_hal_rcc_ex.o
    0x08002010   0x08002010   0x0000001e   Code   RO          732    i.LL_RCC_SetI2CClockSource  stm32wbxx_hal_rcc_ex.o
    0x0800202e   0x0800202e   0x00000016   Code   RO          733    i.LL_RCC_SetLPTIMClockSource  stm32wbxx_hal_rcc_ex.o
    0x08002044   0x08002044   0x00000012   Code   RO          734    i.LL_RCC_SetRNGClockSource  stm32wbxx_hal_rcc_ex.o
    0x08002056   0x08002056   0x00000002   PAD
    0x08002058   0x08002058   0x000001c4   Code   RO         3919    i.Lcd_Init          lcd.o
    0x0800221c   0x0800221c   0x00000074   Code   RO          234    i.MX_DMA_Init       dma.o
    0x08002290   0x08002290   0x000000d0   Code   RO          202    i.MX_GPIO_Init      gpio.o
    0x08002360   0x08002360   0x00000050   Code   RO          291    i.MX_SPI1_Init      spi.o
    0x080023b0   0x080023b0   0x00000038   Code   RO          337    i.MX_TIM16_Init     tim.o
    0x080023e8   0x080023e8   0x00000002   Code   RO          386    i.MemManage_Handler  stm32wbxx_it.o
    0x080023ea   0x080023ea   0x00000002   Code   RO          387    i.NMI_Handler       stm32wbxx_it.o
    0x080023ec   0x080023ec   0x00000002   Code   RO          388    i.PendSV_Handler    stm32wbxx_it.o
    0x080023ee   0x080023ee   0x0000002c   Code   RO           14    i.PeriphCommonClock_Config  main.o
    0x0800241a   0x0800241a   0x00000074   Code   RO          735    i.RCCEx_PLLSAI1_ConfigNP  stm32wbxx_hal_rcc_ex.o
    0x0800248e   0x0800248e   0x00000074   Code   RO          736    i.RCCEx_PLLSAI1_ConfigNQ  stm32wbxx_hal_rcc_ex.o
    0x08002502   0x08002502   0x00000074   Code   RO          737    i.RCCEx_PLLSAI1_ConfigNR  stm32wbxx_hal_rcc_ex.o
    0x08002576   0x08002576   0x00000002   PAD
    0x08002578   0x08002578   0x00000090   Code   RO          535    i.RCC_SetFlashLatency  stm32wbxx_hal_rcc.o
    0x08002608   0x08002608   0x0000004c   Code   RO          536    i.RCC_SetFlashLatencyFromMSIRange  stm32wbxx_hal_rcc.o
    0x08002654   0x08002654   0x0000000c   Code   RO          389    i.SPI1_IRQHandler   stm32wbxx_it.o
    0x08002660   0x08002660   0x00000012   Code   RO         2457    i.SPI_DMAAbortOnError  stm32wbxx_hal_spi.o
    0x08002672   0x08002672   0x00000022   Code   RO         2458    i.SPI_DMAError      stm32wbxx_hal_spi.o
    0x08002694   0x08002694   0x0000000a   Code   RO         2460    i.SPI_DMAHalfTransmitCplt  stm32wbxx_hal_spi.o
    0x0800269e   0x0800269e   0x00000064   Code   RO         2464    i.SPI_DMATransmitCplt  stm32wbxx_hal_spi.o
    0x08002702   0x08002702   0x00000048   Code   RO         2468    i.SPI_EndRxTxTransaction  stm32wbxx_hal_spi.o
    0x0800274a   0x0800274a   0x00000002   PAD
    0x0800274c   0x0800274c   0x000000e0   Code   RO         2473    i.SPI_WaitFifoStateUntilTimeout  stm32wbxx_hal_spi.o
    0x0800282c   0x0800282c   0x000000b8   Code   RO         2474    i.SPI_WaitFlagStateUntilTimeout  stm32wbxx_hal_spi.o
    0x080028e4   0x080028e4   0x00000002   Code   RO          390    i.SVC_Handler       stm32wbxx_it.o
    0x080028e6   0x080028e6   0x00000002   PAD
    0x080028e8   0x080028e8   0x00000038   Code   RO         3822    i.Scheduler_Run     task.o
    0x08002920   0x08002920   0x00000004   Code   RO          391    i.SysTick_Handler   stm32wbxx_it.o
    0x08002924   0x08002924   0x00000010   Code   RO         3823    i.SysTick_Task      task.o
    0x08002934   0x08002934   0x00000090   Code   RO           15    i.SystemClock_Config  main.o
    0x080029c4   0x080029c4   0x0000005c   Code   RO         3784    i.SystemInit        system_stm32wbxx.o
    0x08002a20   0x08002a20   0x00000014   Code   RO          392    i.TIM1_UP_TIM16_IRQHandler  stm32wbxx_it.o
    0x08002a34   0x08002a34   0x00000074   Code   RO         2865    i.TIM_Base_SetConfig  stm32wbxx_hal_tim.o
    0x08002aa8   0x08002aa8   0x0000000c   Code   RO         3824    i.Task1             task.o
    0x08002ab4   0x08002ab4   0x0000000c   Code   RO         3825    i.Task2             task.o
    0x08002ac0   0x08002ac0   0x00000010   Code   RO         3826    i.Task3             task.o
    0x08002ad0   0x08002ad0   0x00000010   Code   RO         3827    i.Task4             task.o
    0x08002ae0   0x08002ae0   0x00000010   Code   RO         3828    i.Task5             task.o
    0x08002af0   0x08002af0   0x00000028   Code   RO         3829    i.Task_Init         task.o
    0x08002b18   0x08002b18   0x00000002   Code   RO          393    i.UsageFault_Handler  stm32wbxx_it.o
    0x08002b1a   0x08002b1a   0x00000020   Code   RO         1955    i.__NVIC_SetPriority  stm32wbxx_hal_cortex.o
    0x08002b3a   0x08002b3a   0x00000002   PAD
    0x08002b3c   0x08002b3c   0x00000040   Code   RO           16    i.main              main.o
    0x08002b7c   0x08002b7c   0x0000000a   Code   RO         4151    x$fpl$fpinit        fz_wm.l(fpinit.o)
    0x08002b86   0x08002b86   0x00000002   PAD
    0x08002b88   0x08002b88   0x0000002c   Data   RO          537    .constdata          stm32wbxx_hal_rcc.o
    0x08002bb4   0x08002bb4   0x00000080   Data   RO         3785    .constdata          system_stm32wbxx.o
    0x08002c34   0x08002c34   0x00000050   Data   RO         3831    .constdata          task.o
    0x08002c84   0x08002c84   0x00000020   Data   RO         4219    Region$$Table       anon$$obj.o


    Execution Region RW_IRAM1 (Exec base: 0x20000008, Load base: 0x08002ca4, Size: 0x0000fc68, Max: 0x0002fff8, ABSOLUTE)

    Exec Addr    Load Addr    Size         Type   Attr      Idx    E Section Name        Object

    0x20000008   0x08002ca4   0x0000000c   Data   RW         2117    .data               stm32wbxx_hal.o
    0x20000014   0x08002cb0   0x00000004   Data   RW         3788    .data               system_stm32wbxx.o
    0x20000018   0x08002cb4   0x00000004   Data   RW         3832    .data               task.o
    0x2000001c   0x08002cb8   0x00000010   Data   RW         3923    .data               lcd.o
    0x2000002c        -       0x00000060   Zero   RW          235    .bss                dma.o
    0x2000008c        -       0x000000c4   Zero   RW          292    .bss                spi.o
    0x20000150        -       0x00000060   Zero   RW          293    .bss                spi.o
    0x200001b0        -       0x0000004c   Zero   RW          338    .bss                tim.o
    0x200001fc        -       0x00000050   Zero   RW         3830    .bss                task.o
    0x2000024c        -       0x0000f3c0   Zero   RW         3922    .bss                lcd.o
    0x2000f60c        -       0x00000060   Zero   RW         4093    .bss                c_w.l(libspace.o)
    0x2000f66c   0x08002cc8   0x00000004   PAD
    0x2000f670        -       0x00000200   Zero   RW            2    HEAP                startup_stm32wb55xx_cm4.o
    0x2000f870        -       0x00000400   Zero   RW            1    STACK               startup_stm32wb55xx_cm4.o


    Execution Region RW_RAM_SHARED (Exec base: 0x20030000, Load base: 0x08002cc8, Size: 0x00000000, Max: 0x00002800, ABSOLUTE)

    **** No section assigned to this execution region ****


==============================================================================

Image component sizes


      Code (inc. data)   RO Data    RW Data    ZI Data      Debug   Object Name

       136          8          0          0         96      10636   dma.o
       228          8          0          0          0      10499   gpio.o
      1312        122          0         16      62400       7873   lcd.o
       256         12          0          0          0     669245   main.o
       248         28          0          0        292      11255   spi.o
        64         26        316          0       1536        836   startup_stm32wb55xx_cm4.o
       184         28          0         12          0      17827   stm32wbxx_hal.o
       198         14          0          0          0      33751   stm32wbxx_hal_cortex.o
       874         30          0          0          0       6481   stm32wbxx_hal_dma.o
       538         24          0          0          0       2833   stm32wbxx_hal_gpio.o
         2          0          0          0          0        450   stm32wbxx_hal_msp.o
        16          4          0          0          0        531   stm32wbxx_hal_pwr.o
        16          6          0          0          0        560   stm32wbxx_hal_pwr_ex.o
      2424         68         44          0          0      45026   stm32wbxx_hal_rcc.o
      1020          0          0          0          0      39812   stm32wbxx_hal_rcc_ex.o
      1802         30          0          0          0      11818   stm32wbxx_hal_spi.o
       634         24          0          0          0       7429   stm32wbxx_hal_tim.o
         6          0          0          0          0       2428   stm32wbxx_hal_tim_ex.o
        88         28          0          0          0       6408   stm32wbxx_it.o
        92         12        128          4          0       1244   system_stm32wbxx.o
       184         52         80          4         80       4561   task.o
       112         14          0          0         76      11020   tim.o

    ----------------------------------------------------------------------
     10458        538        600         36      64480     902523   Object Totals
         0          0         32          0          0          0   (incl. Generated)
        24          0          0          0          0          0   (incl. Padding)

    ----------------------------------------------------------------------

      Code (inc. data)   RO Data    RW Data    ZI Data      Debug   Library Member Name

         8          0          0          0          0         68   __main.o
         0          0          0          0          0          0   __rtentry.o
        12          0          0          0          0          0   __rtentry2.o
         6          0          0          0          0          0   __rtentry4.o
        52          8          0          0          0          0   __scatter.o
        26          0          0          0          0          0   __scatter_copy.o
        28          0          0          0          0          0   __scatter_zi.o
        18          0          0          0          0         80   exit.o
         6          0          0          0          0        152   heapauxi.o
         0          0          0          0          0          0   indicate_semi.o
         2          0          0          0          0          0   libinit.o
         6          0          0          0          0          0   libinit2.o
         2          0          0          0          0          0   libshutdown.o
         2          0          0          0          0          0   libshutdown2.o
         8          4          0          0         96         68   libspace.o
        78          0          0          0          0         80   rt_memclr_w.o
         2          0          0          0          0          0   rtexit.o
        10          0          0          0          0          0   rtexit2.o
        12          4          0          0          0         68   sys_exit.o
        74          0          0          0          0         80   sys_stackheap_outer.o
         2          0          0          0          0         68   use_no_semi.o
        10          0          0          0          0        116   fpinit.o

    ----------------------------------------------------------------------
       370         16          0          0        100        780   Library Totals
         6          0          0          0          4          0   (incl. Padding)

    ----------------------------------------------------------------------

      Code (inc. data)   RO Data    RW Data    ZI Data      Debug   Library Name

       354         16          0          0         96        664   c_w.l
        10          0          0          0          0        116   fz_wm.l

    ----------------------------------------------------------------------
       370         16          0          0        100        780   Library Totals

    ----------------------------------------------------------------------

==============================================================================


      Code (inc. data)   RO Data    RW Data    ZI Data      Debug   

     10828        554        600         36      64580     891495   Grand Totals
     10828        554        600         36      64580     891495   ELF Image Totals
     10828        554        600         36          0          0   ROM Totals

==============================================================================

    Total RO  Size (Code + RO Data)                11428 (  11.16kB)
    Total RW  Size (RW Data + ZI Data)             64616 (  63.10kB)
    Total ROM Size (Code + RO Data + RW Data)      11464 (  11.20kB)

==============================================================================

